Archive member included to satisfy reference by file (symbol)

d:/gcc-arm-none-eabi/bin/../lib/gcc/arm-none-eabi/10.3.1\libgcc.a(_arm_muldf3.o)
                              CMakeFiles/MYCAR-CLION.elf.dir/SYSTEM/Src/myconfig.c.obj (__aeabi_dmul)
d:/gcc-arm-none-eabi/bin/../lib/gcc/arm-none-eabi/10.3.1\libgcc.a(_arm_addsubdf3.o)
                              CMakeFiles/MYCAR-CLION.elf.dir/SYSTEM/Src/myconfig.c.obj (__aeabi_i2d)
d:/gcc-arm-none-eabi/bin/../lib/gcc/arm-none-eabi/10.3.1\libgcc.a(_arm_muldivdf3.o)
                              CMakeFiles/MYCAR-CLION.elf.dir/SYSTEM/Src/myconfig.c.obj (__aeabi_ddiv)
d:/gcc-arm-none-eabi/bin/../lib/gcc/arm-none-eabi/10.3.1\libgcc.a(_arm_truncdfsf2.o)
                              CMakeFiles/MYCAR-CLION.elf.dir/SYSTEM/Src/myconfig.c.obj (__aeabi_d2f)
d:/gcc-arm-none-eabi/bin/../lib/gcc/arm-none-eabi/10.3.1/../../../../arm-none-eabi/lib\libg.a(lib_a-errno.o)
                              CMakeFiles/MYCAR-CLION.elf.dir/Users/Src/syscalls.c.obj (__errno)
d:/gcc-arm-none-eabi/bin/../lib/gcc/arm-none-eabi/10.3.1/../../../../arm-none-eabi/lib\libg.a(lib_a-exit.o)
                              d:/gcc-arm-none-eabi/bin/../lib/gcc/arm-none-eabi/10.3.1/../../../../arm-none-eabi/lib/crt0.o (exit)
d:/gcc-arm-none-eabi/bin/../lib/gcc/arm-none-eabi/10.3.1/../../../../arm-none-eabi/lib\libg.a(lib_a-impure.o)
                              d:/gcc-arm-none-eabi/bin/../lib/gcc/arm-none-eabi/10.3.1/../../../../arm-none-eabi/lib\libg.a(lib_a-exit.o) (_global_impure_ptr)
d:/gcc-arm-none-eabi/bin/../lib/gcc/arm-none-eabi/10.3.1/../../../../arm-none-eabi/lib\libg.a(lib_a-init.o)
                              d:/gcc-arm-none-eabi/bin/../lib/gcc/arm-none-eabi/10.3.1/../../../../arm-none-eabi/lib/crt0.o (__libc_init_array)
d:/gcc-arm-none-eabi/bin/../lib/gcc/arm-none-eabi/10.3.1/../../../../arm-none-eabi/lib\libg.a(lib_a-memcpy-stub.o)
                              CMakeFiles/MYCAR-CLION.elf.dir/FreeRTOS/Source/queue.c.obj (memcpy)
d:/gcc-arm-none-eabi/bin/../lib/gcc/arm-none-eabi/10.3.1/../../../../arm-none-eabi/lib\libg.a(lib_a-memset.o)
                              d:/gcc-arm-none-eabi/bin/../lib/gcc/arm-none-eabi/10.3.1/../../../../arm-none-eabi/lib/crt0.o (memset)
d:/gcc-arm-none-eabi/bin/../lib/gcc/arm-none-eabi/10.3.1/../../../../arm-none-eabi/lib\libg.a(lib_a-vsprintf.o)
                              CMakeFiles/MYCAR-CLION.elf.dir/SYSTEM/Src/usart1.c.obj (vsprintf)
d:/gcc-arm-none-eabi/bin/../lib/gcc/arm-none-eabi/10.3.1/../../../../arm-none-eabi/lib\libg.a(lib_a-__call_atexit.o)
                              d:/gcc-arm-none-eabi/bin/../lib/gcc/arm-none-eabi/10.3.1/../../../../arm-none-eabi/lib\libg.a(lib_a-exit.o) (__call_exitprocs)
d:/gcc-arm-none-eabi/bin/../lib/gcc/arm-none-eabi/10.3.1/../../../../arm-none-eabi/lib\libg.a(lib_a-atexit.o)
                              d:/gcc-arm-none-eabi/bin/../lib/gcc/arm-none-eabi/10.3.1/../../../../arm-none-eabi/lib\libg.a(lib_a-__call_atexit.o) (atexit)
d:/gcc-arm-none-eabi/bin/../lib/gcc/arm-none-eabi/10.3.1/../../../../arm-none-eabi/lib\libg.a(lib_a-fini.o)
                              d:/gcc-arm-none-eabi/bin/../lib/gcc/arm-none-eabi/10.3.1/../../../../arm-none-eabi/lib\libg.a(lib_a-__call_atexit.o) (__libc_fini_array)
d:/gcc-arm-none-eabi/bin/../lib/gcc/arm-none-eabi/10.3.1/../../../../arm-none-eabi/lib\libg.a(lib_a-lock.o)
                              d:/gcc-arm-none-eabi/bin/../lib/gcc/arm-none-eabi/10.3.1/../../../../arm-none-eabi/lib\libg.a(lib_a-__call_atexit.o) (__retarget_lock_acquire_recursive)
d:/gcc-arm-none-eabi/bin/../lib/gcc/arm-none-eabi/10.3.1/../../../../arm-none-eabi/lib\libg.a(lib_a-svfprintf.o)
                              d:/gcc-arm-none-eabi/bin/../lib/gcc/arm-none-eabi/10.3.1/../../../../arm-none-eabi/lib\libg.a(lib_a-vsprintf.o) (_svfprintf_r)
d:/gcc-arm-none-eabi/bin/../lib/gcc/arm-none-eabi/10.3.1/../../../../arm-none-eabi/lib\libg.a(lib_a-__atexit.o)
                              d:/gcc-arm-none-eabi/bin/../lib/gcc/arm-none-eabi/10.3.1/../../../../arm-none-eabi/lib\libg.a(lib_a-atexit.o) (__register_exitproc)
d:/gcc-arm-none-eabi/bin/../lib/gcc/arm-none-eabi/10.3.1/../../../../arm-none-eabi/lib\libg.a(lib_a-dtoa.o)
                              d:/gcc-arm-none-eabi/bin/../lib/gcc/arm-none-eabi/10.3.1/../../../../arm-none-eabi/lib\libg.a(lib_a-svfprintf.o) (_dtoa_r)
d:/gcc-arm-none-eabi/bin/../lib/gcc/arm-none-eabi/10.3.1/../../../../arm-none-eabi/lib\libg.a(lib_a-freer.o)
                              d:/gcc-arm-none-eabi/bin/../lib/gcc/arm-none-eabi/10.3.1/../../../../arm-none-eabi/lib\libg.a(lib_a-svfprintf.o) (_free_r)
d:/gcc-arm-none-eabi/bin/../lib/gcc/arm-none-eabi/10.3.1/../../../../arm-none-eabi/lib\libg.a(lib_a-localeconv.o)
                              d:/gcc-arm-none-eabi/bin/../lib/gcc/arm-none-eabi/10.3.1/../../../../arm-none-eabi/lib\libg.a(lib_a-svfprintf.o) (_localeconv_r)
d:/gcc-arm-none-eabi/bin/../lib/gcc/arm-none-eabi/10.3.1/../../../../arm-none-eabi/lib\libg.a(lib_a-mallocr.o)
[...]
Memory Configuration

Name             Origin             Length             Attributes
RAM              0x20000000         0x00005000         xrw
FLASH            0x08000000         0x00010000         xr
*default*        0x00000000         0xffffffff

Linker script and memory map

LOAD d:/gcc-arm-none-eabi/bin/../lib/gcc/arm-none-eabi/10.3.1/crti.o
LOAD d:/gcc-arm-none-eabi/bin/../lib/gcc/arm-none-eabi/10.3.1/crtbegin.o
LOAD d:/gcc-arm-none-eabi/bin/../lib/gcc/arm-none-eabi/10.3.1/../../../../arm-none-eabi/lib/crt0.o
LOAD CMakeFiles/MYCAR-CLION.elf.dir/Core/Src/core_cm3.c.obj
LOAD CMakeFiles/MYCAR-CLION.elf.dir/FreeRTOS/Source/croutine.c.obj
LOAD CMakeFiles/MYCAR-CLION.elf.dir/FreeRTOS/Source/event_groups.c.obj
LOAD CMakeFiles/MYCAR-CLION.elf.dir/FreeRTOS/Source/list.c.obj
LOAD CMakeFiles/MYCAR-CLION.elf.dir/FreeRTOS/Source/portable/GCC/ARM_CM3/port.c.obj
LOAD CMakeFiles/MYCAR-CLION.elf.dir/FreeRTOS/Source/portable/MemMang/heap_4.c.obj
LOAD CMakeFiles/MYCAR-CLION.elf.dir/FreeRTOS/Source/queue.c.obj
LOAD CMakeFiles/MYCAR-CLION.elf.dir/FreeRTOS/Source/tasks.c.obj
LOAD CMakeFiles/MYCAR-CLION.elf.dir/FreeRTOS/Source/timers.c.obj
LOAD CMakeFiles/MYCAR-CLION.elf.dir/STM32F10x_FWLib/Src/misc.c.obj
LOAD CMakeFiles/MYCAR-CLION.elf.dir/STM32F10x_FWLib/Src/stm32f10x_adc.c.obj
LOAD CMakeFiles/MYCAR-CLION.elf.dir/STM32F10x_FWLib/Src/stm32f10x_bkp.c.obj
LOAD CMakeFiles/MYCAR-CLION.elf.dir/STM32F10x_FWLib/Src/stm32f10x_can.c.obj
LOAD CMakeFiles/MYCAR-CLION.elf.dir/STM32F10x_FWLib/Src/stm32f10x_cec.c.obj
LOAD CMakeFiles/MYCAR-CLION.elf.dir/STM32F10x_FWLib/Src/stm32f10x_crc.c.obj
LOAD CMakeFiles/MYCAR-CLION.elf.dir/STM32F10x_FWLib/Src/stm32f10x_dac.c.obj
LOAD CMakeFiles/MYCAR-CLION.elf.dir/STM32F10x_FWLib/Src/stm32f10x_dbgmcu.c.obj
LOAD CMakeFiles/MYCAR-CLION.elf.dir/STM32F10x_FWLib/Src/stm32f10x_dma.c.obj
LOAD CMakeFiles/MYCAR-CLION.elf.dir/STM32F10x_FWLib/Src/stm32f10x_exti.c.obj
LOAD CMakeFiles/MYCAR-CLION.elf.dir/STM32F10x_FWLib/Src/stm32f10x_flash.c.obj
LOAD CMakeFiles/MYCAR-CLION.elf.dir/STM32F10x_FWLib/Src/stm32f10x_fsmc.c.obj
LOAD CMakeFiles/MYCAR-CLION.elf.dir/STM32F10x_FWLib/Src/stm32f10x_gpio.c.obj
LOAD CMakeFiles/MYCAR-CLION.elf.dir/STM32F10x_FWLib/Src/stm32f10x_i2c.c.obj
LOAD CMakeFiles/MYCAR-CLION.elf.dir/STM32F10x_FWLib/Src/stm32f10x_iwdg.c.obj
LOAD CMakeFiles/MYCAR-CLION.elf.dir/STM32F10x_FWLib/Src/stm32f10x_pwr.c.obj
LOAD CMakeFiles/MYCAR-CLION.elf.dir/STM32F10x_FWLib/Src/stm32f10x_rcc.c.obj
LOAD CMakeFiles/MYCAR-CLION.elf.dir/STM32F10x_FWLib/Src/stm32f10x_rtc.c.obj
LOAD CMakeFiles/MYCAR-CLION.elf.dir/STM32F10x_FWLib/Src/stm32f10x_sdio.c.obj
LOAD CMakeFiles/MYCAR-CLION.elf.dir/STM32F10x_FWLib/Src/stm32f10x_spi.c.obj
LOAD CMakeFiles/MYCAR-CLION.elf.dir/STM32F10x_FWLib/Src/stm32f10x_tim.c.obj
LOAD CMakeFiles/MYCAR-CLION.elf.dir/STM32F10x_FWLib/Src/stm32f10x_usart.c.obj
LOAD CMakeFiles/MYCAR-CLION.elf.dir/STM32F10x_FWLib/Src/stm32f10x_wwdg.c.obj
LOAD CMakeFiles/MYCAR-CLION.elf.dir/SYSTEM/Src/OLED.c.obj
LOAD CMakeFiles/MYCAR-CLION.elf.dir/SYSTEM/Src/encoder.c.obj
LOAD CMakeFiles/MYCAR-CLION.elf.dir/SYSTEM/Src/motor.c.obj
LOAD CMakeFiles/MYCAR-CLION.elf.dir/SYSTEM/Src/myconfig.c.obj
LOAD CMakeFiles/MYCAR-CLION.elf.dir/SYSTEM/Src/nvic.c.obj
LOAD CMakeFiles/MYCAR-CLION.elf.dir/SYSTEM/Src/pid.c.obj
LOAD CMakeFiles/MYCAR-CLION.elf.dir/SYSTEM/Src/sys.c.obj
LOAD CMakeFiles/MYCAR-CLION.elf.dir/SYSTEM/Src/systick.c.obj
LOAD CMakeFiles/MYCAR-CLION.elf.dir/SYSTEM/Src/tim1.c.obj
LOAD CMakeFiles/MYCAR-CLION.elf.dir/SYSTEM/Src/tim3.c.obj
LOAD CMakeFiles/MYCAR-CLION.elf.dir/SYSTEM/Src/usart1.c.obj
LOAD CMakeFiles/MYCAR-CLION.elf.dir/Users/Src/main.c.obj
LOAD CMakeFiles/MYCAR-CLION.elf.dir/Users/Src/stm32f10x_it.c.obj
LOAD CMakeFiles/MYCAR-CLION.elf.dir/Users/Src/syscalls.c.obj
LOAD CMakeFiles/MYCAR-CLION.elf.dir/Users/Src/system_stm32f10x.c.obj
LOAD CMakeFiles/MYCAR-CLION.elf.dir/startup/startup_stm32f103xb.s.obj
START GROUP
LOAD d:/gcc-arm-none-eabi/bin/../lib/gcc/arm-none-eabi/10.3.1\libgcc.a
LOAD d:/gcc-arm-none-eabi/bin/../lib/gcc/arm-none-eabi/10.3.1/../../../../arm-none-eabi/lib\libg.a
LOAD d:/gcc-arm-none-eabi/bin/../lib/gcc/arm-none-eabi/10.3.1/../../../../arm-none-eabi/lib\libc.a
END GROUP
LOAD d:/gcc-arm-none-eabi/bin/../lib/gcc/arm-none-eabi/10.3.1/crtend.o
LOAD d:/gcc-arm-none-eabi/bin/../lib/gcc/arm-none-eabi/10.3.1/crtn.o
                0x20005000                _estack = 0x20005000
                0x00000200                _Min_Heap_Size = 0x200
                0x00000400                _Min_Stack_Size = 0x400

.isr_vector     0x08000000      0x10c
                0x08000000                . = ALIGN (0x4)
 *(.isr_vector)
 .isr_vector    0x08000000      0x10c CMakeFiles/MYCAR-CLION.elf.dir/startup/startup_stm32f103xb.s.obj
                0x08000000                g_pfnVectors
                0x0800010c                . = ALIGN (0x4)

.text           0x08000110     0xbb88
                0x08000110                . = ALIGN (0x4)
 *(.text)
 .text          0x08000110       0x70 d:/gcc-arm-none-eabi/bin/../lib/gcc/arm-none-eabi/10.3.1/crtbegin.o
 .text          0x08000180      0x424 d:/gcc-arm-none-eabi/bin/../lib/gcc/arm-none-eabi/10.3.1\libgcc.a(_arm_addsubdf3.o)
                0x08000180                __aeabi_drsub
                0x08000188                __aeabi_dsub
                0x08000188                __subdf3
                0x0800018c                __aeabi_dadd
                0x0800018c                __adddf3
                0x0800049c                __floatunsidf
                0x0800049c                __aeabi_ui2d
                0x080004c0                __floatsidf
                0x080004c0                __aeabi_i2d
                0x080004e8                __aeabi_f2d
                0x080004e8                __extendsfdf2
                0x08000530                __floatundidf
                0x08000530                __aeabi_ul2d
                0x08000544                __floatdidf
                0x08000544                __aeabi_l2d
 .text          0x080005a4      0x49c d:/gcc-arm-none-eabi/bin/../lib/gcc/arm-none-eabi/10.3.1\libgcc.a(_arm_muldivdf3.o)
                0x080005a4                __aeabi_dmul
                0x080005a4                __muldf3
                0x08000834                __divdf3
                0x08000834                __aeabi_ddiv
 .text          0x08000a40      0x114 d:/gcc-arm-none-eabi/bin/../lib/gcc/arm-none-eabi/10.3.1\libgcc.a(_udivsi3.o)
                0x08000a40                __aeabi_uidiv
                0x08000a40                __udivsi3
                0x08000b34                __aeabi_uidivmod
 .text          0x08000b54      0x148 d:/gcc-arm-none-eabi/bin/../lib/gcc/arm-none-eabi/10.3.1\libgcc.a(_divsi3.o)
                0x08000b54                __divsi3
                0x08000b54                __aeabi_idiv
                0x08000c7c                __aeabi_idivmod
 .text          0x08000c9c        0x4 d:/gcc-arm-none-eabi/bin/../lib/gcc/arm-none-eabi/10.3.1\libgcc.a(_dvmd_tls.o)
                0x08000c9c                __aeabi_idiv0
                0x08000c9c                __aeabi_ldiv0
 .text          0x08000ca0      0x144 d:/gcc-arm-none-eabi/bin/../lib/gcc/arm-none-eabi/10.3.1\libgcc.a(_arm_cmpdf2.o)
                0x08000ca0                __gtdf2
                0x08000ca0                __gedf2
                0x08000ca8                __ltdf2
                0x08000ca8                __ledf2
                0x08000cb0                __nedf2
                0x08000cb0                __eqdf2
                0x08000cb0                __cmpdf2
                0x08000d38                __aeabi_cdrcmple
                0x08000d54                __aeabi_cdcmpeq
                0x08000d54                __aeabi_cdcmple
                0x08000d6c                __aeabi_dcmpeq
                0x08000d84                __aeabi_dcmplt
                0x08000d9c                __aeabi_dcmple
                0x08000db4                __aeabi_dcmpge
                0x08000dcc                __aeabi_dcmpgt
 .text          0x08000de4       0x38 d:/gcc-arm-none-eabi/bin/../lib/gcc/arm-none-eabi/10.3.1\libgcc.a(_arm_unorddf2.o)
                0x08000de4                __unorddf2
                0x08000de4                __aeabi_dcmpun
 .text          0x08000e1c       0x5c d:/gcc-arm-none-eabi/bin/../lib/gcc/arm-none-eabi/10.3.1\libgcc.a(_arm_fixdfsi.o)
                0x08000e1c                __aeabi_d2iz
                0x08000e1c                __fixdfsi
 .text          0x08000e78       0x3c d:/gcc-arm-none-eabi/bin/../lib/gcc/arm-none-eabi/10.3.1\libgcc.a(_aeabi_uldivmod.o)
                0x08000e78                __aeabi_uldivmod
 .text          0x08000eb4      0x128 d:/gcc-arm-none-eabi/bin/../lib/gcc/arm-none-eabi/10.3.1\libgcc.a(_udivmoddi4.o)
                0x08000eb4                __udivmoddi4
 .text          0x08000fdc       0x28 d:/gcc-arm-none-eabi/bin/../lib/gcc/arm-none-eabi/10.3.1\libgcc.a(_clzdi2.o)
                0x08000fdc                __clzdi2
 .text          0x08001004       0x48 d:/gcc-arm-none-eabi/bin/../lib/gcc/arm-none-eabi/10.3.1\libgcc.a(_clzsi2.o)
                0x08001004                __clzsi2
 *(.text*)
 .text.NVIC_PriorityGroupConfig
                0x0800104c       0x14 CMakeFiles/MYCAR-CLION.elf.dir/STM32F10x_FWLib/Src/misc.c.obj
                0x0800104c                NVIC_PriorityGroupConfig
 .text.NVIC_Init
                0x08001060       0x64 CMakeFiles/MYCAR-CLION.elf.dir/STM32F10x_FWLib/Src/misc.c.obj
                0x08001060                NVIC_Init
 .text.GPIO_Init
                0x080010c4       0xb2 CMakeFiles/MYCAR-CLION.elf.dir/STM32F10x_FWLib/Src/stm32f10x_gpio.c.obj
                0x080010c4                GPIO_Init
 .text.GPIO_WriteBit
                0x08001176        0xa CMakeFiles/MYCAR-CLION.elf.dir/STM32F10x_FWLib/Src/stm32f10x_gpio.c.obj
                0x08001176                GPIO_WriteBit
 .text.RCC_GetClocksFreq
                0x08001180       0xbc CMakeFiles/MYCAR-CLION.elf.dir/STM32F10x_FWLib/Src/stm32f10x_rcc.c.obj
                0x08001180                RCC_GetClocksFreq
 .text.RCC_APB2PeriphClockCmd
                0x0800123c       0x1c CMakeFiles/MYCAR-CLION.elf.dir/STM32F10x_FWLib/Src/stm32f10x_rcc.c.obj
                0x0800123c                RCC_APB2PeriphClockCmd
 .text.RCC_APB1PeriphClockCmd
                0x08001258       0x1c CMakeFiles/MYCAR-CLION.elf.dir/STM32F10x_FWLib/Src/stm32f10x_rcc.c.obj
                0x08001258                RCC_APB1PeriphClockCmd
 .text.TI1_Config
                0x08001274       0x88 CMakeFiles/MYCAR-CLION.elf.dir/STM32F10x_FWLib/Src/stm32f10x_tim.c.obj
 .text.TI2_Config
                0x080012fc       0x94 CMakeFiles/MYCAR-CLION.elf.dir/STM32F10x_FWLib/Src/stm32f10x_tim.c.obj
 .text.TI3_Config
                0x08001390       0x84 CMakeFiles/MYCAR-CLION.elf.dir/STM32F10x_FWLib/Src/stm32f10x_tim.c.obj
 .text.TI4_Config
                0x08001414       0x98 CMakeFiles/MYCAR-CLION.elf.dir/STM32F10x_FWLib/Src/stm32f10x_tim.c.obj
 .text.TIM_TimeBaseInit
                0x080014ac       0x94 CMakeFiles/MYCAR-CLION.elf.dir/STM32F10x_FWLib/Src/stm32f10x_tim.c.obj
                0x080014ac                TIM_TimeBaseInit
 .text.TIM_OC1Init
                0x08001540       0x90 CMakeFiles/MYCAR-CLION.elf.dir/STM32F10x_FWLib/Src/stm32f10x_tim.c.obj
                0x08001540                TIM_OC1Init
 .text.TIM_OC4Init
                0x080015d0       0x80 CMakeFiles/MYCAR-CLION.elf.dir/STM32F10x_FWLib/Src/stm32f10x_tim.c.obj
                0x080015d0                TIM_OC4Init
 .text.TIM_TimeBaseStructInit
                0x08001650       0x12 CMakeFiles/MYCAR-CLION.elf.dir/STM32F10x_FWLib/Src/stm32f10x_tim.c.obj
                0x08001650                TIM_TimeBaseStructInit
 .text.TIM_ICStructInit
                0x08001662       0x10 CMakeFiles/MYCAR-CLION.elf.dir/STM32F10x_FWLib/Src/stm32f10x_tim.c.obj
                0x08001662                TIM_ICStructInit
 .text.TIM_Cmd  0x08001672       0x1c CMakeFiles/MYCAR-CLION.elf.dir/STM32F10x_FWLib/Src/stm32f10x_tim.c.obj
                0x08001672                TIM_Cmd
 .text.TIM_CtrlPWMOutputs
                0x0800168e       0x24 CMakeFiles/MYCAR-CLION.elf.dir/STM32F10x_FWLib/Src/stm32f10x_tim.c.obj
                0x0800168e                TIM_CtrlPWMOutputs
 .text.TIM_ITConfig
                0x080016b2       0x18 CMakeFiles/MYCAR-CLION.elf.dir/STM32F10x_FWLib/Src/stm32f10x_tim.c.obj
                0x080016b2                TIM_ITConfig
 .text.TIM_EncoderInterfaceConfig
                0x080016ca       0x46 CMakeFiles/MYCAR-CLION.elf.dir/STM32F10x_FWLib/Src/stm32f10x_tim.c.obj
                0x080016ca                TIM_EncoderInterfaceConfig
 .text.TIM_ARRPreloadConfig
                0x08001710       0x1c CMakeFiles/MYCAR-CLION.elf.dir/STM32F10x_FWLib/Src/stm32f10x_tim.c.obj
                0x08001710                TIM_ARRPreloadConfig
 .text.TIM_OC1PreloadConfig
                0x0800172c        0xe CMakeFiles/MYCAR-CLION.elf.dir/STM32F10x_FWLib/Src/stm32f10x_tim.c.obj
                0x0800172c                TIM_OC1PreloadConfig
 .text.TIM_OC4PreloadConfig
                0x0800173a       0x12 CMakeFiles/MYCAR-CLION.elf.dir/STM32F10x_FWLib/Src/stm32f10x_tim.c.obj
                0x0800173a                TIM_OC4PreloadConfig
 .text.TIM_SetCounter
                0x0800174c        0x4 CMakeFiles/MYCAR-CLION.elf.dir/STM32F10x_FWLib/Src/stm32f10x_tim.c.obj
                0x0800174c                TIM_SetCounter
 .text.TIM_SetCompare1
                0x08001750        0x4 CMakeFiles/MYCAR-CLION.elf.dir/STM32F10x_FWLib/Src/stm32f10x_tim.c.obj
                0x08001750                TIM_SetCompare1
 .text.TIM_SetCompare4
                0x08001754        0x6 CMakeFiles/MYCAR-CLION.elf.dir/STM32F10x_FWLib/Src/stm32f10x_tim.c.obj
                0x08001754                TIM_SetCompare4
 .text.TIM_SetIC1Prescaler
                0x0800175a       0x16 CMakeFiles/MYCAR-CLION.elf.dir/STM32F10x_FWLib/Src/stm32f10x_tim.c.obj
                0x0800175a                TIM_SetIC1Prescaler
 .text.TIM_SetIC2Prescaler
                0x08001770       0x1a CMakeFiles/MYCAR-CLION.elf.dir/STM32F10x_FWLib/Src/stm32f10x_tim.c.obj
                0x08001770                TIM_SetIC2Prescaler
 .text.TIM_SetIC3Prescaler
                0x0800178a       0x16 CMakeFiles/MYCAR-CLION.elf.dir/STM32F10x_FWLib/Src/stm32f10x_tim.c.obj
                0x0800178a                TIM_SetIC3Prescaler
 .text.TIM_SetIC4Prescaler
                0x080017a0       0x1a CMakeFiles/MYCAR-CLION.elf.dir/STM32F10x_FWLib/Src/stm32f10x_tim.c.obj
                0x080017a0                TIM_SetIC4Prescaler
 .text.TIM_ICInit
                0x080017ba       0x62 CMakeFiles/MYCAR-CLION.elf.dir/STM32F10x_FWLib/Src/stm32f10x_tim.c.obj
                0x080017ba                TIM_ICInit
 .text.TIM_GetCounter
                0x0800181c        0x6 CMakeFiles/MYCAR-CLION.elf.dir/STM32F10x_FWLib/Src/stm32f10x_tim.c.obj
                0x0800181c                TIM_GetCounter
 .text.TIM_ClearFlag
                0x08001822        0x8 CMakeFiles/MYCAR-CLION.elf.dir/STM32F10x_FWLib/Src/stm32f10x_tim.c.obj
                0x08001822                TIM_ClearFlag
 .text.TIM_GetITStatus
                0x0800182a       0x18 CMakeFiles/MYCAR-CLION.elf.dir/STM32F10x_FWLib/Src/stm32f10x_tim.c.obj
                0x0800182a                TIM_GetITStatus
 .text.TIM_ClearITPendingBit
                0x08001842        0x8 CMakeFiles/MYCAR-CLION.elf.dir/STM32F10x_FWLib/Src/stm32f10x_tim.c.obj
                0x08001842                TIM_ClearITPendingBit
 *fill*         0x0800184a        0x2 
 .text.USART_Init
                0x0800184c       0xc4 CMakeFiles/MYCAR-CLION.elf.dir/STM32F10x_FWLib/Src/stm32f10x_usart.c.obj
                0x0800184c                USART_Init
 .text.USART_Cmd
                0x08001910       0x1c CMakeFiles/MYCAR-CLION.elf.dir/STM32F10x_FWLib/Src/stm32f10x_usart.c.obj
                0x08001910                USART_Cmd
 .text.USART_ITConfig
                0x0800192c       0x36 CMakeFiles/MYCAR-CLION.elf.dir/STM32F10x_FWLib/Src/stm32f10x_usart.c.obj
                0x0800192c                USART_ITConfig
 .text.USART_SendData
                0x08001962        0x8 CMakeFiles/MYCAR-CLION.elf.dir/STM32F10x_FWLib/Src/stm32f10x_usart.c.obj
                0x08001962                USART_SendData
 .text.USART_ReceiveData
                0x0800196a        0x8 CMakeFiles/MYCAR-CLION.elf.dir/STM32F10x_FWLib/Src/stm32f10x_usart.c.obj
                0x0800196a                USART_ReceiveData
 .text.USART_GetFlagStatus
                0x08001972        0xe CMakeFiles/MYCAR-CLION.elf.dir/STM32F10x_FWLib/Src/stm32f10x_usart.c.obj
                0x08001972                USART_GetFlagStatus
 .text.USART_ClearFlag
                0x08001980        0x8 CMakeFiles/MYCAR-CLION.elf.dir/STM32F10x_FWLib/Src/stm32f10x_usart.c.obj
                0x08001980                USART_ClearFlag
 .text.USART_ClearITPendingBit
                0x08001988       0x10 CMakeFiles/MYCAR-CLION.elf.dir/STM32F10x_FWLib/Src/stm32f10x_usart.c.obj
                0x08001988                USART_ClearITPendingBit
 .text.OLED_I2C_Init
                0x08001998       0x54 CMakeFiles/MYCAR-CLION.elf.dir/SYSTEM/Src/OLED.c.obj
                0x08001998                OLED_I2C_Init
 .text.OLED_I2C_Start
                0x080019ec       0x34 CMakeFiles/MYCAR-CLION.elf.dir/SYSTEM/Src/OLED.c.obj
                0x080019ec                OLED_I2C_Start
 .text.OLED_I2C_Stop
                0x08001a20       0x28 CMakeFiles/MYCAR-CLION.elf.dir/SYSTEM/Src/OLED.c.obj
                0x08001a20                OLED_I2C_Stop
 .text.OLED_I2C_SendByte
                0x08001a48       0x50 CMakeFiles/MYCAR-CLION.elf.dir/SYSTEM/Src/OLED.c.obj
                0x08001a48                OLED_I2C_SendByte
 .text.OLED_WriteCommand
                0x08001a98       0x20 CMakeFiles/MYCAR-CLION.elf.dir/SYSTEM/Src/OLED.c.obj
                0x08001a98                OLED_WriteCommand
 .text.OLED_WriteData
                0x08001ab8       0x20 CMakeFiles/MYCAR-CLION.elf.dir/SYSTEM/Src/OLED.c.obj
                0x08001ab8                OLED_WriteData
 .text.OLED_SetCursor
                0x08001ad8       0x20 CMakeFiles/MYCAR-CLION.elf.dir/SYSTEM/Src/OLED.c.obj
                0x08001ad8                OLED_SetCursor
 .text.OLED_Clear
                0x08001af8       0x2c CMakeFiles/MYCAR-CLION.elf.dir/SYSTEM/Src/OLED.c.obj
                0x08001af8                OLED_Clear
 .text.OLED_ShowChar
                0x08001b24       0x64 CMakeFiles/MYCAR-CLION.elf.dir/SYSTEM/Src/OLED.c.obj
                0x08001b24                OLED_ShowChar
 .text.OLED_Pow
                0x08001b88       0x14 CMakeFiles/MYCAR-CLION.elf.dir/SYSTEM/Src/OLED.c.obj
                0x08001b88                OLED_Pow
 .text.OLED_ShowNum
                0x08001b9c       0x50 CMakeFiles/MYCAR-CLION.elf.dir/SYSTEM/Src/OLED.c.obj
                0x08001b9c                OLED_ShowNum
 .text.OLED_Init
                0x08001bec       0xae CMakeFiles/MYCAR-CLION.elf.dir/SYSTEM/Src/OLED.c.obj
                0x08001bec                OLED_Init
 *fill*         0x08001c9a        0x2 
 .text.TIM2_Encoder_Init
                0x08001c9c       0xa4 CMakeFiles/MYCAR-CLION.elf.dir/SYSTEM/Src/encoder.c.obj
                0x08001c9c                TIM2_Encoder_Init
 .text.TIM4_Encoder_Init
                0x08001d40       0x9c CMakeFiles/MYCAR-CLION.elf.dir/SYSTEM/Src/encoder.c.obj
                0x08001d40                TIM4_Encoder_Init
 .text.Read_Pluse
                0x08001ddc       0x3c CMakeFiles/MYCAR-CLION.elf.dir/SYSTEM/Src/encoder.c.obj
                0x08001ddc                Read_Pluse
 .text.TIM2_IRQHandler
                0x08001e18       0x1c CMakeFiles/MYCAR-CLION.elf.dir/SYSTEM/Src/encoder.c.obj
                0x08001e18                TIM2_IRQHandler
 .text.TIM4_IRQHandler
                0x08001e34       0x1c CMakeFiles/MYCAR-CLION.elf.dir/SYSTEM/Src/encoder.c.obj
                0x08001e34                TIM4_IRQHandler
 .text.Motor_GPIO_Init
                0x08001e50       0x34 CMakeFiles/MYCAR-CLION.elf.dir/SYSTEM/Src/motor.c.obj
                0x08001e50                Motor_GPIO_Init
 .text.Motor_Left_DIR
                0x08001e84       0x40 CMakeFiles/MYCAR-CLION.elf.dir/SYSTEM/Src/motor.c.obj
                0x08001e84                Motor_Left_DIR
 .text.Load_Motor_PWM
                0x08001ec4       0x48 CMakeFiles/MYCAR-CLION.elf.dir/SYSTEM/Src/motor.c.obj
                0x08001ec4                Load_Motor_PWM
 .text.VelocityRing_Out
                0x08001f0c       0x3c CMakeFiles/MYCAR-CLION.elf.dir/SYSTEM/Src/myconfig.c.obj
                0x08001f0c                VelocityRing_Out
 .text.TIM3_IRQHandler
                0x08001f48       0x84 CMakeFiles/MYCAR-CLION.elf.dir/SYSTEM/Src/myconfig.c.obj
                0x08001f48                TIM3_IRQHandler
 .text.NVIC_Config
                0x08001fcc        0xc CMakeFiles/MYCAR-CLION.elf.dir/SYSTEM/Src/nvic.c.obj
                0x08001fcc                NVIC_Config
 .text.PID_Param_Init
                0x08001fd8       0x30 CMakeFiles/MYCAR-CLION.elf.dir/SYSTEM/Src/pid.c.obj
                0x08001fd8                PID_Param_Init
 .text.VelocityRing_PID_Realize
                0x08002008       0xb4 CMakeFiles/MYCAR-CLION.elf.dir/SYSTEM/Src/pid.c.obj
                0x08002008                VelocityRing_PID_Realize
 .text.SysTick_Init
                0x080020bc       0x3c CMakeFiles/MYCAR-CLION.elf.dir/SYSTEM/Src/systick.c.obj
                0x080020bc                SysTick_Init
 .text.TIM1_PWM_Init
                0x080020f8       0xa4 CMakeFiles/MYCAR-CLION.elf.dir/SYSTEM/Src/tim1.c.obj
                0x080020f8                TIM1_PWM_Init
 .text.Tim3_Init
                0x0800219c       0x60 CMakeFiles/MYCAR-CLION.elf.dir/SYSTEM/Src/tim3.c.obj
                0x0800219c                Tim3_Init
 .text.__io_putchar
                0x080021fc       0x20 CMakeFiles/MYCAR-CLION.elf.dir/SYSTEM/Src/usart1.c.obj
                0x080021fc                __io_putchar
 .text.__io_getchar
                0x0800221c       0x1c CMakeFiles/MYCAR-CLION.elf.dir/SYSTEM/Src/usart1.c.obj
                0x0800221c                __io_getchar
 .text.Usart_Init
                0x08002238       0xbc CMakeFiles/MYCAR-CLION.elf.dir/SYSTEM/Src/usart1.c.obj
                0x08002238                Usart_Init
 .text.Send_Byte
                0x080022f4       0x1c CMakeFiles/MYCAR-CLION.elf.dir/SYSTEM/Src/usart1.c.obj
                0x080022f4                Send_Byte
 .text.Send_String
                0x08002310       0x14 CMakeFiles/MYCAR-CLION.elf.dir/SYSTEM/Src/usart1.c.obj
                0x08002310                Send_String
 .text.Usart_Printf
                0x08002324       0x24 CMakeFiles/MYCAR-CLION.elf.dir/SYSTEM/Src/usart1.c.obj
                0x08002324                Usart_Printf
 .text.Usart_GetRxFlag
                0x08002348       0x18 CMakeFiles/MYCAR-CLION.elf.dir/SYSTEM/Src/usart1.c.obj
                0x08002348                Usart_GetRxFlag
 .text.USART1_IRQHandler
                0x08002360       0xbc CMakeFiles/MYCAR-CLION.elf.dir/SYSTEM/Src/usart1.c.obj
                0x08002360                USART1_IRQHandler
 .text.Get_id_Flag
                0x0800241c       0x10 CMakeFiles/MYCAR-CLION.elf.dir/SYSTEM/Src/usart1.c.obj
                0x0800241c                Get_id_Flag
 .text.Pow_invert
                0x0800242c       0x1e CMakeFiles/MYCAR-CLION.elf.dir/SYSTEM/Src/usart1.c.obj
                0x0800242c                Pow_invert
 *fill*         0x0800244a        0x2 
 .text.RxPacket_Data_Handle
                0x0800244c       0x8c CMakeFiles/MYCAR-CLION.elf.dir/SYSTEM/Src/usart1.c.obj
                0x0800244c                RxPacket_Data_Handle
 .text.main     0x080024d8       0xe4 CMakeFiles/MYCAR-CLION.elf.dir/Users/Src/main.c.obj
                0x080024d8                main
 .text.NMI_Handler
                0x080025bc        0x2 CMakeFiles/MYCAR-CLION.elf.dir/Users/Src/stm32f10x_it.c.obj
                0x080025bc                NMI_Handler
 .text.HardFault_Handler
                0x080025be        0x2 CMakeFiles/MYCAR-CLION.elf.dir/Users/Src/stm32f10x_it.c.obj
                0x080025be                HardFault_Handler
 .text.MemManage_Handler
                0x080025c0        0x2 CMakeFiles/MYCAR-CLION.elf.dir/Users/Src/stm32f10x_it.c.obj
                0x080025c0                MemManage_Handler
 .text.BusFault_Handler
                0x080025c2        0x2 CMakeFiles/MYCAR-CLION.elf.dir/Users/Src/stm32f10x_it.c.obj
                0x080025c2                BusFault_Handler
 .text.UsageFault_Handler
                0x080025c4        0x2 CMakeFiles/MYCAR-CLION.elf.dir/Users/Src/stm32f10x_it.c.obj
                0x080025c4                UsageFault_Handler
 .text.SVC_Handler
                0x080025c6        0x2 CMakeFiles/MYCAR-CLION.elf.dir/Users/Src/stm32f10x_it.c.obj
                0x080025c6                SVC_Handler
 .text.DebugMon_Handler
                0x080025c8        0x2 CMakeFiles/MYCAR-CLION.elf.dir/Users/Src/stm32f10x_it.c.obj
                0x080025c8                DebugMon_Handler
 .text.PendSV_Handler
                0x080025ca        0x2 CMakeFiles/MYCAR-CLION.elf.dir/Users/Src/stm32f10x_it.c.obj
                0x080025ca                PendSV_Handler
 .text.SysTick_Handler
                0x080025cc        0x2 CMakeFiles/MYCAR-CLION.elf.dir/Users/Src/stm32f10x_it.c.obj
                0x080025cc                SysTick_Handler
 .text._getpid  0x080025ce        0x4 CMakeFiles/MYCAR-CLION.elf.dir/Users/Src/syscalls.c.obj
                0x080025ce                _getpid
 .text._kill    0x080025d2       0x10 CMakeFiles/MYCAR-CLION.elf.dir/Users/Src/syscalls.c.obj
                0x080025d2                _kill
 .text._exit    0x080025e2        0xc CMakeFiles/MYCAR-CLION.elf.dir/Users/Src/syscalls.c.obj
                0x080025e2                _exit
 .text._read    0x080025ee       0x20 CMakeFiles/MYCAR-CLION.elf.dir/Users/Src/syscalls.c.obj
                0x080025ee                _read
 .text._write   0x0800260e       0x1c CMakeFiles/MYCAR-CLION.elf.dir/Users/Src/syscalls.c.obj
                0x0800260e                _write
 *fill*         0x0800262a        0x2 
 .text._sbrk    0x0800262c       0x3c CMakeFiles/MYCAR-CLION.elf.dir/Users/Src/syscalls.c.obj
                0x0800262c                _sbrk
 .text._close   0x08002668        0x6 CMakeFiles/MYCAR-CLION.elf.dir/Users/Src/syscalls.c.obj
                0x08002668                _close
 .text._fstat   0x0800266e        0xa CMakeFiles/MYCAR-CLION.elf.dir/Users/Src/syscalls.c.obj
                0x0800266e                _fstat
 .text._isatty  0x08002678        0x4 CMakeFiles/MYCAR-CLION.elf.dir/Users/Src/syscalls.c.obj
                0x08002678                _isatty
 .text._lseek   0x0800267c        0x4 CMakeFiles/MYCAR-CLION.elf.dir/Users/Src/syscalls.c.obj
                0x0800267c                _lseek
 .text.SetSysClockTo72
                0x08002680       0xc4 CMakeFiles/MYCAR-CLION.elf.dir/Users/Src/system_stm32f10x.c.obj
 .text.SetSysClock
                0x08002744        0x8 CMakeFiles/MYCAR-CLION.elf.dir/Users/Src/system_stm32f10x.c.obj
 .text.SystemInit
                0x0800274c       0x50 CMakeFiles/MYCAR-CLION.elf.dir/Users/Src/system_stm32f10x.c.obj
                0x0800274c                SystemInit
 .text.Reset_Handler
                0x0800279c       0x48 CMakeFiles/MYCAR-CLION.elf.dir/startup/startup_stm32f103xb.s.obj
                0x0800279c                Reset_Handler
 .text.Default_Handler
                0x080027e4        0x2 CMakeFiles/MYCAR-CLION.elf.dir/startup/startup_stm32f103xb.s.obj
                0x080027e4                RTC_Alarm_IRQHandler
                0x080027e4                EXTI2_IRQHandler
                0x080027e4                TIM1_CC_IRQHandler
                0x080027e4                PVD_IRQHandler
                0x080027e4                EXTI3_IRQHandler
                0x080027e4                EXTI0_IRQHandler
                0x080027e4                I2C2_EV_IRQHandler
                0x080027e4                ADC1_2_IRQHandler
                0x080027e4                SPI1_IRQHandler
                0x080027e4                TAMPER_IRQHandler
                0x080027e4                DMA1_Channel4_IRQHandler
                0x080027e4                USART3_IRQHandler
                0x080027e4                RTC_IRQHandler
                0x080027e4                DMA1_Channel7_IRQHandler
                0x080027e4                CAN1_RX1_IRQHandler
                0x080027e4                I2C1_EV_IRQHandler
                0x080027e4                DMA1_Channel6_IRQHandler
                0x080027e4                RCC_IRQHandler
                0x080027e4                TIM1_TRG_COM_IRQHandler
                0x080027e4                DMA1_Channel1_IRQHandler
                0x080027e4                Default_Handler
                0x080027e4                EXTI15_10_IRQHandler
                0x080027e4                EXTI9_5_IRQHandler
                0x080027e4                SPI2_IRQHandler
                0x080027e4                DMA1_Channel5_IRQHandler
                0x080027e4                EXTI4_IRQHandler
                0x080027e4                USB_LP_CAN1_RX0_IRQHandler
                0x080027e4                USB_HP_CAN1_TX_IRQHandler
                0x080027e4                DMA1_Channel3_IRQHandler
                0x080027e4                TIM1_UP_IRQHandler
                0x080027e4                WWDG_IRQHandler
                0x080027e4                TIM1_BRK_IRQHandler
                0x080027e4                EXTI1_IRQHandler
                0x080027e4                USART2_IRQHandler
                0x080027e4                I2C2_ER_IRQHandler
                0x080027e4                DMA1_Channel2_IRQHandler
                0x080027e4                CAN1_SCE_IRQHandler
                0x080027e4                FLASH_IRQHandler
                0x080027e4                I2C1_ER_IRQHandler
                0x080027e4                USBWakeUp_IRQHandler
 *fill*         0x080027e6        0x2 
 .text.__errno  0x080027e8       0x10 d:/gcc-arm-none-eabi/bin/../lib/gcc/arm-none-eabi/10.3.1/../../../../arm-none-eabi/lib\libg.a(lib_a-errno.o)
                0x080027e8                __errno
 .text.__libc_init_array
                0x080027f8       0x88 d:/gcc-arm-none-eabi/bin/../lib/gcc/arm-none-eabi/10.3.1/../../../../arm-none-eabi/lib\libg.a(lib_a-init.o)
                0x080027f8                __libc_init_array
 .text.memcpy   0x08002880      0x120 d:/gcc-arm-none-eabi/bin/../lib/gcc/arm-none-eabi/10.3.1/../../../../arm-none-eabi/lib\libg.a(lib_a-memcpy-stub.o)
                0x08002880                memcpy
 .text.memset   0x080029a0      0x11c d:/gcc-arm-none-eabi/bin/../lib/gcc/arm-none-eabi/10.3.1/../../../../arm-none-eabi/lib\libg.a(lib_a-memset.o)
                0x080029a0                memset
 .text.vsprintf
                0x08002abc       0x64 d:/gcc-arm-none-eabi/bin/../lib/gcc/arm-none-eabi/10.3.1/../../../../arm-none-eabi/lib\libg.a(lib_a-vsprintf.o)
                0x08002abc                vsprintf
 .text.startup.register_fini
                0x08002b20       0x28 d:/gcc-arm-none-eabi/bin/../lib/gcc/arm-none-eabi/10.3.1/../../../../arm-none-eabi/lib\libg.a(lib_a-__call_atexit.o)
 .text.atexit   0x08002b48       0x20 d:/gcc-arm-none-eabi/bin/../lib/gcc/arm-none-eabi/10.3.1/../../../../arm-none-eabi/lib\libg.a(lib_a-atexit.o)
                0x08002b48                atexit
 .text.__libc_fini_array
                0x08002b68       0x44 d:/gcc-arm-none-eabi/bin/../lib/gcc/arm-none-eabi/10.3.1/../../../../arm-none-eabi/lib\libg.a(lib_a-fini.o)
                0x08002b68                __libc_fini_array
 .text.__retarget_lock_init_recursive
                0x08002bac        0x4 d:/gcc-arm-none-eabi/bin/../lib/gcc/arm-none-eabi/10.3.1/../../../../arm-none-eabi/lib\libg.a(lib_a-lock.o)
                0x08002bac                __retarget_lock_init_recursive
 .text.__retarget_lock_close_recursive
                0x08002bb0        0x4 d:/gcc-arm-none-eabi/bin/../lib/gcc/arm-none-eabi/10.3.1/../../../../arm-none-eabi/lib\libg.a(lib_a-lock.o)
                0x08002bb0                __retarget_lock_close_recursive
 .text.__retarget_lock_acquire_recursive
                0x08002bb4        0x4 d:/gcc-arm-none-eabi/bin/../lib/gcc/arm-none-eabi/10.3.1/../../../../arm-none-eabi/lib\libg.a(lib_a-lock.o)
                0x08002bb4                __retarget_lock_acquire_recursive
 .text.__retarget_lock_release_recursive
                0x08002bb8        0x4 d:/gcc-arm-none-eabi/bin/../lib/gcc/arm-none-eabi/10.3.1/../../../../arm-none-eabi/lib\libg.a(lib_a-lock.o)
                0x08002bb8                __retarget_lock_release_recursive
 .text._svfprintf_r
                0x08002bbc     0x27a8 d:/gcc-arm-none-eabi/bin/../lib/gcc/arm-none-eabi/10.3.1/../../../../arm-none-eabi/lib\libg.a(lib_a-svfprintf.o)
                0x08002bbc                _svfprintf_r
 .text.__register_exitproc
                0x08005364       0xbc d:/gcc-arm-none-eabi/bin/../lib/gcc/arm-none-eabi/10.3.1/../../../../arm-none-eabi/lib\libg.a(lib_a-__atexit.o)
                0x08005364                __register_exitproc
 .text.quorem   0x08005420      0x1c0 d:/gcc-arm-none-eabi/bin/../lib/gcc/arm-none-eabi/10.3.1/../../../../arm-none-eabi/lib\libg.a(lib_a-dtoa.o)
 .text._dtoa_r  0x080055e0     0x172c d:/gcc-arm-none-eabi/bin/../lib/gcc/arm-none-eabi/10.3.1/../../../../arm-none-eabi/lib\libg.a(lib_a-dtoa.o)
                0x080055e0                _dtoa_r
 .text._malloc_trim_r
                0x08006d0c      0x100 d:/gcc-arm-none-eabi/bin/../lib/gcc/arm-none-eabi/10.3.1/../../../../arm-none-eabi/lib\libg.a(lib_a-freer.o)
                0x08006d0c                _malloc_trim_r
 .text._free_r  0x08006e0c      0x2ec d:/gcc-arm-none-eabi/bin/../lib/gcc/arm-none-eabi/10.3.1/../../../../arm-none-eabi/lib\libg.a(lib_a-freer.o)
                0x08006e0c                _free_r
 .text._localeconv_r
                0x080070f8        0xc d:/gcc-arm-none-eabi/bin/../lib/gcc/arm-none-eabi/10.3.1/../../../../arm-none-eabi/lib\libg.a(lib_a-localeconv.o)
                0x080070f8                _localeconv_r
 .text._malloc_r
                0x08007104      0x810 d:/gcc-arm-none-eabi/bin/../lib/gcc/arm-none-eabi/10.3.1/../../../../arm-none-eabi/lib\libg.a(lib_a-mallocr.o)
                0x08007104                _malloc_r
 .text.memchr   0x08007914       0xf0 d:/gcc-arm-none-eabi/bin/../lib/gcc/arm-none-eabi/10.3.1/../../../../arm-none-eabi/lib\libg.a(lib_a-memchr-stub.o)
                0x08007914                memchr
 .text.__malloc_lock
                0x08007a04       0x18 d:/gcc-arm-none-eabi/bin/../lib/gcc/arm-none-eabi/10.3.1/../../../../arm-none-eabi/lib\libg.a(lib_a-mlock.o)
                0x08007a04                __malloc_lock
 .text.__malloc_unlock
                0x08007a1c       0x18 d:/gcc-arm-none-eabi/bin/../lib/gcc/arm-none-eabi/10.3.1/../../../../arm-none-eabi/lib\libg.a(lib_a-mlock.o)
                0x08007a1c                __malloc_unlock
 .text._Balloc  0x08007a34       0x8c d:/gcc-arm-none-eabi/bin/../lib/gcc/arm-none-eabi/10.3.1/../../../../arm-none-eabi/lib\libg.a(lib_a-mprec.o)
                0x08007a34                _Balloc
 .text._Bfree   0x08007ac0       0x1c d:/gcc-arm-none-eabi/bin/../lib/gcc/arm-none-eabi/10.3.1/../../../../arm-none-eabi/lib\libg.a(lib_a-mprec.o)
                0x08007ac0                _Bfree
 .text.__multadd
                0x08007adc      0x100 d:/gcc-arm-none-eabi/bin/../lib/gcc/arm-none-eabi/10.3.1/../../../../arm-none-eabi/lib\libg.a(lib_a-mprec.o)
                0x08007adc                __multadd
 .text.__hi0bits
                0x08007bdc       0x58 d:/gcc-arm-none-eabi/bin/../lib/gcc/arm-none-eabi/10.3.1/../../../../arm-none-eabi/lib\libg.a(lib_a-mprec.o)
                0x08007bdc                __hi0bits
 .text.__lo0bits
                0x08007c34       0x9c d:/gcc-arm-none-eabi/bin/../lib/gcc/arm-none-eabi/10.3.1/../../../../arm-none-eabi/lib\libg.a(lib_a-mprec.o)
                0x08007c34                __lo0bits
 .text.__i2b    0x08007cd0       0xa8 d:/gcc-arm-none-eabi/bin/../lib/gcc/arm-none-eabi/10.3.1/../../../../arm-none-eabi/lib\libg.a(lib_a-mprec.o)
                0x08007cd0                __i2b
 .text.__multiply
                0x08007d78      0x214 d:/gcc-arm-none-eabi/bin/../lib/gcc/arm-none-eabi/10.3.1/../../../../arm-none-eabi/lib\libg.a(lib_a-mprec.o)
                0x08007d78                __multiply
 .text.__pow5mult
                0x08007f8c      0x124 d:/gcc-arm-none-eabi/bin/../lib/gcc/arm-none-eabi/10.3.1/../../../../arm-none-eabi/lib\libg.a(lib_a-mprec.o)
                0x08007f8c                __pow5mult
 .text.__lshift
                0x080080b0      0x140 d:/gcc-arm-none-eabi/bin/../lib/gcc/arm-none-eabi/10.3.1/../../../../arm-none-eabi/lib\libg.a(lib_a-mprec.o)
                0x080080b0                __lshift
 .text.__mcmp   0x080081f0       0x60 d:/gcc-arm-none-eabi/bin/../lib/gcc/arm-none-eabi/10.3.1/../../../../arm-none-eabi/lib\libg.a(lib_a-mprec.o)
                0x080081f0                __mcmp
 .text.__mdiff  0x08008250      0x1f4 d:/gcc-arm-none-eabi/bin/../lib/gcc/arm-none-eabi/10.3.1/../../../../arm-none-eabi/lib\libg.a(lib_a-mprec.o)
                0x08008250                __mdiff
 .text.__d2b    0x08008444      0x144 d:/gcc-arm-none-eabi/bin/../lib/gcc/arm-none-eabi/10.3.1/../../../../arm-none-eabi/lib\libg.a(lib_a-mprec.o)
                0x08008444                __d2b
 .text.frexp    0x08008588       0xa4 d:/gcc-arm-none-eabi/bin/../lib/gcc/arm-none-eabi/10.3.1/../../../../arm-none-eabi/lib\libg.a(lib_a-s_frexp.o)
                0x08008588                frexp
 .text._sbrk_r  0x0800862c       0x44 d:/gcc-arm-none-eabi/bin/../lib/gcc/arm-none-eabi/10.3.1/../../../../arm-none-eabi/lib\libg.a(lib_a-sbrkr.o)
                0x0800862c                _sbrk_r
 .text.strlen   0x08008670       0x60 d:/gcc-arm-none-eabi/bin/../lib/gcc/arm-none-eabi/10.3.1/../../../../arm-none-eabi/lib\libg.a(lib_a-strlen-stub.o)
                0x08008670                strlen
 .text.strncpy  0x080086d0       0xcc d:/gcc-arm-none-eabi/bin/../lib/gcc/arm-none-eabi/10.3.1/../../../../arm-none-eabi/lib\libg.a(lib_a-strncpy.o)
                0x080086d0                strncpy
 .text.__ssprint_r
                0x0800879c      0x1a8 d:/gcc-arm-none-eabi/bin/../lib/gcc/arm-none-eabi/10.3.1/../../../../arm-none-eabi/lib\libg.a(lib_a-svfiprintf.o)
                0x0800879c                __ssprint_r
 .text.__assert_func
                0x08008944       0x5c d:/gcc-arm-none-eabi/bin/../lib/gcc/arm-none-eabi/10.3.1/../../../../arm-none-eabi/lib\libg.a(lib_a-assert.o)
                0x08008944                __assert_func
 .text._calloc_r
                0x080089a0       0xc8 d:/gcc-arm-none-eabi/bin/../lib/gcc/arm-none-eabi/10.3.1/../../../../arm-none-eabi/lib\libg.a(lib_a-callocr.o)
                0x080089a0                _calloc_r
 .text.fiprintf
                0x08008a68       0x3c d:/gcc-arm-none-eabi/bin/../lib/gcc/arm-none-eabi/10.3.1/../../../../arm-none-eabi/lib\libg.a(lib_a-fiprintf.o)
                0x08008a68                fiprintf
 .text.__locale_mb_cur_max
                0x08008aa4       0x10 d:/gcc-arm-none-eabi/bin/../lib/gcc/arm-none-eabi/10.3.1/../../../../arm-none-eabi/lib\libg.a(lib_a-locale.o)
                0x08008aa4                __locale_mb_cur_max
 .text.__ascii_mbtowc
                0x08008ab4       0x44 d:/gcc-arm-none-eabi/bin/../lib/gcc/arm-none-eabi/10.3.1/../../../../arm-none-eabi/lib\libg.a(lib_a-mbtowc_r.o)
                0x08008ab4                __ascii_mbtowc
 .text.memmove  0x08008af8      0x158 d:/gcc-arm-none-eabi/bin/../lib/gcc/arm-none-eabi/10.3.1/../../../../arm-none-eabi/lib\libg.a(lib_a-memmove.o)
                0x08008af8                memmove
 .text._realloc_r
                0x08008c50      0x594 d:/gcc-arm-none-eabi/bin/../lib/gcc/arm-none-eabi/10.3.1/../../../../arm-none-eabi/lib\libg.a(lib_a-reallocr.o)
                0x08008c50                _realloc_r
 .text.__sprint_r.part.0
                0x080091e4       0xac d:/gcc-arm-none-eabi/bin/../lib/gcc/arm-none-eabi/10.3.1/../../../../arm-none-eabi/lib\libg.a(lib_a-vfiprintf.o)
 .text._vfiprintf_r
                0x08009290     0x1408 d:/gcc-arm-none-eabi/bin/../lib/gcc/arm-none-eabi/10.3.1/../../../../arm-none-eabi/lib\libg.a(lib_a-vfiprintf.o)
                0x08009290                _vfiprintf_r
 .text.__sbprintf
                0x0800a698       0xd4 d:/gcc-arm-none-eabi/bin/../lib/gcc/arm-none-eabi/10.3.1/../../../../arm-none-eabi/lib\libg.a(lib_a-vfiprintf.o)
 .text.__ascii_wctomb
                0x0800a76c       0x30 d:/gcc-arm-none-eabi/bin/../lib/gcc/arm-none-eabi/10.3.1/../../../../arm-none-eabi/lib\libg.a(lib_a-wctomb_r.o)
                0x0800a76c                __ascii_wctomb
 .text.__swsetup_r
                0x0800a79c      0x16c d:/gcc-arm-none-eabi/bin/../lib/gcc/arm-none-eabi/10.3.1/../../../../arm-none-eabi/lib\libg.a(lib_a-wsetup.o)
                0x0800a79c                __swsetup_r
 .text.abort    0x0800a908       0x14 d:/gcc-arm-none-eabi/bin/../lib/gcc/arm-none-eabi/10.3.1/../../../../arm-none-eabi/lib\libg.a(lib_a-abort.o)
                0x0800a908                abort
 .text.__sflush_r
                0x0800a91c      0x244 d:/gcc-arm-none-eabi/bin/../lib/gcc/arm-none-eabi/10.3.1/../../../../arm-none-eabi/lib\libg.a(lib_a-fflush.o)
                0x0800a91c                __sflush_r
 .text._fflush_r
                0x0800ab60       0x9c d:/gcc-arm-none-eabi/bin/../lib/gcc/arm-none-eabi/10.3.1/../../../../arm-none-eabi/lib\libg.a(lib_a-fflush.o)
                0x0800ab60                _fflush_r
 .text._cleanup_r
                0x0800abfc       0x18 d:/gcc-arm-none-eabi/bin/../lib/gcc/arm-none-eabi/10.3.1/../../../../arm-none-eabi/lib\libg.a(lib_a-findfp.o)
                0x0800abfc                _cleanup_r
 .text.__sinit  0x0800ac14      0x18c d:/gcc-arm-none-eabi/bin/../lib/gcc/arm-none-eabi/10.3.1/../../../../arm-none-eabi/lib\libg.a(lib_a-findfp.o)
                0x0800ac14                __sinit
 .text.__sfp_lock_acquire
                0x0800ada0       0x18 d:/gcc-arm-none-eabi/bin/../lib/gcc/arm-none-eabi/10.3.1/../../../../arm-none-eabi/lib\libg.a(lib_a-findfp.o)
                0x0800ada0                __sfp_lock_acquire
 .text.__sfp_lock_release
                0x0800adb8       0x18 d:/gcc-arm-none-eabi/bin/../lib/gcc/arm-none-eabi/10.3.1/../../../../arm-none-eabi/lib\libg.a(lib_a-findfp.o)
                0x0800adb8                __sfp_lock_release
 .text.__fputwc
                0x0800add0      0x114 d:/gcc-arm-none-eabi/bin/../lib/gcc/arm-none-eabi/10.3.1/../../../../arm-none-eabi/lib\libg.a(lib_a-fputwc.o)
                0x0800add0                __fputwc
 .text._fputwc_r
                0x0800aee4       0xbc d:/gcc-arm-none-eabi/bin/../lib/gcc/arm-none-eabi/10.3.1/../../../../arm-none-eabi/lib\libg.a(lib_a-fputwc.o)
                0x0800aee4                _fputwc_r
 .text.__sfvwrite_r
                0x0800afa0      0x4c4 d:/gcc-arm-none-eabi/bin/../lib/gcc/arm-none-eabi/10.3.1/../../../../arm-none-eabi/lib\libg.a(lib_a-fvwrite.o)
                0x0800afa0                __sfvwrite_r
 .text._fwalk_reent
                0x0800b464       0x78 d:/gcc-arm-none-eabi/bin/../lib/gcc/arm-none-eabi/10.3.1/../../../../arm-none-eabi/lib\libg.a(lib_a-fwalk.o)
                0x0800b464                _fwalk_reent
 .text.__smakebuf_r
                0x0800b4dc      0x144 d:/gcc-arm-none-eabi/bin/../lib/gcc/arm-none-eabi/10.3.1/../../../../arm-none-eabi/lib\libg.a(lib_a-makebuf.o)
                0x0800b4dc                __smakebuf_r
 .text.raise    0x0800b620       0x9c d:/gcc-arm-none-eabi/bin/../lib/gcc/arm-none-eabi/10.3.1/../../../../arm-none-eabi/lib\libg.a(lib_a-signal.o)
                0x0800b620                raise
 .text._kill_r  0x0800b6bc       0x40 d:/gcc-arm-none-eabi/bin/../lib/gcc/arm-none-eabi/10.3.1/../../../../arm-none-eabi/lib\libg.a(lib_a-signalr.o)
                0x0800b6bc                _kill_r
 .text._getpid_r
                0x0800b6fc       0x10 d:/gcc-arm-none-eabi/bin/../lib/gcc/arm-none-eabi/10.3.1/../../../../arm-none-eabi/lib\libg.a(lib_a-signalr.o)
                0x0800b6fc                _getpid_r
 .text.__sread  0x0800b70c       0x34 d:/gcc-arm-none-eabi/bin/../lib/gcc/arm-none-eabi/10.3.1/../../../../arm-none-eabi/lib\libg.a(lib_a-stdio.o)
                0x0800b70c                __sread
 .text.__swrite
                0x0800b740       0x5c d:/gcc-arm-none-eabi/bin/../lib/gcc/arm-none-eabi/10.3.1/../../../../arm-none-eabi/lib\libg.a(lib_a-stdio.o)
                0x0800b740                __swrite
 .text.__sseek  0x0800b79c       0x30 d:/gcc-arm-none-eabi/bin/../lib/gcc/arm-none-eabi/10.3.1/../../../../arm-none-eabi/lib\libg.a(lib_a-stdio.o)
                0x0800b79c                __sseek
 .text.__sclose
                0x0800b7cc       0x14 d:/gcc-arm-none-eabi/bin/../lib/gcc/arm-none-eabi/10.3.1/../../../../arm-none-eabi/lib\libg.a(lib_a-stdio.o)
                0x0800b7cc                __sclose
 .text.__swbuf_r
                0x0800b7e0      0x134 d:/gcc-arm-none-eabi/bin/../lib/gcc/arm-none-eabi/10.3.1/../../../../arm-none-eabi/lib\libg.a(lib_a-wbuf.o)
                0x0800b7e0                __swbuf_r
 .text._wcrtomb_r
                0x0800b914       0x58 d:/gcc-arm-none-eabi/bin/../lib/gcc/arm-none-eabi/10.3.1/../../../../arm-none-eabi/lib\libg.a(lib_a-wcrtomb.o)
                0x0800b914                _wcrtomb_r
 .text._write_r
                0x0800b96c       0x48 d:/gcc-arm-none-eabi/bin/../lib/gcc/arm-none-eabi/10.3.1/../../../../arm-none-eabi/lib\libg.a(lib_a-writer.o)
                0x0800b96c                _write_r
 .text._close_r
                0x0800b9b4       0x3c d:/gcc-arm-none-eabi/bin/../lib/gcc/arm-none-eabi/10.3.1/../../../../arm-none-eabi/lib\libg.a(lib_a-closer.o)
                0x0800b9b4                _close_r
 .text._fclose_r
                0x0800b9f0      0x16c d:/gcc-arm-none-eabi/bin/../lib/gcc/arm-none-eabi/10.3.1/../../../../arm-none-eabi/lib\libg.a(lib_a-fclose.o)
                0x0800b9f0                _fclose_r
 .text._fstat_r
                0x0800bb5c       0x40 d:/gcc-arm-none-eabi/bin/../lib/gcc/arm-none-eabi/10.3.1/../../../../arm-none-eabi/lib\libg.a(lib_a-fstatr.o)
                0x0800bb5c                _fstat_r
 .text._isatty_r
                0x0800bb9c       0x3c d:/gcc-arm-none-eabi/bin/../lib/gcc/arm-none-eabi/10.3.1/../../../../arm-none-eabi/lib\libg.a(lib_a-isattyr.o)
                0x0800bb9c                _isatty_r
 .text._lseek_r
                0x0800bbd8       0x48 d:/gcc-arm-none-eabi/bin/../lib/gcc/arm-none-eabi/10.3.1/../../../../arm-none-eabi/lib\libg.a(lib_a-lseekr.o)
                0x0800bbd8                _lseek_r
 .text._read_r  0x0800bc20       0x48 d:/gcc-arm-none-eabi/bin/../lib/gcc/arm-none-eabi/10.3.1/../../../../arm-none-eabi/lib\libg.a(lib_a-readr.o)
                0x0800bc20                _read_r
 *(.glue_7)
 .glue_7        0x0800bc68        0x0 linker stubs
 *(.glue_7t)
 .glue_7t       0x0800bc68        0x0 linker stubs
 *(.eh_frame)
 .eh_frame      0x0800bc68        0x0 d:/gcc-arm-none-eabi/bin/../lib/gcc/arm-none-eabi/10.3.1/crtbegin.o
 *(.init)
 .init          0x0800bc68        0xc d:/gcc-arm-none-eabi/bin/../lib/gcc/arm-none-eabi/10.3.1/crti.o
                0x0800bc68                _init
 .init          0x0800bc74        0xc d:/gcc-arm-none-eabi/bin/../lib/gcc/arm-none-eabi/10.3.1/crtn.o
 *(.fini)
 .fini          0x0800bc80        0xc d:/gcc-arm-none-eabi/bin/../lib/gcc/arm-none-eabi/10.3.1/crti.o
                0x0800bc80                _fini
 .fini          0x0800bc8c        0xc d:/gcc-arm-none-eabi/bin/../lib/gcc/arm-none-eabi/10.3.1/crtn.o
                0x0800bc98                . = ALIGN (0x4)
                0x0800bc98                _etext = .

.vfp11_veneer   0x0800bc98        0x0
 .vfp11_veneer  0x0800bc98        0x0 linker stubs

.v4_bx          0x0800bc98        0x0
 .v4_bx         0x0800bc98        0x0 linker stubs

.iplt           0x0800bc98        0x0
 .iplt          0x0800bc98        0x0 d:/gcc-arm-none-eabi/bin/../lib/gcc/arm-none-eabi/10.3.1/crtbegin.o

.rodata         0x0800bc98      0xa00
                0x0800bc98                . = ALIGN (0x4)
 *(.rodata)
 *(.rodata*)
 .rodata.OLED_F8x16
                0x0800bc98      0x5f0 CMakeFiles/MYCAR-CLION.elf.dir/SYSTEM/Src/OLED.c.obj
                0x0800bc98                OLED_F8x16
 .rodata.main.str1.4
                0x0800c288       0x11 CMakeFiles/MYCAR-CLION.elf.dir/Users/Src/main.c.obj
 *fill*         0x0800c299        0x3 
 .rodata._global_impure_ptr
                0x0800c29c        0x4 d:/gcc-arm-none-eabi/bin/../lib/gcc/arm-none-eabi/10.3.1/../../../../arm-none-eabi/lib\libg.a(lib_a-impure.o)
                0x0800c29c                _global_impure_ptr
 .rodata._svfprintf_r.str1.4
                0x0800c2a0       0x42 d:/gcc-arm-none-eabi/bin/../lib/gcc/arm-none-eabi/10.3.1/../../../../arm-none-eabi/lib\libg.a(lib_a-svfprintf.o)
 *fill*         0x0800c2e2        0x2 
 .rodata.blanks.1
                0x0800c2e4       0x10 d:/gcc-arm-none-eabi/bin/../lib/gcc/arm-none-eabi/10.3.1/../../../../arm-none-eabi/lib\libg.a(lib_a-svfprintf.o)
 .rodata.zeroes.0
                0x0800c2f4       0x10 d:/gcc-arm-none-eabi/bin/../lib/gcc/arm-none-eabi/10.3.1/../../../../arm-none-eabi/lib\libg.a(lib_a-svfprintf.o)
 .rodata._dtoa_r.str1.4
                0x0800c304       0xa2 d:/gcc-arm-none-eabi/bin/../lib/gcc/arm-none-eabi/10.3.1/../../../../arm-none-eabi/lib\libg.a(lib_a-dtoa.o)
                                 0xa6 (size before relaxing)
 *fill*         0x0800c3a6        0x2 
 .rodata.__multadd.str1.4
                0x0800c3a8       0x7f d:/gcc-arm-none-eabi/bin/../lib/gcc/arm-none-eabi/10.3.1/../../../../arm-none-eabi/lib\libg.a(lib_a-mprec.o)
                                 0x93 (size before relaxing)
 *fill*         0x0800c427        0x1 
 .rodata.__mprec_bigtens
                0x0800c428       0x28 d:/gcc-arm-none-eabi/bin/../lib/gcc/arm-none-eabi/10.3.1/../../../../arm-none-eabi/lib\libg.a(lib_a-mprec.o)
                0x0800c428                __mprec_bigtens
 .rodata.__mprec_tens
                0x0800c450       0xc8 d:/gcc-arm-none-eabi/bin/../lib/gcc/arm-none-eabi/10.3.1/../../../../arm-none-eabi/lib\libg.a(lib_a-mprec.o)
                0x0800c450                __mprec_tens
 .rodata.p05.0  0x0800c518        0xc d:/gcc-arm-none-eabi/bin/../lib/gcc/arm-none-eabi/10.3.1/../../../../arm-none-eabi/lib\libg.a(lib_a-mprec.o)
 .rodata.__assert_func.str1.4
                0x0800c524       0x3f d:/gcc-arm-none-eabi/bin/../lib/gcc/arm-none-eabi/10.3.1/../../../../arm-none-eabi/lib\libg.a(lib_a-assert.o)
                                 0x43 (size before relaxing)
 *fill*         0x0800c563        0x1 
 .rodata._setlocale_r.str1.4
                0x0800c564        0xa d:/gcc-arm-none-eabi/bin/../lib/gcc/arm-none-eabi/10.3.1/../../../../arm-none-eabi/lib\libg.a(lib_a-locale.o)
                                  0xd (size before relaxing)
 *fill*         0x0800c56e        0x2 
 .rodata.str1.4
                0x0800c570        0x2 d:/gcc-arm-none-eabi/bin/../lib/gcc/arm-none-eabi/10.3.1/../../../../arm-none-eabi/lib\libg.a(lib_a-locale.o)
 .rodata._vfiprintf_r.str1.4
                0x0800c572       0x2f d:/gcc-arm-none-eabi/bin/../lib/gcc/arm-none-eabi/10.3.1/../../../../arm-none-eabi/lib\libg.a(lib_a-vfiprintf.o)
 *fill*         0x0800c572        0x2 
 .rodata.blanks.1
                0x0800c574       0x10 d:/gcc-arm-none-eabi/bin/../lib/gcc/arm-none-eabi/10.3.1/../../../../arm-none-eabi/lib\libg.a(lib_a-vfiprintf.o)
 .rodata.zeroes.0
                0x0800c584       0x10 d:/gcc-arm-none-eabi/bin/../lib/gcc/arm-none-eabi/10.3.1/../../../../arm-none-eabi/lib\libg.a(lib_a-vfiprintf.o)
 .rodata._ctype_
                0x0800c594      0x101 d:/gcc-arm-none-eabi/bin/../lib/gcc/arm-none-eabi/10.3.1/../../../../arm-none-eabi/lib\libg.a(lib_a-ctype_.o)
                0x0800c594                _ctype_
                0x0800c698                . = ALIGN (0x4)
 *fill*         0x0800c695        0x3 

.ARM.extab
 *(.ARM.extab* .gnu.linkonce.armextab.*)

.ARM            0x0800c698        0x8
                0x0800c698                __exidx_start = .
 *(.ARM.exidx*)
 .ARM.exidx     0x0800c698        0x8 d:/gcc-arm-none-eabi/bin/../lib/gcc/arm-none-eabi/10.3.1\libgcc.a(_udivmoddi4.o)
                0x0800c6a0                __exidx_end = .

.rel.dyn        0x0800c6a0        0x0
 .rel.iplt      0x0800c6a0        0x0 d:/gcc-arm-none-eabi/bin/../lib/gcc/arm-none-eabi/10.3.1/crtbegin.o

.preinit_array  0x0800c6a0        0x0
                0x0800c6a0                PROVIDE (__preinit_array_start = .)
 *(.preinit_array*)
                0x0800c6a0                PROVIDE (__preinit_array_end = .)

.init_array     0x0800c6a0        0x8
                0x0800c6a0                PROVIDE (__init_array_start = .)
 *(SORT_BY_NAME(.init_array.*))
 .init_array.00000
                0x0800c6a0        0x4 d:/gcc-arm-none-eabi/bin/../lib/gcc/arm-none-eabi/10.3.1/../../../../arm-none-eabi/lib\libg.a(lib_a-__call_atexit.o)
 *(.init_array*)
 .init_array    0x0800c6a4        0x4 d:/gcc-arm-none-eabi/bin/../lib/gcc/arm-none-eabi/10.3.1/crtbegin.o
                0x0800c6a8                PROVIDE (__init_array_end = .)

.fini_array     0x0800c6a8        0x4
                0x0800c6a8                PROVIDE (__fini_array_start = .)
 *(SORT_BY_NAME(.fini_array.*))
 *(.fini_array*)
 .fini_array    0x0800c6a8        0x4 d:/gcc-arm-none-eabi/bin/../lib/gcc/arm-none-eabi/10.3.1/crtbegin.o
                0x0800c6ac                PROVIDE (__fini_array_end = .)
                0x0800c6ac                _sidata = LOADADDR (.data)

.data           0x20000000      0x9c8 load address 0x0800c6ac
                0x20000000                . = ALIGN (0x4)
                0x20000000                _sdata = .
 *(.data)
 *(.data*)
 .data.ADCPrescTable
                0x20000000        0x4 CMakeFiles/MYCAR-CLION.elf.dir/STM32F10x_FWLib/Src/stm32f10x_rcc.c.obj
 .data.APBAHBPrescTable
                0x20000004       0x10 CMakeFiles/MYCAR-CLION.elf.dir/STM32F10x_FWLib/Src/stm32f10x_rcc.c.obj
 .data.SystemCoreClock
                0x20000014        0x4 CMakeFiles/MYCAR-CLION.elf.dir/Users/Src/system_stm32f10x.c.obj
                0x20000014                SystemCoreClock
 .data._impure_ptr
                0x20000018        0x4 d:/gcc-arm-none-eabi/bin/../lib/gcc/arm-none-eabi/10.3.1/../../../../arm-none-eabi/lib\libg.a(lib_a-impure.o)
                0x20000018                _impure_ptr
 *fill*         0x2000001c        0x4 
 .data.impure_data
                0x20000020      0x428 d:/gcc-arm-none-eabi/bin/../lib/gcc/arm-none-eabi/10.3.1/../../../../arm-none-eabi/lib\libg.a(lib_a-impure.o)
 .data.__atexit_recursive_mutex
                0x20000448        0x4 d:/gcc-arm-none-eabi/bin/../lib/gcc/arm-none-eabi/10.3.1/../../../../arm-none-eabi/lib\libg.a(lib_a-__call_atexit.o)
                0x20000448                __atexit_recursive_mutex
 .data.__malloc_av_
                0x2000044c      0x408 d:/gcc-arm-none-eabi/bin/../lib/gcc/arm-none-eabi/10.3.1/../../../../arm-none-eabi/lib\libg.a(lib_a-mallocr.o)
                0x2000044c                __malloc_av_
 .data.__malloc_sbrk_base
                0x20000854        0x4 d:/gcc-arm-none-eabi/bin/../lib/gcc/arm-none-eabi/10.3.1/../../../../arm-none-eabi/lib\libg.a(lib_a-mallocr.o)
                0x20000854                __malloc_sbrk_base
 .data.__malloc_trim_threshold
                0x20000858        0x4 d:/gcc-arm-none-eabi/bin/../lib/gcc/arm-none-eabi/10.3.1/../../../../arm-none-eabi/lib\libg.a(lib_a-mallocr.o)
                0x20000858                __malloc_trim_threshold
 .data.__global_locale
                0x2000085c      0x16c d:/gcc-arm-none-eabi/bin/../lib/gcc/arm-none-eabi/10.3.1/../../../../arm-none-eabi/lib\libg.a(lib_a-locale.o)
                0x2000085c                __global_locale
                0x200009c8                . = ALIGN (0x4)
                0x200009c8                _edata = .

.igot.plt       0x200009c8        0x0 load address 0x0800d074
 .igot.plt      0x200009c8        0x0 d:/gcc-arm-none-eabi/bin/../lib/gcc/arm-none-eabi/10.3.1/crtbegin.o
                0x200009c8                . = ALIGN (0x4)

.bss            0x200009c8      0x144 load address 0x0800d074
                0x200009c8                _sbss = .
                0x200009c8                __bss_start__ = _sbss
 *(.bss)
 .bss           0x200009c8       0x1c d:/gcc-arm-none-eabi/bin/../lib/gcc/arm-none-eabi/10.3.1/crtbegin.o
 *(.bss*)
 .bss.Param     0x200009e4       0x28 CMakeFiles/MYCAR-CLION.elf.dir/SYSTEM/Src/myconfig.c.obj
                0x200009e4                Param
 .bss.PID       0x20000a0c       0x48 CMakeFiles/MYCAR-CLION.elf.dir/SYSTEM/Src/pid.c.obj
                0x20000a0c                PID
 .bss.Data_BitNum
                0x20000a54        0x1 CMakeFiles/MYCAR-CLION.elf.dir/SYSTEM/Src/usart1.c.obj
                0x20000a54                Data_BitNum
 .bss.RxState.1
                0x20000a55        0x1 CMakeFiles/MYCAR-CLION.elf.dir/SYSTEM/Src/usart1.c.obj
 .bss.Usart_RxData
                0x20000a56        0x1 CMakeFiles/MYCAR-CLION.elf.dir/SYSTEM/Src/usart1.c.obj
                0x20000a56                Usart_RxData
 .bss.Usart_RxFlag
                0x20000a57        0x1 CMakeFiles/MYCAR-CLION.elf.dir/SYSTEM/Src/usart1.c.obj
                0x20000a57                Usart_RxFlag
 .bss.Usart_RxPacket
                0x20000a58       0x64 CMakeFiles/MYCAR-CLION.elf.dir/SYSTEM/Src/usart1.c.obj
                0x20000a58                Usart_RxPacket
 .bss.id_Flag   0x20000abc        0x1 CMakeFiles/MYCAR-CLION.elf.dir/SYSTEM/Src/usart1.c.obj
                0x20000abc                id_Flag
 .bss.pRxPacket.0
                0x20000abd        0x1 CMakeFiles/MYCAR-CLION.elf.dir/SYSTEM/Src/usart1.c.obj
 *fill*         0x20000abe        0x2 
 .bss.heap_end.0
                0x20000ac0        0x4 CMakeFiles/MYCAR-CLION.elf.dir/Users/Src/syscalls.c.obj
 .bss.__lock___atexit_recursive_mutex
                0x20000ac4        0x1 d:/gcc-arm-none-eabi/bin/../lib/gcc/arm-none-eabi/10.3.1/../../../../arm-none-eabi/lib\libg.a(lib_a-lock.o)
                0x20000ac4                __lock___atexit_recursive_mutex
 *fill*         0x20000ac5        0x3 
 .bss.__lock___malloc_recursive_mutex
                0x20000ac8        0x1 d:/gcc-arm-none-eabi/bin/../lib/gcc/arm-none-eabi/10.3.1/../../../../arm-none-eabi/lib\libg.a(lib_a-lock.o)
                0x20000ac8                __lock___malloc_recursive_mutex
 *fill*         0x20000ac9        0x3 
 .bss.__lock___sfp_recursive_mutex
                0x20000acc        0x1 d:/gcc-arm-none-eabi/bin/../lib/gcc/arm-none-eabi/10.3.1/../../../../arm-none-eabi/lib\libg.a(lib_a-lock.o)
                0x20000acc                __lock___sfp_recursive_mutex
 *fill*         0x20000acd        0x3 
 .bss.__lock___sinit_recursive_mutex
                0x20000ad0        0x1 d:/gcc-arm-none-eabi/bin/../lib/gcc/arm-none-eabi/10.3.1/../../../../arm-none-eabi/lib\libg.a(lib_a-lock.o)
                0x20000ad0                __lock___sinit_recursive_mutex
 *fill*         0x20000ad1        0x3 
 .bss.__malloc_current_mallinfo
                0x20000ad4       0x28 d:/gcc-arm-none-eabi/bin/../lib/gcc/arm-none-eabi/10.3.1/../../../../arm-none-eabi/lib\libg.a(lib_a-mallocr.o)
                0x20000ad4                __malloc_current_mallinfo
 .bss.__malloc_max_sbrked_mem
                0x20000afc        0x4 d:/gcc-arm-none-eabi/bin/../lib/gcc/arm-none-eabi/10.3.1/../../../../arm-none-eabi/lib\libg.a(lib_a-mallocr.o)
                0x20000afc                __malloc_max_sbrked_mem
 .bss.__malloc_max_total_mem
                0x20000b00        0x4 d:/gcc-arm-none-eabi/bin/../lib/gcc/arm-none-eabi/10.3.1/../../../../arm-none-eabi/lib\libg.a(lib_a-mallocr.o)
                0x20000b00                __malloc_max_total_mem
 .bss.__malloc_top_pad
                0x20000b04        0x4 d:/gcc-arm-none-eabi/bin/../lib/gcc/arm-none-eabi/10.3.1/../../../../arm-none-eabi/lib\libg.a(lib_a-mallocr.o)
                0x20000b04                __malloc_top_pad
 .bss.errno     0x20000b08        0x4 d:/gcc-arm-none-eabi/bin/../lib/gcc/arm-none-eabi/10.3.1/../../../../arm-none-eabi/lib\libg.a(lib_a-reent.o)
                0x20000b08                errno
 *(COMMON)
                0x20000b0c                . = ALIGN (0x4)
                0x20000b0c                _ebss = .
                0x20000b0c                __bss_end__ = _ebss

._user_heap_stack
                0x20000b0c      0x604 load address 0x0800d074
                0x20000b10                . = ALIGN (0x8)
 *fill*         0x20000b0c        0x4 
                0x20000b10                PROVIDE (end = .)
                [!provide]                PROVIDE (_end = .)
                0x20000d10                . = (. + _Min_Heap_Size)
 *fill*         0x20000b10      0x200 
                0x20001110                . = (. + _Min_Stack_Size)
 *fill*         0x20000d10      0x400 
                0x20001110                . = ALIGN (0x8)

/DISCARD/
 libc.a(*)
 libm.a(*)
 libgcc.a(*)

.ARM.attributes
                0x00000000       0x2f
 *(.ARM.attributes)
 .ARM.attributes
                0x00000000       0x1c d:/gcc-arm-none-eabi/bin/../lib/gcc/arm-none-eabi/10.3.1/crti.o
 .ARM.attributes
                0x0000001c       0x2a d:/gcc-arm-none-eabi/bin/../lib/gcc/arm-none-eabi/10.3.1/crtbegin.o
 .ARM.attributes
                0x00000046       0x33 CMakeFiles/MYCAR-CLION.elf.dir/STM32F10x_FWLib/Src/misc.c.obj
 .ARM.attributes
                0x00000079       0x33 CMakeFiles/MYCAR-CLION.elf.dir/STM32F10x_FWLib/Src/stm32f10x_gpio.c.obj
 .ARM.attributes
                0x000000ac       0x33 CMakeFiles/MYCAR-CLION.elf.dir/STM32F10x_FWLib/Src/stm32f10x_rcc.c.obj
 .ARM.attributes
                0x000000df       0x33 CMakeFiles/MYCAR-CLION.elf.dir/STM32F10x_FWLib/Src/stm32f10x_tim.c.obj
 .ARM.attributes
                0x00000112       0x33 CMakeFiles/MYCAR-CLION.elf.dir/STM32F10x_FWLib/Src/stm32f10x_usart.c.obj
 .ARM.attributes
                0x00000145       0x33 CMakeFiles/MYCAR-CLION.elf.dir/SYSTEM/Src/OLED.c.obj
 .ARM.attributes
                0x00000178       0x33 CMakeFiles/MYCAR-CLION.elf.dir/SYSTEM/Src/encoder.c.obj
 .ARM.attributes
                0x000001ab       0x33 CMakeFiles/MYCAR-CLION.elf.dir/SYSTEM/Src/motor.c.obj
 .ARM.attributes
                0x000001de       0x33 CMakeFiles/MYCAR-CLION.elf.dir/SYSTEM/Src/myconfig.c.obj
 .ARM.attributes
                0x00000211       0x33 CMakeFiles/MYCAR-CLION.elf.dir/SYSTEM/Src/nvic.c.obj
 .ARM.attributes
                0x00000244       0x33 CMakeFiles/MYCAR-CLION.elf.dir/SYSTEM/Src/pid.c.obj
 .ARM.attributes
                0x00000277       0x33 CMakeFiles/MYCAR-CLION.elf.dir/SYSTEM/Src/systick.c.obj
 .ARM.attributes
                0x000002aa       0x33 CMakeFiles/MYCAR-CLION.elf.dir/SYSTEM/Src/tim1.c.obj
 .ARM.attributes
                0x000002dd       0x33 CMakeFiles/MYCAR-CLION.elf.dir/SYSTEM/Src/tim3.c.obj
 .ARM.attributes
                0x00000310       0x33 CMakeFiles/MYCAR-CLION.elf.dir/SYSTEM/Src/usart1.c.obj
 .ARM.attributes
                0x00000343       0x33 CMakeFiles/MYCAR-CLION.elf.dir/Users/Src/main.c.obj
 .ARM.attributes
                0x00000376       0x33 CMakeFiles/MYCAR-CLION.elf.dir/Users/Src/stm32f10x_it.c.obj
 .ARM.attributes
                0x000003a9       0x33 CMakeFiles/MYCAR-CLION.elf.dir/Users/Src/syscalls.c.obj
 .ARM.attributes
                0x000003dc       0x33 CMakeFiles/MYCAR-CLION.elf.dir/Users/Src/system_stm32f10x.c.obj
 .ARM.attributes
                0x0000040f       0x21 CMakeFiles/MYCAR-CLION.elf.dir/startup/startup_stm32f103xb.s.obj
 .ARM.attributes
                0x00000430       0x1c d:/gcc-arm-none-eabi/bin/../lib/gcc/arm-none-eabi/10.3.1\libgcc.a(_arm_addsubdf3.o)
 .ARM.attributes
                0x0000044c       0x1c d:/gcc-arm-none-eabi/bin/../lib/gcc/arm-none-eabi/10.3.1\libgcc.a(_arm_muldivdf3.o)
 .ARM.attributes
                0x00000468       0x2a d:/gcc-arm-none-eabi/bin/../lib/gcc/arm-none-eabi/10.3.1/../../../../arm-none-eabi/lib\libg.a(lib_a-errno.o)
 .ARM.attributes
                0x00000492       0x2a d:/gcc-arm-none-eabi/bin/../lib/gcc/arm-none-eabi/10.3.1/../../../../arm-none-eabi/lib\libg.a(lib_a-impure.o)
 .ARM.attributes
                0x000004bc       0x2a d:/gcc-arm-none-eabi/bin/../lib/gcc/arm-none-eabi/10.3.1/../../../../arm-none-eabi/lib\libg.a(lib_a-init.o)
 .ARM.attributes
                0x000004e6       0x2a d:/gcc-arm-none-eabi/bin/../lib/gcc/arm-none-eabi/10.3.1/../../../../arm-none-eabi/lib\libg.a(lib_a-memcpy-stub.o)
 .ARM.attributes
                0x00000510       0x2a d:/gcc-arm-none-eabi/bin/../lib/gcc/arm-none-eabi/10.3.1/../../../../arm-none-eabi/lib\libg.a(lib_a-memset.o)
 .ARM.attributes
                0x0000053a       0x2a d:/gcc-arm-none-eabi/bin/../lib/gcc/arm-none-eabi/10.3.1/../../../../arm-none-eabi/lib\libg.a(lib_a-vsprintf.o)
 .ARM.attributes
                0x00000564       0x2a d:/gcc-arm-none-eabi/bin/../lib/gcc/arm-none-eabi/10.3.1/../../../../arm-none-eabi/lib\libg.a(lib_a-__call_atexit.o)
 .ARM.attributes
                0x0000058e       0x2a d:/gcc-arm-none-eabi/bin/../lib/gcc/arm-none-eabi/10.3.1/../../../../arm-none-eabi/lib\libg.a(lib_a-atexit.o)
 .ARM.attributes
                0x000005b8       0x2a d:/gcc-arm-none-eabi/bin/../lib/gcc/arm-none-eabi/10.3.1/../../../../arm-none-eabi/lib\libg.a(lib_a-fini.o)
 .ARM.attributes
                0x000005e2       0x2a d:/gcc-arm-none-eabi/bin/../lib/gcc/arm-none-eabi/10.3.1/../../../../arm-none-eabi/lib\libg.a(lib_a-lock.o)
 .ARM.attributes
                0x0000060c       0x2a d:/gcc-arm-none-eabi/bin/../lib/gcc/arm-none-eabi/10.3.1/../../../../arm-none-eabi/lib\libg.a(lib_a-svfprintf.o)
 .ARM.attributes
                0x00000636       0x2a d:/gcc-arm-none-eabi/bin/../lib/gcc/arm-none-eabi/10.3.1/../../../../arm-none-eabi/lib\libg.a(lib_a-__atexit.o)
 .ARM.attributes
                0x00000660       0x2a d:/gcc-arm-none-eabi/bin/../lib/gcc/arm-none-eabi/10.3.1/../../../../arm-none-eabi/lib\libg.a(lib_a-dtoa.o)
 .ARM.attributes
                0x0000068a       0x2a d:/gcc-arm-none-eabi/bin/../lib/gcc/arm-none-eabi/10.3.1/../../../../arm-none-eabi/lib\libg.a(lib_a-freer.o)
 .ARM.attributes
                0x000006b4       0x2a d:/gcc-arm-none-eabi/bin/../lib/gcc/arm-none-eabi/10.3.1/../../../../arm-none-eabi/lib\libg.a(lib_a-localeconv.o)
 .ARM.attributes
                0x000006de       0x2a d:/gcc-arm-none-eabi/bin/../lib/gcc/arm-none-eabi/10.3.1/../../../../arm-none-eabi/lib\libg.a(lib_a-mallocr.o)
 .ARM.attributes
                0x00000708       0x2a d:/gcc-arm-none-eabi/bin/../lib/gcc/arm-none-eabi/10.3.1/../../../../arm-none-eabi/lib\libg.a(lib_a-memchr-stub.o)
 .ARM.attributes
                0x00000732       0x2a d:/gcc-arm-none-eabi/bin/../lib/gcc/arm-none-eabi/10.3.1/../../../../arm-none-eabi/lib\libg.a(lib_a-mlock.o)
 .ARM.attributes
                0x0000075c       0x2a d:/gcc-arm-none-eabi/bin/../lib/gcc/arm-none-eabi/10.3.1/../../../../arm-none-eabi/lib\libg.a(lib_a-mprec.o)
 .ARM.attributes
                0x00000786       0x2a d:/gcc-arm-none-eabi/bin/../lib/gcc/arm-none-eabi/10.3.1/../../../../arm-none-eabi/lib\libg.a(lib_a-s_frexp.o)
 .ARM.attributes
                0x000007b0       0x2a d:/gcc-arm-none-eabi/bin/../lib/gcc/arm-none-eabi/10.3.1/../../../../arm-none-eabi/lib\libg.a(lib_a-sbrkr.o)
 .ARM.attributes
                0x000007da       0x2a d:/gcc-arm-none-eabi/bin/../lib/gcc/arm-none-eabi/10.3.1/../../../../arm-none-eabi/lib\libg.a(lib_a-strlen-stub.o)
 .ARM.attributes
                0x00000804       0x2a d:/gcc-arm-none-eabi/bin/../lib/gcc/arm-none-eabi/10.3.1/../../../../arm-none-eabi/lib\libg.a(lib_a-strncpy.o)
 .ARM.attributes
                0x0000082e       0x2a d:/gcc-arm-none-eabi/bin/../lib/gcc/arm-none-eabi/10.3.1/../../../../arm-none-eabi/lib\libg.a(lib_a-svfiprintf.o)
 .ARM.attributes
                0x00000858       0x2a d:/gcc-arm-none-eabi/bin/../lib/gcc/arm-none-eabi/10.3.1/../../../../arm-none-eabi/lib\libg.a(lib_a-assert.o)
 .ARM.attributes
                0x00000882       0x2a d:/gcc-arm-none-eabi/bin/../lib/gcc/arm-none-eabi/10.3.1/../../../../arm-none-eabi/lib\libg.a(lib_a-callocr.o)
 .ARM.attributes
                0x000008ac       0x2a d:/gcc-arm-none-eabi/bin/../lib/gcc/arm-none-eabi/10.3.1/../../../../arm-none-eabi/lib\libg.a(lib_a-fiprintf.o)
 .ARM.attributes
                0x000008d6       0x2a d:/gcc-arm-none-eabi/bin/../lib/gcc/arm-none-eabi/10.3.1/../../../../arm-none-eabi/lib\libg.a(lib_a-locale.o)
 .ARM.attributes
                0x00000900       0x2a d:/gcc-arm-none-eabi/bin/../lib/gcc/arm-none-eabi/10.3.1/../../../../arm-none-eabi/lib\libg.a(lib_a-mbtowc_r.o)
 .ARM.attributes
                0x0000092a       0x2a d:/gcc-arm-none-eabi/bin/../lib/gcc/arm-none-eabi/10.3.1/../../../../arm-none-eabi/lib\libg.a(lib_a-memmove.o)
 .ARM.attributes
                0x00000954       0x2a d:/gcc-arm-none-eabi/bin/../lib/gcc/arm-none-eabi/10.3.1/../../../../arm-none-eabi/lib\libg.a(lib_a-reallocr.o)
 .ARM.attributes
                0x0000097e       0x2a d:/gcc-arm-none-eabi/bin/../lib/gcc/arm-none-eabi/10.3.1/../../../../arm-none-eabi/lib\libg.a(lib_a-reent.o)
 .ARM.attributes
                0x000009a8       0x2a d:/gcc-arm-none-eabi/bin/../lib/gcc/arm-none-eabi/10.3.1/../../../../arm-none-eabi/lib\libg.a(lib_a-vfiprintf.o)
 .ARM.attributes
                0x000009d2       0x2a d:/gcc-arm-none-eabi/bin/../lib/gcc/arm-none-eabi/10.3.1/../../../../arm-none-eabi/lib\libg.a(lib_a-wctomb_r.o)
 .ARM.attributes
                0x000009fc       0x2a d:/gcc-arm-none-eabi/bin/../lib/gcc/arm-none-eabi/10.3.1/../../../../arm-none-eabi/lib\libg.a(lib_a-wsetup.o)
 .ARM.attributes
                0x00000a26       0x2a d:/gcc-arm-none-eabi/bin/../lib/gcc/arm-none-eabi/10.3.1/../../../../arm-none-eabi/lib\libg.a(lib_a-abort.o)
 .ARM.attributes
                0x00000a50       0x2a d:/gcc-arm-none-eabi/bin/../lib/gcc/arm-none-eabi/10.3.1/../../../../arm-none-eabi/lib\libg.a(lib_a-ctype_.o)
 .ARM.attributes
                0x00000a7a       0x2a d:/gcc-arm-none-eabi/bin/../lib/gcc/arm-none-eabi/10.3.1/../../../../arm-none-eabi/lib\libg.a(lib_a-fflush.o)
 .ARM.attributes
                0x00000aa4       0x2a d:/gcc-arm-none-eabi/bin/../lib/gcc/arm-none-eabi/10.3.1/../../../../arm-none-eabi/lib\libg.a(lib_a-findfp.o)
 .ARM.attributes
                0x00000ace       0x2a d:/gcc-arm-none-eabi/bin/../lib/gcc/arm-none-eabi/10.3.1/../../../../arm-none-eabi/lib\libg.a(lib_a-fputwc.o)
 .ARM.attributes
                0x00000af8       0x2a d:/gcc-arm-none-eabi/bin/../lib/gcc/arm-none-eabi/10.3.1/../../../../arm-none-eabi/lib\libg.a(lib_a-fvwrite.o)
 .ARM.attributes
                0x00000b22       0x2a d:/gcc-arm-none-eabi/bin/../lib/gcc/arm-none-eabi/10.3.1/../../../../arm-none-eabi/lib\libg.a(lib_a-fwalk.o)
 .ARM.attributes
                0x00000b4c       0x2a d:/gcc-arm-none-eabi/bin/../lib/gcc/arm-none-eabi/10.3.1/../../../../arm-none-eabi/lib\libg.a(lib_a-makebuf.o)
 .ARM.attributes
                0x00000b76       0x2a d:/gcc-arm-none-eabi/bin/../lib/gcc/arm-none-eabi/10.3.1/../../../../arm-none-eabi/lib\libg.a(lib_a-signal.o)
 .ARM.attributes
                0x00000ba0       0x2a d:/gcc-arm-none-eabi/bin/../lib/gcc/arm-none-eabi/10.3.1/../../../../arm-none-eabi/lib\libg.a(lib_a-signalr.o)
 .ARM.attributes
                0x00000bca       0x2a d:/gcc-arm-none-eabi/bin/../lib/gcc/arm-none-eabi/10.3.1/../../../../arm-none-eabi/lib\libg.a(lib_a-stdio.o)
 .ARM.attributes
                0x00000bf4       0x2a d:/gcc-arm-none-eabi/bin/../lib/gcc/arm-none-eabi/10.3.1/../../../../arm-none-eabi/lib\libg.a(lib_a-wbuf.o)
 .ARM.attributes
                0x00000c1e       0x2a d:/gcc-arm-none-eabi/bin/../lib/gcc/arm-none-eabi/10.3.1/../../../../arm-none-eabi/lib\libg.a(lib_a-wcrtomb.o)
 .ARM.attributes
                0x00000c48       0x2a d:/gcc-arm-none-eabi/bin/../lib/gcc/arm-none-eabi/10.3.1/../../../../arm-none-eabi/lib\libg.a(lib_a-writer.o)
 .ARM.attributes
                0x00000c72       0x2a d:/gcc-arm-none-eabi/bin/../lib/gcc/arm-none-eabi/10.3.1/../../../../arm-none-eabi/lib\libg.a(lib_a-closer.o)
 .ARM.attributes
                0x00000c9c       0x2a d:/gcc-arm-none-eabi/bin/../lib/gcc/arm-none-eabi/10.3.1/../../../../arm-none-eabi/lib\libg.a(lib_a-fclose.o)
 .ARM.attributes
                0x00000cc6       0x2a d:/gcc-arm-none-eabi/bin/../lib/gcc/arm-none-eabi/10.3.1/../../../../arm-none-eabi/lib\libg.a(lib_a-fstatr.o)
 .ARM.attributes
                0x00000cf0       0x2a d:/gcc-arm-none-eabi/bin/../lib/gcc/arm-none-eabi/10.3.1/../../../../arm-none-eabi/lib\libg.a(lib_a-isattyr.o)
 .ARM.attributes
                0x00000d1a       0x2a d:/gcc-arm-none-eabi/bin/../lib/gcc/arm-none-eabi/10.3.1/../../../../arm-none-eabi/lib\libg.a(lib_a-lseekr.o)
 .ARM.attributes
                0x00000d44       0x2a d:/gcc-arm-none-eabi/bin/../lib/gcc/arm-none-eabi/10.3.1/../../../../arm-none-eabi/lib\libg.a(lib_a-readr.o)
 .ARM.attributes
                0x00000d6e       0x1c d:/gcc-arm-none-eabi/bin/../lib/gcc/arm-none-eabi/10.3.1\libgcc.a(_udivsi3.o)
 .ARM.attributes
                0x00000d8a       0x1c d:/gcc-arm-none-eabi/bin/../lib/gcc/arm-none-eabi/10.3.1\libgcc.a(_divsi3.o)
 .ARM.attributes
                0x00000da6       0x1c d:/gcc-arm-none-eabi/bin/../lib/gcc/arm-none-eabi/10.3.1\libgcc.a(_dvmd_tls.o)
 .ARM.attributes
                0x00000dc2       0x1c d:/gcc-arm-none-eabi/bin/../lib/gcc/arm-none-eabi/10.3.1\libgcc.a(_arm_cmpdf2.o)
 .ARM.attributes
                0x00000dde       0x1c d:/gcc-arm-none-eabi/bin/../lib/gcc/arm-none-eabi/10.3.1\libgcc.a(_arm_unorddf2.o)
 .ARM.attributes
                0x00000dfa       0x1c d:/gcc-arm-none-eabi/bin/../lib/gcc/arm-none-eabi/10.3.1\libgcc.a(_arm_fixdfsi.o)
 .ARM.attributes
                0x00000e16       0x1c d:/gcc-arm-none-eabi/bin/../lib/gcc/arm-none-eabi/10.3.1\libgcc.a(_aeabi_uldivmod.o)
 .ARM.attributes
                0x00000e32       0x2a d:/gcc-arm-none-eabi/bin/../lib/gcc/arm-none-eabi/10.3.1\libgcc.a(_udivmoddi4.o)
 .ARM.attributes
                0x00000e5c       0x1c d:/gcc-arm-none-eabi/bin/../lib/gcc/arm-none-eabi/10.3.1\libgcc.a(_clzdi2.o)
 .ARM.attributes
                0x00000e78       0x1c d:/gcc-arm-none-eabi/bin/../lib/gcc/arm-none-eabi/10.3.1\libgcc.a(_clzsi2.o)
 .ARM.attributes
                0x00000e94       0x1c d:/gcc-arm-none-eabi/bin/../lib/gcc/arm-none-eabi/10.3.1/crtn.o
OUTPUT(MYCAR-CLION.elf elf32-littlearm)
LOAD linker stubs
LOAD d:/gcc-arm-none-eabi/bin/../lib/gcc/arm-none-eabi/10.3.1/../../../../arm-none-eabi/lib\libc.a
LOAD d:/gcc-arm-none-eabi/bin/../lib/gcc/arm-none-eabi/10.3.1/../../../../arm-none-eabi/lib\libm.a
LOAD d:/gcc-arm-none-eabi/bin/../lib/gcc/arm-none-eabi/10.3.1\libgcc.a

.debug_info     0x00000000     0xafd1
 .debug_info    0x00000000      0x52c CMakeFiles/MYCAR-CLION.elf.dir/STM32F10x_FWLib/Src/misc.c.obj
 .debug_info    0x0000052c      0x91e CMakeFiles/MYCAR-CLION.elf.dir/STM32F10x_FWLib/Src/stm32f10x_gpio.c.obj
 .debug_info    0x00000e4a      0x97f CMakeFiles/MYCAR-CLION.elf.dir/STM32F10x_FWLib/Src/stm32f10x_rcc.c.obj
 .debug_info    0x000017c9     0x2500 CMakeFiles/MYCAR-CLION.elf.dir/STM32F10x_FWLib/Src/stm32f10x_tim.c.obj
 .debug_info    0x00003cc9      0xc08 CMakeFiles/MYCAR-CLION.elf.dir/STM32F10x_FWLib/Src/stm32f10x_usart.c.obj
 .debug_info    0x000048d1      0xddd CMakeFiles/MYCAR-CLION.elf.dir/SYSTEM/Src/OLED.c.obj
 .debug_info    0x000056ae      0xa02 CMakeFiles/MYCAR-CLION.elf.dir/SYSTEM/Src/encoder.c.obj
 .debug_info    0x000060b0      0x7c8 CMakeFiles/MYCAR-CLION.elf.dir/SYSTEM/Src/motor.c.obj
 .debug_info    0x00006878      0x8e6 CMakeFiles/MYCAR-CLION.elf.dir/SYSTEM/Src/myconfig.c.obj
 .debug_info    0x0000715e       0xb8 CMakeFiles/MYCAR-CLION.elf.dir/SYSTEM/Src/nvic.c.obj
 .debug_info    0x00007216      0x1fd CMakeFiles/MYCAR-CLION.elf.dir/SYSTEM/Src/pid.c.obj
 .debug_info    0x00007413      0x602 CMakeFiles/MYCAR-CLION.elf.dir/SYSTEM/Src/systick.c.obj
 .debug_info    0x00007a15      0x714 CMakeFiles/MYCAR-CLION.elf.dir/SYSTEM/Src/tim1.c.obj
 .debug_info    0x00008129      0x664 CMakeFiles/MYCAR-CLION.elf.dir/SYSTEM/Src/tim3.c.obj
 .debug_info    0x0000878d     0x1598 CMakeFiles/MYCAR-CLION.elf.dir/SYSTEM/Src/usart1.c.obj
 .debug_info    0x00009d25      0x4ab CMakeFiles/MYCAR-CLION.elf.dir/Users/Src/main.c.obj
 .debug_info    0x0000a1d0      0x10e CMakeFiles/MYCAR-CLION.elf.dir/Users/Src/stm32f10x_it.c.obj
 .debug_info    0x0000a2de      0x835 CMakeFiles/MYCAR-CLION.elf.dir/Users/Src/syscalls.c.obj
 .debug_info    0x0000ab13      0x49c CMakeFiles/MYCAR-CLION.elf.dir/Users/Src/system_stm32f10x.c.obj
 .debug_info    0x0000afaf       0x22 CMakeFiles/MYCAR-CLION.elf.dir/startup/startup_stm32f103xb.s.obj

.debug_abbrev   0x00000000     0x1ebb
 .debug_abbrev  0x00000000      0x198 CMakeFiles/MYCAR-CLION.elf.dir/STM32F10x_FWLib/Src/misc.c.obj
 .debug_abbrev  0x00000198      0x220 CMakeFiles/MYCAR-CLION.elf.dir/STM32F10x_FWLib/Src/stm32f10x_gpio.c.obj
 .debug_abbrev  0x000003b8      0x204 CMakeFiles/MYCAR-CLION.elf.dir/STM32F10x_FWLib/Src/stm32f10x_rcc.c.obj
 .debug_abbrev  0x000005bc      0x206 CMakeFiles/MYCAR-CLION.elf.dir/STM32F10x_FWLib/Src/stm32f10x_tim.c.obj
 .debug_abbrev  0x000007c2      0x1dc CMakeFiles/MYCAR-CLION.elf.dir/STM32F10x_FWLib/Src/stm32f10x_usart.c.obj
 .debug_abbrev  0x0000099e      0x225 CMakeFiles/MYCAR-CLION.elf.dir/SYSTEM/Src/OLED.c.obj
 .debug_abbrev  0x00000bc3      0x182 CMakeFiles/MYCAR-CLION.elf.dir/SYSTEM/Src/encoder.c.obj
 .debug_abbrev  0x00000d45      0x16b CMakeFiles/MYCAR-CLION.elf.dir/SYSTEM/Src/motor.c.obj
 .debug_abbrev  0x00000eb0      0x1d1 CMakeFiles/MYCAR-CLION.elf.dir/SYSTEM/Src/myconfig.c.obj
 .debug_abbrev  0x00001081       0x7f CMakeFiles/MYCAR-CLION.elf.dir/SYSTEM/Src/nvic.c.obj
 .debug_abbrev  0x00001100       0xc7 CMakeFiles/MYCAR-CLION.elf.dir/SYSTEM/Src/pid.c.obj
 .debug_abbrev  0x000011c7      0x1c7 CMakeFiles/MYCAR-CLION.elf.dir/SYSTEM/Src/systick.c.obj
 .debug_abbrev  0x0000138e      0x147 CMakeFiles/MYCAR-CLION.elf.dir/SYSTEM/Src/tim1.c.obj
 .debug_abbrev  0x000014d5      0x151 CMakeFiles/MYCAR-CLION.elf.dir/SYSTEM/Src/tim3.c.obj
 .debug_abbrev  0x00001626      0x395 CMakeFiles/MYCAR-CLION.elf.dir/SYSTEM/Src/usart1.c.obj
 .debug_abbrev  0x000019bb      0x118 CMakeFiles/MYCAR-CLION.elf.dir/Users/Src/main.c.obj
 .debug_abbrev  0x00001ad3       0x44 CMakeFiles/MYCAR-CLION.elf.dir/Users/Src/stm32f10x_it.c.obj
 .debug_abbrev  0x00001b17      0x1da CMakeFiles/MYCAR-CLION.elf.dir/Users/Src/syscalls.c.obj
 .debug_abbrev  0x00001cf1      0x1b8 CMakeFiles/MYCAR-CLION.elf.dir/Users/Src/system_stm32f10x.c.obj
 .debug_abbrev  0x00001ea9       0x12 CMakeFiles/MYCAR-CLION.elf.dir/startup/startup_stm32f103xb.s.obj

.debug_loc      0x00000000     0x4418
 .debug_loc     0x00000000      0x16b CMakeFiles/MYCAR-CLION.elf.dir/STM32F10x_FWLib/Src/misc.c.obj
 .debug_loc     0x0000016b      0x62c CMakeFiles/MYCAR-CLION.elf.dir/STM32F10x_FWLib/Src/stm32f10x_gpio.c.obj
 .debug_loc     0x00000797      0x654 CMakeFiles/MYCAR-CLION.elf.dir/STM32F10x_FWLib/Src/stm32f10x_rcc.c.obj
 .debug_loc     0x00000deb     0x1a55 CMakeFiles/MYCAR-CLION.elf.dir/STM32F10x_FWLib/Src/stm32f10x_tim.c.obj
 .debug_loc     0x00002840      0x80c CMakeFiles/MYCAR-CLION.elf.dir/STM32F10x_FWLib/Src/stm32f10x_usart.c.obj
 .debug_loc     0x0000304c      0x77c CMakeFiles/MYCAR-CLION.elf.dir/SYSTEM/Src/OLED.c.obj
 .debug_loc     0x000037c8       0x81 CMakeFiles/MYCAR-CLION.elf.dir/SYSTEM/Src/encoder.c.obj
 .debug_loc     0x00003849      0x106 CMakeFiles/MYCAR-CLION.elf.dir/SYSTEM/Src/motor.c.obj
 .debug_loc     0x0000394f      0x111 CMakeFiles/MYCAR-CLION.elf.dir/SYSTEM/Src/myconfig.c.obj
 .debug_loc     0x00003a60       0x50 CMakeFiles/MYCAR-CLION.elf.dir/SYSTEM/Src/pid.c.obj
 .debug_loc     0x00003ab0       0x74 CMakeFiles/MYCAR-CLION.elf.dir/SYSTEM/Src/systick.c.obj
 .debug_loc     0x00003b24       0x4a CMakeFiles/MYCAR-CLION.elf.dir/SYSTEM/Src/tim1.c.obj
 .debug_loc     0x00003b6e      0x352 CMakeFiles/MYCAR-CLION.elf.dir/SYSTEM/Src/usart1.c.obj
 .debug_loc     0x00003ec0       0x23 CMakeFiles/MYCAR-CLION.elf.dir/Users/Src/main.c.obj
 .debug_loc     0x00003ee3      0x436 CMakeFiles/MYCAR-CLION.elf.dir/Users/Src/syscalls.c.obj
 .debug_loc     0x00004319       0xff CMakeFiles/MYCAR-CLION.elf.dir/Users/Src/system_stm32f10x.c.obj

.debug_aranges  0x00000000      0xa30
 .debug_aranges
                0x00000000       0x40 CMakeFiles/MYCAR-CLION.elf.dir/STM32F10x_FWLib/Src/misc.c.obj
 .debug_aranges
                0x00000040       0xa8 CMakeFiles/MYCAR-CLION.elf.dir/STM32F10x_FWLib/Src/stm32f10x_gpio.c.obj
 .debug_aranges
                0x000000e8      0x118 CMakeFiles/MYCAR-CLION.elf.dir/STM32F10x_FWLib/Src/stm32f10x_rcc.c.obj
 .debug_aranges
                0x00000200      0x2f0 CMakeFiles/MYCAR-CLION.elf.dir/STM32F10x_FWLib/Src/stm32f10x_tim.c.obj
 .debug_aranges
                0x000004f0      0x100 CMakeFiles/MYCAR-CLION.elf.dir/STM32F10x_FWLib/Src/stm32f10x_usart.c.obj
 .debug_aranges
                0x000005f0       0x98 CMakeFiles/MYCAR-CLION.elf.dir/SYSTEM/Src/OLED.c.obj
 .debug_aranges
                0x00000688       0x40 CMakeFiles/MYCAR-CLION.elf.dir/SYSTEM/Src/encoder.c.obj
 .debug_aranges
                0x000006c8       0x48 CMakeFiles/MYCAR-CLION.elf.dir/SYSTEM/Src/motor.c.obj
 .debug_aranges
                0x00000710       0x48 CMakeFiles/MYCAR-CLION.elf.dir/SYSTEM/Src/myconfig.c.obj
 .debug_aranges
                0x00000758       0x20 CMakeFiles/MYCAR-CLION.elf.dir/SYSTEM/Src/nvic.c.obj
 .debug_aranges
                0x00000778       0x30 CMakeFiles/MYCAR-CLION.elf.dir/SYSTEM/Src/pid.c.obj
 .debug_aranges
                0x000007a8       0x20 CMakeFiles/MYCAR-CLION.elf.dir/SYSTEM/Src/systick.c.obj
 .debug_aranges
                0x000007c8       0x20 CMakeFiles/MYCAR-CLION.elf.dir/SYSTEM/Src/tim1.c.obj
 .debug_aranges
                0x000007e8       0x20 CMakeFiles/MYCAR-CLION.elf.dir/SYSTEM/Src/tim3.c.obj
 .debug_aranges
                0x00000808       0x98 CMakeFiles/MYCAR-CLION.elf.dir/SYSTEM/Src/usart1.c.obj
 .debug_aranges
                0x000008a0       0x20 CMakeFiles/MYCAR-CLION.elf.dir/Users/Src/main.c.obj
 .debug_aranges
                0x000008c0       0x60 CMakeFiles/MYCAR-CLION.elf.dir/Users/Src/stm32f10x_it.c.obj
 .debug_aranges
                0x00000920       0xb0 CMakeFiles/MYCAR-CLION.elf.dir/Users/Src/syscalls.c.obj
 .debug_aranges
                0x000009d0       0x38 CMakeFiles/MYCAR-CLION.elf.dir/Users/Src/system_stm32f10x.c.obj
 .debug_aranges
                0x00000a08       0x28 CMakeFiles/MYCAR-CLION.elf.dir/startup/startup_stm32f103xb.s.obj

.debug_ranges   0x00000000      0x910
 .debug_ranges  0x00000000       0x30 CMakeFiles/MYCAR-CLION.elf.dir/STM32F10x_FWLib/Src/misc.c.obj
 .debug_ranges  0x00000030       0x98 CMakeFiles/MYCAR-CLION.elf.dir/STM32F10x_FWLib/Src/stm32f10x_gpio.c.obj
 .debug_ranges  0x000000c8      0x108 CMakeFiles/MYCAR-CLION.elf.dir/STM32F10x_FWLib/Src/stm32f10x_rcc.c.obj
 .debug_ranges  0x000001d0      0x2e0 CMakeFiles/MYCAR-CLION.elf.dir/STM32F10x_FWLib/Src/stm32f10x_tim.c.obj
 .debug_ranges  0x000004b0       0xf0 CMakeFiles/MYCAR-CLION.elf.dir/STM32F10x_FWLib/Src/stm32f10x_usart.c.obj
 .debug_ranges  0x000005a0       0x88 CMakeFiles/MYCAR-CLION.elf.dir/SYSTEM/Src/OLED.c.obj
 .debug_ranges  0x00000628       0x30 CMakeFiles/MYCAR-CLION.elf.dir/SYSTEM/Src/encoder.c.obj
 .debug_ranges  0x00000658       0x38 CMakeFiles/MYCAR-CLION.elf.dir/SYSTEM/Src/motor.c.obj
 .debug_ranges  0x00000690       0x38 CMakeFiles/MYCAR-CLION.elf.dir/SYSTEM/Src/myconfig.c.obj
 .debug_ranges  0x000006c8       0x10 CMakeFiles/MYCAR-CLION.elf.dir/SYSTEM/Src/nvic.c.obj
 .debug_ranges  0x000006d8       0x20 CMakeFiles/MYCAR-CLION.elf.dir/SYSTEM/Src/pid.c.obj
 .debug_ranges  0x000006f8       0x10 CMakeFiles/MYCAR-CLION.elf.dir/SYSTEM/Src/systick.c.obj
 .debug_ranges  0x00000708       0x10 CMakeFiles/MYCAR-CLION.elf.dir/SYSTEM/Src/tim1.c.obj
 .debug_ranges  0x00000718       0x10 CMakeFiles/MYCAR-CLION.elf.dir/SYSTEM/Src/tim3.c.obj
 .debug_ranges  0x00000728       0xa0 CMakeFiles/MYCAR-CLION.elf.dir/SYSTEM/Src/usart1.c.obj
 .debug_ranges  0x000007c8       0x10 CMakeFiles/MYCAR-CLION.elf.dir/Users/Src/main.c.obj
 .debug_ranges  0x000007d8       0x50 CMakeFiles/MYCAR-CLION.elf.dir/Users/Src/stm32f10x_it.c.obj
 .debug_ranges  0x00000828       0xa0 CMakeFiles/MYCAR-CLION.elf.dir/Users/Src/syscalls.c.obj
 .debug_ranges  0x000008c8       0x28 CMakeFiles/MYCAR-CLION.elf.dir/Users/Src/system_stm32f10x.c.obj
 .debug_ranges  0x000008f0       0x20 CMakeFiles/MYCAR-CLION.elf.dir/startup/startup_stm32f103xb.s.obj

.debug_line     0x00000000     0x6014
 .debug_line    0x00000000      0x29b CMakeFiles/MYCAR-CLION.elf.dir/STM32F10x_FWLib/Src/misc.c.obj
 .debug_line    0x0000029b      0x69b CMakeFiles/MYCAR-CLION.elf.dir/STM32F10x_FWLib/Src/stm32f10x_gpio.c.obj
 .debug_line    0x00000936      0x849 CMakeFiles/MYCAR-CLION.elf.dir/STM32F10x_FWLib/Src/stm32f10x_rcc.c.obj
 .debug_line    0x0000117f     0x1a02 CMakeFiles/MYCAR-CLION.elf.dir/STM32F10x_FWLib/Src/stm32f10x_tim.c.obj
 .debug_line    0x00002b81      0x872 CMakeFiles/MYCAR-CLION.elf.dir/STM32F10x_FWLib/Src/stm32f10x_usart.c.obj
 .debug_line    0x000033f3      0x6f1 CMakeFiles/MYCAR-CLION.elf.dir/SYSTEM/Src/OLED.c.obj
 .debug_line    0x00003ae4      0x2be CMakeFiles/MYCAR-CLION.elf.dir/SYSTEM/Src/encoder.c.obj
 .debug_line    0x00003da2      0x335 CMakeFiles/MYCAR-CLION.elf.dir/SYSTEM/Src/motor.c.obj
 .debug_line    0x000040d7      0x3d7 CMakeFiles/MYCAR-CLION.elf.dir/SYSTEM/Src/myconfig.c.obj
 .debug_line    0x000044ae      0x115 CMakeFiles/MYCAR-CLION.elf.dir/SYSTEM/Src/nvic.c.obj
 .debug_line    0x000045c3      0x251 CMakeFiles/MYCAR-CLION.elf.dir/SYSTEM/Src/pid.c.obj
 .debug_line    0x00004814      0x1ab CMakeFiles/MYCAR-CLION.elf.dir/SYSTEM/Src/systick.c.obj
 .debug_line    0x000049bf      0x1de CMakeFiles/MYCAR-CLION.elf.dir/SYSTEM/Src/tim1.c.obj
 .debug_line    0x00004b9d      0x1ab CMakeFiles/MYCAR-CLION.elf.dir/SYSTEM/Src/tim3.c.obj
 .debug_line    0x00004d48      0x72a CMakeFiles/MYCAR-CLION.elf.dir/SYSTEM/Src/usart1.c.obj
 .debug_line    0x00005472      0x1fa CMakeFiles/MYCAR-CLION.elf.dir/Users/Src/main.c.obj
 .debug_line    0x0000566c      0x13c CMakeFiles/MYCAR-CLION.elf.dir/Users/Src/stm32f10x_it.c.obj
 .debug_line    0x000057a8      0x424 CMakeFiles/MYCAR-CLION.elf.dir/Users/Src/syscalls.c.obj
 .debug_line    0x00005bcc      0x3b7 CMakeFiles/MYCAR-CLION.elf.dir/Users/Src/system_stm32f10x.c.obj
 .debug_line    0x00005f83       0x91 CMakeFiles/MYCAR-CLION.elf.dir/startup/startup_stm32f103xb.s.obj

.debug_str      0x00000000     0x307e
 .debug_str     0x00000000      0x3cc CMakeFiles/MYCAR-CLION.elf.dir/STM32F10x_FWLib/Src/misc.c.obj
                                0x411 (size before relaxing)
 .debug_str     0x000003cc      0x39d CMakeFiles/MYCAR-CLION.elf.dir/STM32F10x_FWLib/Src/stm32f10x_gpio.c.obj
                                0x589 (size before relaxing)
 .debug_str     0x00000769      0x433 CMakeFiles/MYCAR-CLION.elf.dir/STM32F10x_FWLib/Src/stm32f10x_rcc.c.obj
                                0x673 (size before relaxing)
 .debug_str     0x00000b9c      0xba5 CMakeFiles/MYCAR-CLION.elf.dir/STM32F10x_FWLib/Src/stm32f10x_tim.c.obj
                                0xe64 (size before relaxing)
 .debug_str     0x00001741      0x427 CMakeFiles/MYCAR-CLION.elf.dir/STM32F10x_FWLib/Src/stm32f10x_usart.c.obj
                                0x729 (size before relaxing)
 .debug_str     0x00001b68      0x15b CMakeFiles/MYCAR-CLION.elf.dir/SYSTEM/Src/OLED.c.obj
                                0x4cb (size before relaxing)
 .debug_str     0x00001cc3       0xac CMakeFiles/MYCAR-CLION.elf.dir/SYSTEM/Src/encoder.c.obj
                                0x68a (size before relaxing)
 .debug_str     0x00001d6f      0x23c CMakeFiles/MYCAR-CLION.elf.dir/SYSTEM/Src/motor.c.obj
                                0x690 (size before relaxing)
 .debug_str     0x00001fab      0x274 CMakeFiles/MYCAR-CLION.elf.dir/SYSTEM/Src/myconfig.c.obj
                                0x74e (size before relaxing)
 .debug_str     0x0000221f       0x33 CMakeFiles/MYCAR-CLION.elf.dir/SYSTEM/Src/nvic.c.obj
                                0x1e1 (size before relaxing)
 .debug_str     0x00002252       0x35 CMakeFiles/MYCAR-CLION.elf.dir/SYSTEM/Src/pid.c.obj
                                0x318 (size before relaxing)
 .debug_str     0x00002287      0x420 CMakeFiles/MYCAR-CLION.elf.dir/SYSTEM/Src/systick.c.obj
                                0x6a3 (size before relaxing)
 .debug_str     0x000026a7       0x49 CMakeFiles/MYCAR-CLION.elf.dir/SYSTEM/Src/tim1.c.obj
                                0x609 (size before relaxing)
 .debug_str     0x000026f0       0x44 CMakeFiles/MYCAR-CLION.elf.dir/SYSTEM/Src/tim3.c.obj
                                0x81e (size before relaxing)
 .debug_str     0x00002734      0x554 CMakeFiles/MYCAR-CLION.elf.dir/SYSTEM/Src/usart1.c.obj
                                0xeb0 (size before relaxing)
 .debug_str     0x00002c88       0x47 CMakeFiles/MYCAR-CLION.elf.dir/Users/Src/main.c.obj
                                0x4ff (size before relaxing)
 .debug_str     0x00002ccf       0xbe CMakeFiles/MYCAR-CLION.elf.dir/Users/Src/stm32f10x_it.c.obj
                                0x23f (size before relaxing)
 .debug_str     0x00002d8d      0x21d CMakeFiles/MYCAR-CLION.elf.dir/Users/Src/syscalls.c.obj
                                0x455 (size before relaxing)
 .debug_str     0x00002faa       0x93 CMakeFiles/MYCAR-CLION.elf.dir/Users/Src/system_stm32f10x.c.obj
                                0x32f (size before relaxing)
 .debug_str     0x0000303d       0x41 CMakeFiles/MYCAR-CLION.elf.dir/startup/startup_stm32f103xb.s.obj
                                 0x68 (size before relaxing)

.comment        0x00000000       0x49
 .comment       0x00000000       0x49 CMakeFiles/MYCAR-CLION.elf.dir/STM32F10x_FWLib/Src/misc.c.obj
                                 0x4a (size before relaxing)
 .comment       0x00000049       0x4a CMakeFiles/MYCAR-CLION.elf.dir/STM32F10x_FWLib/Src/stm32f10x_gpio.c.obj
 .comment       0x00000049       0x4a CMakeFiles/MYCAR-CLION.elf.dir/STM32F10x_FWLib/Src/stm32f10x_rcc.c.obj
 .comment       0x00000049       0x4a CMakeFiles/MYCAR-CLION.elf.dir/STM32F10x_FWLib/Src/stm32f10x_tim.c.obj
 .comment       0x00000049       0x4a CMakeFiles/MYCAR-CLION.elf.dir/STM32F10x_FWLib/Src/stm32f10x_usart.c.obj
 .comment       0x00000049       0x4a CMakeFiles/MYCAR-CLION.elf.dir/SYSTEM/Src/OLED.c.obj
 .comment       0x00000049       0x4a CMakeFiles/MYCAR-CLION.elf.dir/SYSTEM/Src/encoder.c.obj
 .comment       0x00000049       0x4a CMakeFiles/MYCAR-CLION.elf.dir/SYSTEM/Src/motor.c.obj
 .comment       0x00000049       0x4a CMakeFiles/MYCAR-CLION.elf.dir/SYSTEM/Src/myconfig.c.obj
 .comment       0x00000049       0x4a CMakeFiles/MYCAR-CLION.elf.dir/SYSTEM/Src/nvic.c.obj
 .comment       0x00000049       0x4a CMakeFiles/MYCAR-CLION.elf.dir/SYSTEM/Src/pid.c.obj
 .comment       0x00000049       0x4a CMakeFiles/MYCAR-CLION.elf.dir/SYSTEM/Src/systick.c.obj
 .comment       0x00000049       0x4a CMakeFiles/MYCAR-CLION.elf.dir/SYSTEM/Src/tim1.c.obj
 .comment       0x00000049       0x4a CMakeFiles/MYCAR-CLION.elf.dir/SYSTEM/Src/tim3.c.obj
 .comment       0x00000049       0x4a CMakeFiles/MYCAR-CLION.elf.dir/SYSTEM/Src/usart1.c.obj
 .comment       0x00000049       0x4a CMakeFiles/MYCAR-CLION.elf.dir/Users/Src/main.c.obj
 .comment       0x00000049       0x4a CMakeFiles/MYCAR-CLION.elf.dir/Users/Src/stm32f10x_it.c.obj
 .comment       0x00000049       0x4a CMakeFiles/MYCAR-CLION.elf.dir/Users/Src/syscalls.c.obj
 .comment       0x00000049       0x4a CMakeFiles/MYCAR-CLION.elf.dir/Users/Src/system_stm32f10x.c.obj

.debug_frame    0x00000000     0x2fb0
 .debug_frame   0x00000000       0x60 CMakeFiles/MYCAR-CLION.elf.dir/STM32F10x_FWLib/Src/misc.c.obj
 .debug_frame   0x00000060      0x160 CMakeFiles/MYCAR-CLION.elf.dir/STM32F10x_FWLib/Src/stm32f10x_gpio.c.obj
 .debug_frame   0x000001c0      0x228 CMakeFiles/MYCAR-CLION.elf.dir/STM32F10x_FWLib/Src/stm32f10x_rcc.c.obj
 .debug_frame   0x000003e8      0x66c CMakeFiles/MYCAR-CLION.elf.dir/STM32F10x_FWLib/Src/stm32f10x_tim.c.obj
 .debug_frame   0x00000a54      0x204 CMakeFiles/MYCAR-CLION.elf.dir/STM32F10x_FWLib/Src/stm32f10x_usart.c.obj
 .debug_frame   0x00000c58      0x1d8 CMakeFiles/MYCAR-CLION.elf.dir/SYSTEM/Src/OLED.c.obj
 .debug_frame   0x00000e30       0x9c CMakeFiles/MYCAR-CLION.elf.dir/SYSTEM/Src/encoder.c.obj
 .debug_frame   0x00000ecc       0xa0 CMakeFiles/MYCAR-CLION.elf.dir/SYSTEM/Src/motor.c.obj
 .debug_frame   0x00000f6c       0xa0 CMakeFiles/MYCAR-CLION.elf.dir/SYSTEM/Src/myconfig.c.obj
 .debug_frame   0x0000100c       0x28 CMakeFiles/MYCAR-CLION.elf.dir/SYSTEM/Src/nvic.c.obj
 .debug_frame   0x00001034       0x40 CMakeFiles/MYCAR-CLION.elf.dir/SYSTEM/Src/pid.c.obj
 .debug_frame   0x00001074       0x20 CMakeFiles/MYCAR-CLION.elf.dir/SYSTEM/Src/systick.c.obj
 .debug_frame   0x00001094       0x34 CMakeFiles/MYCAR-CLION.elf.dir/SYSTEM/Src/tim1.c.obj
 .debug_frame   0x000010c8       0x34 CMakeFiles/MYCAR-CLION.elf.dir/SYSTEM/Src/tim3.c.obj
 .debug_frame   0x000010fc      0x1a4 CMakeFiles/MYCAR-CLION.elf.dir/SYSTEM/Src/usart1.c.obj
 .debug_frame   0x000012a0       0x38 CMakeFiles/MYCAR-CLION.elf.dir/Users/Src/main.c.obj
 .debug_frame   0x000012d8       0xa0 CMakeFiles/MYCAR-CLION.elf.dir/Users/Src/stm32f10x_it.c.obj
 .debug_frame   0x00001378      0x1a8 CMakeFiles/MYCAR-CLION.elf.dir/Users/Src/syscalls.c.obj
 .debug_frame   0x00001520       0x6c CMakeFiles/MYCAR-CLION.elf.dir/Users/Src/system_stm32f10x.c.obj
 .debug_frame   0x0000158c       0xac d:/gcc-arm-none-eabi/bin/../lib/gcc/arm-none-eabi/10.3.1\libgcc.a(_arm_addsubdf3.o)
 .debug_frame   0x00001638       0x50 d:/gcc-arm-none-eabi/bin/../lib/gcc/arm-none-eabi/10.3.1\libgcc.a(_arm_muldivdf3.o)
 .debug_frame   0x00001688       0x20 d:/gcc-arm-none-eabi/bin/../lib/gcc/arm-none-eabi/10.3.1/../../../../arm-none-eabi/lib\libg.a(lib_a-errno.o)
 .debug_frame   0x000016a8       0x34 d:/gcc-arm-none-eabi/bin/../lib/gcc/arm-none-eabi/10.3.1/../../../../arm-none-eabi/lib\libg.a(lib_a-init.o)