Archive member included to satisfy reference by file (symbol)

d:/gcc-arm-none-eabi/bin/../lib/gcc/arm-none-eabi/10.3.1/thumb/v7-m/nofp\libgcc.a(_arm_muldf3.o)
                              CMakeFiles/MYCAR-CLION.elf.dir/SYSTEM/Src/myconfig.c.obj (__aeabi_dmul)
d:/gcc-arm-none-eabi/bin/../lib/gcc/arm-none-eabi/10.3.1/thumb/v7-m/nofp\libgcc.a(_arm_mulsf3.o)
                              CMakeFiles/MYCAR-CLION.elf.dir/SYSTEM/Src/pid.c.obj (__aeabi_fmul)
d:/gcc-arm-none-eabi/bin/../lib/gcc/arm-none-eabi/10.3.1/thumb/v7-m/nofp\libgcc.a(_arm_addsubdf3.o)
                              CMakeFiles/MYCAR-CLION.elf.dir/SYSTEM/Src/myconfig.c.obj (__aeabi_i2d)
d:/gcc-arm-none-eabi/bin/../lib/gcc/arm-none-eabi/10.3.1/thumb/v7-m/nofp\libgcc.a(_arm_muldivdf3.o)
                              CMakeFiles/MYCAR-CLION.elf.dir/SYSTEM/Src/myconfig.c.obj (__aeabi_ddiv)
d:/gcc-arm-none-eabi/bin/../lib/gcc/arm-none-eabi/10.3.1/thumb/v7-m/nofp\libgcc.a(_arm_truncdfsf2.o)
                              CMakeFiles/MYCAR-CLION.elf.dir/SYSTEM/Src/myconfig.c.obj (__aeabi_d2f)
d:/gcc-arm-none-eabi/bin/../lib/gcc/arm-none-eabi/10.3.1/thumb/v7-m/nofp\libgcc.a(_arm_addsubsf3.o)
                              CMakeFiles/MYCAR-CLION.elf.dir/SYSTEM/Src/myconfig.c.obj (__aeabi_fsub)
d:/gcc-arm-none-eabi/bin/../lib/gcc/arm-none-eabi/10.3.1/thumb/v7-m/nofp\libgcc.a(_arm_cmpsf2.o)
                              CMakeFiles/MYCAR-CLION.elf.dir/SYSTEM/Src/myconfig.c.obj (__aeabi_fcmplt)
d:/gcc-arm-none-eabi/bin/../lib/gcc/arm-none-eabi/10.3.1/thumb/v7-m/nofp\libgcc.a(_arm_fixsfsi.o)
                              CMakeFiles/MYCAR-CLION.elf.dir/SYSTEM/Src/myconfig.c.obj (__aeabi_f2iz)
d:/gcc-arm-none-eabi/bin/../lib/gcc/arm-none-eabi/10.3.1/thumb/v7-m/nofp\libgcc.a(_arm_fixunssfsi.o)
                              CMakeFiles/MYCAR-CLION.elf.dir/SYSTEM/Src/myconfig.c.obj (__aeabi_f2uiz)
d:/gcc-arm-none-eabi/bin/../lib/gcc/arm-none-eabi/10.3.1/../../../../arm-none-eabi/lib/thumb/v7-m/nofp\libg.a(lib_a-exit.o)
                              d:/gcc-arm-none-eabi/bin/../lib/gcc/arm-none-eabi/10.3.1/../../../../arm-none-eabi/lib/thumb/v7-m/nofp/crt0.o (exit)
d:/gcc-arm-none-eabi/bin/../lib/gcc/arm-none-eabi/10.3.1/../../../../arm-none-eabi/lib/thumb/v7-m/nofp\libg.a(lib_a-impure.o)
                              d:/gcc-arm-none-eabi/bin/../lib/gcc/arm-none-eabi/10.3.1/../../../../arm-none-eabi/lib/thumb/v7-m/nofp\libg.a(lib_a-exit.o) (_global_impure_ptr)
d:/gcc-arm-none-eabi/bin/../lib/gcc/arm-none-eabi/10.3.1/../../../../arm-none-eabi/lib/thumb/v7-m/nofp\libg.a(lib_a-init.o)
                              d:/gcc-arm-none-eabi/bin/../lib/gcc/arm-none-eabi/10.3.1/../../../../arm-none-eabi/lib/thumb/v7-m/nofp/crt0.o (__libc_init_array)
d:/gcc-arm-none-eabi/bin/../lib/gcc/arm-none-eabi/10.3.1/../../../../arm-none-eabi/lib/thumb/v7-m/nofp\libg.a(lib_a-memset.o)
                              d:/gcc-arm-none-eabi/bin/../lib/gcc/arm-none-eabi/10.3.1/../../../../arm-none-eabi/lib/thumb/v7-m/nofp/crt0.o (memset)
d:/gcc-arm-none-eabi/bin/../lib/gcc/arm-none-eabi/10.3.1/../../../../arm-none-eabi/lib/thumb/v7-m/nofp\libg.a(lib_a-__call_atexit.o)
                              d:/gcc-arm-none-eabi/bin/../lib/gcc/arm-none-eabi/10.3.1/../../../../arm-none-eabi/lib/thumb/v7-m/nofp\libg.a(lib_a-exit.o) (__call_exitprocs)
d:/gcc-arm-none-eabi/bin/../lib/gcc/arm-none-eabi/10.3.1/../../../../arm-none-eabi/lib/thumb/v7-m/nofp\libg.a(lib_a-atexit.o)
                              d:/gcc-arm-none-eabi/bin/../lib/gcc/arm-none-eabi/10.3.1/../../../../arm-none-eabi/lib/thumb/v7-m/nofp\libg.a(lib_a-__call_atexit.o) (atexit)
d:/gcc-arm-none-eabi/bin/../lib/gcc/arm-none-eabi/10.3.1/../../../../arm-none-eabi/lib/thumb/v7-m/nofp\libg.a(lib_a-fini.o)
                              d:/gcc-arm-none-eabi/bin/../lib/gcc/arm-none-eabi/10.3.1/../../../../arm-none-eabi/lib/thumb/v7-m/nofp\libg.a(lib_a-__call_atexit.o) (__libc_fini_array)
d:/gcc-arm-none-eabi/bin/../lib/gcc/arm-none-eabi/10.3.1/../../../../arm-none-eabi/lib/thumb/v7-m/nofp\libg.a(lib_a-lock.o)
                              d:/gcc-arm-none-eabi/bin/../lib/gcc/arm-none-eabi/10.3.1/../../../../arm-none-eabi/lib/thumb/v7-m/nofp\libg.a(lib_a-__call_atexit.o) (__retarget_lock_acquire_recursive)
d:/gcc-arm-none-eabi/bin/../lib/gcc/arm-none-eabi/10.3.1/../../../../arm-none-eabi/lib/thumb/v7-m/nofp\libg.a(lib_a-__atexit.o)
                              d:/gcc-arm-none-eabi/bin/../lib/gcc/arm-none-eabi/10.3.1/../../../../arm-none-eabi/lib/thumb/v7-m/nofp\libg.a(lib_a-atexit.o) (__register_exitproc)

Discarded input sections

 .text          0x00000000        0x0 d:/gcc-arm-none-eabi/bin/../lib/gcc/arm-none-eabi/10.3.1/thumb/v7-m/nofp/crti.o
 .data          0x00000000        0x0 d:/gcc-arm-none-eabi/bin/../lib/gcc/arm-none-eabi/10.3.1/thumb/v7-m/nofp/crti.o
 .bss           0x00000000        0x0 d:/gcc-arm-none-eabi/bin/../lib/gcc/arm-none-eabi/10.3.1/thumb/v7-m/nofp/crti.o
[...]
Memory Configuration

Name             Origin             Length             Attributes
RAM              0x20000000         0x00005000         xrw
FLASH            0x08000000         0x00010000         xr
*default*        0x00000000         0xffffffff

Linker script and memory map

LOAD d:/gcc-arm-none-eabi/bin/../lib/gcc/arm-none-eabi/10.3.1/thumb/v7-m/nofp/crti.o
LOAD d:/gcc-arm-none-eabi/bin/../lib/gcc/arm-none-eabi/10.3.1/thumb/v7-m/nofp/crtbegin.o
LOAD d:/gcc-arm-none-eabi/bin/../lib/gcc/arm-none-eabi/10.3.1/../../../../arm-none-eabi/lib/thumb/v7-m/nofp/crt0.o
LOAD CMakeFiles/MYCAR-CLION.elf.dir/Core/Src/core_cm3.c.obj
LOAD CMakeFiles/MYCAR-CLION.elf.dir/STM32F10x_FWLib/Src/misc.c.obj
LOAD CMakeFiles/MYCAR-CLION.elf.dir/STM32F10x_FWLib/Src/stm32f10x_adc.c.obj
LOAD CMakeFiles/MYCAR-CLION.elf.dir/STM32F10x_FWLib/Src/stm32f10x_bkp.c.obj
LOAD CMakeFiles/MYCAR-CLION.elf.dir/STM32F10x_FWLib/Src/stm32f10x_can.c.obj
LOAD CMakeFiles/MYCAR-CLION.elf.dir/STM32F10x_FWLib/Src/stm32f10x_cec.c.obj
LOAD CMakeFiles/MYCAR-CLION.elf.dir/STM32F10x_FWLib/Src/stm32f10x_crc.c.obj
LOAD CMakeFiles/MYCAR-CLION.elf.dir/STM32F10x_FWLib/Src/stm32f10x_dac.c.obj
LOAD CMakeFiles/MYCAR-CLION.elf.dir/STM32F10x_FWLib/Src/stm32f10x_dbgmcu.c.obj
LOAD CMakeFiles/MYCAR-CLION.elf.dir/STM32F10x_FWLib/Src/stm32f10x_dma.c.obj
LOAD CMakeFiles/MYCAR-CLION.elf.dir/STM32F10x_FWLib/Src/stm32f10x_exti.c.obj
LOAD CMakeFiles/MYCAR-CLION.elf.dir/STM32F10x_FWLib/Src/stm32f10x_flash.c.obj
LOAD CMakeFiles/MYCAR-CLION.elf.dir/STM32F10x_FWLib/Src/stm32f10x_fsmc.c.obj
LOAD CMakeFiles/MYCAR-CLION.elf.dir/STM32F10x_FWLib/Src/stm32f10x_gpio.c.obj
LOAD CMakeFiles/MYCAR-CLION.elf.dir/STM32F10x_FWLib/Src/stm32f10x_i2c.c.obj
LOAD CMakeFiles/MYCAR-CLION.elf.dir/STM32F10x_FWLib/Src/stm32f10x_iwdg.c.obj
LOAD CMakeFiles/MYCAR-CLION.elf.dir/STM32F10x_FWLib/Src/stm32f10x_pwr.c.obj
LOAD CMakeFiles/MYCAR-CLION.elf.dir/STM32F10x_FWLib/Src/stm32f10x_rcc.c.obj
LOAD CMakeFiles/MYCAR-CLION.elf.dir/STM32F10x_FWLib/Src/stm32f10x_rtc.c.obj
LOAD CMakeFiles/MYCAR-CLION.elf.dir/STM32F10x_FWLib/Src/stm32f10x_sdio.c.obj
LOAD CMakeFiles/MYCAR-CLION.elf.dir/STM32F10x_FWLib/Src/stm32f10x_spi.c.obj
LOAD CMakeFiles/MYCAR-CLION.elf.dir/STM32F10x_FWLib/Src/stm32f10x_tim.c.obj
LOAD CMakeFiles/MYCAR-CLION.elf.dir/STM32F10x_FWLib/Src/stm32f10x_usart.c.obj
LOAD CMakeFiles/MYCAR-CLION.elf.dir/STM32F10x_FWLib/Src/stm32f10x_wwdg.c.obj
LOAD CMakeFiles/MYCAR-CLION.elf.dir/SYSTEM/Src/OLED.c.obj
LOAD CMakeFiles/MYCAR-CLION.elf.dir/SYSTEM/Src/encoder.c.obj
LOAD CMakeFiles/MYCAR-CLION.elf.dir/SYSTEM/Src/motor.c.obj
LOAD CMakeFiles/MYCAR-CLION.elf.dir/SYSTEM/Src/myconfig.c.obj
LOAD CMakeFiles/MYCAR-CLION.elf.dir/SYSTEM/Src/nvic.c.obj
LOAD CMakeFiles/MYCAR-CLION.elf.dir/SYSTEM/Src/pid.c.obj
LOAD CMakeFiles/MYCAR-CLION.elf.dir/SYSTEM/Src/sys.c.obj
LOAD CMakeFiles/MYCAR-CLION.elf.dir/SYSTEM/Src/systick.c.obj
LOAD CMakeFiles/MYCAR-CLION.elf.dir/SYSTEM/Src/tim1.c.obj
LOAD CMakeFiles/MYCAR-CLION.elf.dir/SYSTEM/Src/tim3.c.obj
LOAD CMakeFiles/MYCAR-CLION.elf.dir/SYSTEM/Src/usart1.c.obj
LOAD CMakeFiles/MYCAR-CLION.elf.dir/Users/Src/main.c.obj
LOAD CMakeFiles/MYCAR-CLION.elf.dir/Users/Src/stm32f10x_it.c.obj
LOAD CMakeFiles/MYCAR-CLION.elf.dir/Users/Src/system_stm32f10x.c.obj
LOAD CMakeFiles/MYCAR-CLION.elf.dir/startup/startup_stm32f103xb.s.obj
START GROUP
LOAD d:/gcc-arm-none-eabi/bin/../lib/gcc/arm-none-eabi/10.3.1/thumb/v7-m/nofp\libgcc.a
LOAD d:/gcc-arm-none-eabi/bin/../lib/gcc/arm-none-eabi/10.3.1/../../../../arm-none-eabi/lib/thumb/v7-m/nofp\libg.a
LOAD d:/gcc-arm-none-eabi/bin/../lib/gcc/arm-none-eabi/10.3.1/../../../../arm-none-eabi/lib/thumb/v7-m/nofp\libc.a
END GROUP
LOAD d:/gcc-arm-none-eabi/bin/../lib/gcc/arm-none-eabi/10.3.1/thumb/v7-m/nofp/crtend.o
LOAD d:/gcc-arm-none-eabi/bin/../lib/gcc/arm-none-eabi/10.3.1/thumb/v7-m/nofp/crtn.o
                0x20005000                _estack = 0x20005000
                0x00000200                _Min_Heap_Size = 0x200
                0x00000400                _Min_Stack_Size = 0x400

.isr_vector     0x08000000      0x10c
                0x08000000                . = ALIGN (0x4)
 *(.isr_vector)
 .isr_vector    0x08000000      0x10c CMakeFiles/MYCAR-CLION.elf.dir/startup/startup_stm32f103xb.s.obj
                0x08000000                g_pfnVectors
                0x0800010c                . = ALIGN (0x4)

.text           0x08000110     0x2440
                0x08000110                . = ALIGN (0x4)
 *(.text)
 .text          0x08000110       0x40 d:/gcc-arm-none-eabi/bin/../lib/gcc/arm-none-eabi/10.3.1/thumb/v7-m/nofp/crtbegin.o
 .text          0x08000150      0x168 d:/gcc-arm-none-eabi/bin/../lib/gcc/arm-none-eabi/10.3.1/thumb/v7-m/nofp\libgcc.a(_arm_mulsf3.o)
                0x08000150                __aeabi_fmul
                0x08000150                __mulsf3
 .text          0x080002b8      0x378 d:/gcc-arm-none-eabi/bin/../lib/gcc/arm-none-eabi/10.3.1/thumb/v7-m/nofp\libgcc.a(_arm_addsubdf3.o)
                0x080002b8                __aeabi_drsub
                0x080002c0                __aeabi_dsub
                0x080002c0                __subdf3
                0x080002c4                __aeabi_dadd
                0x080002c4                __adddf3
                0x0800053c                __floatunsidf
                0x0800053c                __aeabi_ui2d
                0x0800055c                __floatsidf
                0x0800055c                __aeabi_i2d
                0x08000580                __aeabi_f2d
                0x08000580                __extendsfdf2
                0x080005c4                __floatundidf
                0x080005c4                __aeabi_ul2d
                0x080005d4                __floatdidf
                0x080005d4                __aeabi_l2d
 .text          0x08000630      0x424 d:/gcc-arm-none-eabi/bin/../lib/gcc/arm-none-eabi/10.3.1/thumb/v7-m/nofp\libgcc.a(_arm_muldivdf3.o)
                0x08000630                __aeabi_dmul
                0x08000630                __muldf3
                0x08000884                __divdf3
                0x08000884                __aeabi_ddiv
 .text          0x08000a54       0xa0 d:/gcc-arm-none-eabi/bin/../lib/gcc/arm-none-eabi/10.3.1/thumb/v7-m/nofp\libgcc.a(_arm_truncdfsf2.o)
                0x08000a54                __truncdfsf2
                0x08000a54                __aeabi_d2f
 .text          0x08000af4      0x21c d:/gcc-arm-none-eabi/bin/../lib/gcc/arm-none-eabi/10.3.1/thumb/v7-m/nofp\libgcc.a(_arm_addsubsf3.o)
                0x08000af4                __aeabi_frsub
                0x08000afc                __subsf3
                0x08000afc                __aeabi_fsub
                0x08000b00                __aeabi_fadd
                0x08000b00                __addsf3
                0x08000c60                __aeabi_ui2f
                0x08000c60                __floatunsisf
                0x08000c68                __aeabi_i2f
                0x08000c68                __floatsisf
                0x08000c84                __aeabi_ul2f
                0x08000c84                __floatundisf
                0x08000c94                __aeabi_l2f
                0x08000c94                __floatdisf
 .text          0x08000d10       0xec d:/gcc-arm-none-eabi/bin/../lib/gcc/arm-none-eabi/10.3.1/thumb/v7-m/nofp\libgcc.a(_arm_cmpsf2.o)
                0x08000d10                __gesf2
                0x08000d10                __gtsf2
                0x08000d18                __lesf2
                0x08000d18                __ltsf2
                0x08000d20                __nesf2
                0x08000d20                __eqsf2
                0x08000d20                __cmpsf2
                0x08000d80                __aeabi_cfrcmple
                0x08000d88                __aeabi_cfcmpeq
                0x08000d88                __aeabi_cfcmple
                0x08000d98                __aeabi_fcmpeq
                0x08000dac                __aeabi_fcmplt
                0x08000dc0                __aeabi_fcmple
                0x08000dd4                __aeabi_fcmpge
                0x08000de8                __aeabi_fcmpgt
 .text          0x08000dfc       0x4c d:/gcc-arm-none-eabi/bin/../lib/gcc/arm-none-eabi/10.3.1/thumb/v7-m/nofp\libgcc.a(_arm_fixsfsi.o)
                0x08000dfc                __aeabi_f2iz
                0x08000dfc                __fixsfsi
 .text          0x08000e48       0x40 d:/gcc-arm-none-eabi/bin/../lib/gcc/arm-none-eabi/10.3.1/thumb/v7-m/nofp\libgcc.a(_arm_fixunssfsi.o)
                0x08000e48                __fixunssfsi
                0x08000e48                __aeabi_f2uiz
 *(.text*)
 .text.NVIC_PriorityGroupConfig
                0x08000e88       0x14 CMakeFiles/MYCAR-CLION.elf.dir/STM32F10x_FWLib/Src/misc.c.obj
                0x08000e88                NVIC_PriorityGroupConfig
 .text.NVIC_Init
                0x08000e9c       0x64 CMakeFiles/MYCAR-CLION.elf.dir/STM32F10x_FWLib/Src/misc.c.obj
                0x08000e9c                NVIC_Init
 .text.GPIO_Init
                0x08000f00       0xb2 CMakeFiles/MYCAR-CLION.elf.dir/STM32F10x_FWLib/Src/stm32f10x_gpio.c.obj
                0x08000f00                GPIO_Init
 .text.GPIO_WriteBit
                0x08000fb2        0xa CMakeFiles/MYCAR-CLION.elf.dir/STM32F10x_FWLib/Src/stm32f10x_gpio.c.obj
                0x08000fb2                GPIO_WriteBit
 .text.RCC_GetClocksFreq
                0x08000fbc       0xbc CMakeFiles/MYCAR-CLION.elf.dir/STM32F10x_FWLib/Src/stm32f10x_rcc.c.obj
                0x08000fbc                RCC_GetClocksFreq
 .text.RCC_APB2PeriphClockCmd
                0x08001078       0x1c CMakeFiles/MYCAR-CLION.elf.dir/STM32F10x_FWLib/Src/stm32f10x_rcc.c.obj
                0x08001078                RCC_APB2PeriphClockCmd
 .text.RCC_APB1PeriphClockCmd
                0x08001094       0x1c CMakeFiles/MYCAR-CLION.elf.dir/STM32F10x_FWLib/Src/stm32f10x_rcc.c.obj
                0x08001094                RCC_APB1PeriphClockCmd
 .text.TI1_Config
                0x080010b0       0x88 CMakeFiles/MYCAR-CLION.elf.dir/STM32F10x_FWLib/Src/stm32f10x_tim.c.obj
 .text.TI2_Config
                0x08001138       0x94 CMakeFiles/MYCAR-CLION.elf.dir/STM32F10x_FWLib/Src/stm32f10x_tim.c.obj
 .text.TI3_Config
                0x080011cc       0x84 CMakeFiles/MYCAR-CLION.elf.dir/STM32F10x_FWLib/Src/stm32f10x_tim.c.obj
 .text.TI4_Config
                0x08001250       0x98 CMakeFiles/MYCAR-CLION.elf.dir/STM32F10x_FWLib/Src/stm32f10x_tim.c.obj
 .text.TIM_TimeBaseInit
                0x080012e8       0x94 CMakeFiles/MYCAR-CLION.elf.dir/STM32F10x_FWLib/Src/stm32f10x_tim.c.obj
                0x080012e8                TIM_TimeBaseInit
 .text.TIM_OC1Init
                0x0800137c       0x8c CMakeFiles/MYCAR-CLION.elf.dir/STM32F10x_FWLib/Src/stm32f10x_tim.c.obj
                0x0800137c                TIM_OC1Init
 .text.TIM_OC4Init
                0x08001408       0x80 CMakeFiles/MYCAR-CLION.elf.dir/STM32F10x_FWLib/Src/stm32f10x_tim.c.obj
                0x08001408                TIM_OC4Init
 .text.TIM_TimeBaseStructInit
                0x08001488       0x12 CMakeFiles/MYCAR-CLION.elf.dir/STM32F10x_FWLib/Src/stm32f10x_tim.c.obj
                0x08001488                TIM_TimeBaseStructInit
 .text.TIM_ICStructInit
                0x0800149a       0x10 CMakeFiles/MYCAR-CLION.elf.dir/STM32F10x_FWLib/Src/stm32f10x_tim.c.obj
                0x0800149a                TIM_ICStructInit
 .text.TIM_Cmd  0x080014aa       0x1c CMakeFiles/MYCAR-CLION.elf.dir/STM32F10x_FWLib/Src/stm32f10x_tim.c.obj
                0x080014aa                TIM_Cmd
 .text.TIM_CtrlPWMOutputs
                0x080014c6       0x24 CMakeFiles/MYCAR-CLION.elf.dir/STM32F10x_FWLib/Src/stm32f10x_tim.c.obj
                0x080014c6                TIM_CtrlPWMOutputs
 .text.TIM_ITConfig
                0x080014ea       0x18 CMakeFiles/MYCAR-CLION.elf.dir/STM32F10x_FWLib/Src/stm32f10x_tim.c.obj
                0x080014ea                TIM_ITConfig
 .text.TIM_EncoderInterfaceConfig
                0x08001502       0x46 CMakeFiles/MYCAR-CLION.elf.dir/STM32F10x_FWLib/Src/stm32f10x_tim.c.obj
                0x08001502                TIM_EncoderInterfaceConfig
 .text.TIM_ARRPreloadConfig
                0x08001548       0x1c CMakeFiles/MYCAR-CLION.elf.dir/STM32F10x_FWLib/Src/stm32f10x_tim.c.obj
                0x08001548                TIM_ARRPreloadConfig
 .text.TIM_OC1PreloadConfig
                0x08001564        0xe CMakeFiles/MYCAR-CLION.elf.dir/STM32F10x_FWLib/Src/stm32f10x_tim.c.obj
                0x08001564                TIM_OC1PreloadConfig
 .text.TIM_OC4PreloadConfig
                0x08001572       0x12 CMakeFiles/MYCAR-CLION.elf.dir/STM32F10x_FWLib/Src/stm32f10x_tim.c.obj
                0x08001572                TIM_OC4PreloadConfig
 .text.TIM_CCxCmd
                0x08001584       0x22 CMakeFiles/MYCAR-CLION.elf.dir/STM32F10x_FWLib/Src/stm32f10x_tim.c.obj
                0x08001584                TIM_CCxCmd
 .text.TIM_SetCounter
                0x080015a6        0x4 CMakeFiles/MYCAR-CLION.elf.dir/STM32F10x_FWLib/Src/stm32f10x_tim.c.obj
                0x080015a6                TIM_SetCounter
 .text.TIM_SetCompare1
                0x080015aa        0x4 CMakeFiles/MYCAR-CLION.elf.dir/STM32F10x_FWLib/Src/stm32f10x_tim.c.obj
                0x080015aa                TIM_SetCompare1
 .text.TIM_SetCompare4
                0x080015ae        0x6 CMakeFiles/MYCAR-CLION.elf.dir/STM32F10x_FWLib/Src/stm32f10x_tim.c.obj
                0x080015ae                TIM_SetCompare4
 .text.TIM_SetIC1Prescaler
                0x080015b4       0x16 CMakeFiles/MYCAR-CLION.elf.dir/STM32F10x_FWLib/Src/stm32f10x_tim.c.obj
                0x080015b4                TIM_SetIC1Prescaler
 .text.TIM_SetIC2Prescaler
                0x080015ca       0x1a CMakeFiles/MYCAR-CLION.elf.dir/STM32F10x_FWLib/Src/stm32f10x_tim.c.obj
                0x080015ca                TIM_SetIC2Prescaler
 .text.TIM_SetIC3Prescaler
                0x080015e4       0x16 CMakeFiles/MYCAR-CLION.elf.dir/STM32F10x_FWLib/Src/stm32f10x_tim.c.obj
                0x080015e4                TIM_SetIC3Prescaler
 .text.TIM_SetIC4Prescaler
                0x080015fa       0x1a CMakeFiles/MYCAR-CLION.elf.dir/STM32F10x_FWLib/Src/stm32f10x_tim.c.obj
                0x080015fa                TIM_SetIC4Prescaler
 .text.TIM_ICInit
                0x08001614       0x62 CMakeFiles/MYCAR-CLION.elf.dir/STM32F10x_FWLib/Src/stm32f10x_tim.c.obj
                0x08001614                TIM_ICInit
 .text.TIM_GetCounter
                0x08001676        0x6 CMakeFiles/MYCAR-CLION.elf.dir/STM32F10x_FWLib/Src/stm32f10x_tim.c.obj
                0x08001676                TIM_GetCounter
 .text.TIM_ClearFlag
                0x0800167c        0x8 CMakeFiles/MYCAR-CLION.elf.dir/STM32F10x_FWLib/Src/stm32f10x_tim.c.obj
                0x0800167c                TIM_ClearFlag
 .text.TIM_GetITStatus
                0x08001684       0x18 CMakeFiles/MYCAR-CLION.elf.dir/STM32F10x_FWLib/Src/stm32f10x_tim.c.obj
                0x08001684                TIM_GetITStatus
 .text.TIM_ClearITPendingBit
                0x0800169c        0x8 CMakeFiles/MYCAR-CLION.elf.dir/STM32F10x_FWLib/Src/stm32f10x_tim.c.obj
                0x0800169c                TIM_ClearITPendingBit
 .text.USART_Init
                0x080016a4       0xc4 CMakeFiles/MYCAR-CLION.elf.dir/STM32F10x_FWLib/Src/stm32f10x_usart.c.obj
                0x080016a4                USART_Init
 .text.USART_Cmd
                0x08001768       0x1c CMakeFiles/MYCAR-CLION.elf.dir/STM32F10x_FWLib/Src/stm32f10x_usart.c.obj
                0x08001768                USART_Cmd
 .text.USART_ITConfig
                0x08001784       0x36 CMakeFiles/MYCAR-CLION.elf.dir/STM32F10x_FWLib/Src/stm32f10x_usart.c.obj
                0x08001784                USART_ITConfig
 *fill*         0x080017ba        0x2 
 .text.OLED_I2C_Init
                0x080017bc       0x54 CMakeFiles/MYCAR-CLION.elf.dir/SYSTEM/Src/OLED.c.obj
                0x080017bc                OLED_I2C_Init
 .text.OLED_I2C_Start
                0x08001810       0x34 CMakeFiles/MYCAR-CLION.elf.dir/SYSTEM/Src/OLED.c.obj
                0x08001810                OLED_I2C_Start
 .text.OLED_I2C_Stop
                0x08001844       0x28 CMakeFiles/MYCAR-CLION.elf.dir/SYSTEM/Src/OLED.c.obj
                0x08001844                OLED_I2C_Stop
 .text.OLED_I2C_SendByte
                0x0800186c       0x50 CMakeFiles/MYCAR-CLION.elf.dir/SYSTEM/Src/OLED.c.obj
                0x0800186c                OLED_I2C_SendByte
 .text.OLED_WriteCommand
                0x080018bc       0x20 CMakeFiles/MYCAR-CLION.elf.dir/SYSTEM/Src/OLED.c.obj
                0x080018bc                OLED_WriteCommand
 .text.OLED_WriteData
                0x080018dc       0x20 CMakeFiles/MYCAR-CLION.elf.dir/SYSTEM/Src/OLED.c.obj
                0x080018dc                OLED_WriteData
 .text.OLED_SetCursor
                0x080018fc       0x20 CMakeFiles/MYCAR-CLION.elf.dir/SYSTEM/Src/OLED.c.obj
                0x080018fc                OLED_SetCursor
 .text.OLED_Clear
                0x0800191c       0x2c CMakeFiles/MYCAR-CLION.elf.dir/SYSTEM/Src/OLED.c.obj
                0x0800191c                OLED_Clear
 .text.OLED_ShowChar
                0x08001948       0x64 CMakeFiles/MYCAR-CLION.elf.dir/SYSTEM/Src/OLED.c.obj
                0x08001948                OLED_ShowChar
 .text.OLED_ShowString
                0x080019ac       0x22 CMakeFiles/MYCAR-CLION.elf.dir/SYSTEM/Src/OLED.c.obj
                0x080019ac                OLED_ShowString
 .text.OLED_Pow
                0x080019ce       0x14 CMakeFiles/MYCAR-CLION.elf.dir/SYSTEM/Src/OLED.c.obj
                0x080019ce                OLED_Pow
 *fill*         0x080019e2        0x2 
 .text.OLED_ShowNum
                0x080019e4       0x50 CMakeFiles/MYCAR-CLION.elf.dir/SYSTEM/Src/OLED.c.obj
                0x080019e4                OLED_ShowNum
 .text.OLED_Init
                0x08001a34       0xae CMakeFiles/MYCAR-CLION.elf.dir/SYSTEM/Src/OLED.c.obj
                0x08001a34                OLED_Init
 *fill*         0x08001ae2        0x2 
 .text.TIM2_Encoder_Init
                0x08001ae4       0xa4 CMakeFiles/MYCAR-CLION.elf.dir/SYSTEM/Src/encoder.c.obj
                0x08001ae4                TIM2_Encoder_Init
 .text.TIM4_Encoder_Init
                0x08001b88       0x9c CMakeFiles/MYCAR-CLION.elf.dir/SYSTEM/Src/encoder.c.obj
                0x08001b88                TIM4_Encoder_Init
 .text.Read_Pluse
                0x08001c24       0x40 CMakeFiles/MYCAR-CLION.elf.dir/SYSTEM/Src/encoder.c.obj
                0x08001c24                Read_Pluse
 .text.TIM2_IRQHandler
                0x08001c64       0x1c CMakeFiles/MYCAR-CLION.elf.dir/SYSTEM/Src/encoder.c.obj
                0x08001c64                TIM2_IRQHandler
 .text.TIM4_IRQHandler
                0x08001c80       0x1c CMakeFiles/MYCAR-CLION.elf.dir/SYSTEM/Src/encoder.c.obj
                0x08001c80                TIM4_IRQHandler
 .text.Motor_GPIO_Init
                0x08001c9c       0x34 CMakeFiles/MYCAR-CLION.elf.dir/SYSTEM/Src/motor.c.obj
                0x08001c9c                Motor_GPIO_Init
 .text.Load_Motor_PWM
                0x08001cd0       0x40 CMakeFiles/MYCAR-CLION.elf.dir/SYSTEM/Src/motor.c.obj
                0x08001cd0                Load_Motor_PWM
 .text.set_motor_enable
                0x08001d10       0x28 CMakeFiles/MYCAR-CLION.elf.dir/SYSTEM/Src/motor.c.obj
                0x08001d10                set_motor_enable
 .text.LocationRing_Out
                0x08001d38       0x40 CMakeFiles/MYCAR-CLION.elf.dir/SYSTEM/Src/myconfig.c.obj
                0x08001d38                LocationRing_Out
 .text.VelocityRing_Out
                0x08001d78       0x30 CMakeFiles/MYCAR-CLION.elf.dir/SYSTEM/Src/myconfig.c.obj
                0x08001d78                VelocityRing_Out
 .text.LocationRing_VelocityRing_Control
                0x08001da8       0x1c CMakeFiles/MYCAR-CLION.elf.dir/SYSTEM/Src/myconfig.c.obj
                0x08001da8                LocationRing_VelocityRing_Control
 *fill*         0x08001dc4        0x4 
 .text.Car_Tracking
                0x08001dc8       0x68 CMakeFiles/MYCAR-CLION.elf.dir/SYSTEM/Src/myconfig.c.obj
                0x08001dc8                Car_Tracking
 .text.TIM3_IRQHandler
                0x08001e30       0xe4 CMakeFiles/MYCAR-CLION.elf.dir/SYSTEM/Src/myconfig.c.obj
                0x08001e30                TIM3_IRQHandler
 .text.NVIC_Config
                0x08001f14        0xc CMakeFiles/MYCAR-CLION.elf.dir/SYSTEM/Src/nvic.c.obj
                0x08001f14                NVIC_Config
 .text.PID_Param_Init
                0x08001f20       0x44 CMakeFiles/MYCAR-CLION.elf.dir/SYSTEM/Src/pid.c.obj
                0x08001f20                PID_Param_Init
 .text.LocationRing_PID_Realize
                0x08001f64       0x5c CMakeFiles/MYCAR-CLION.elf.dir/SYSTEM/Src/pid.c.obj
                0x08001f64                LocationRing_PID_Realize
 .text.VelocityRing_PID_Realize
                0x08001fc0       0xa8 CMakeFiles/MYCAR-CLION.elf.dir/SYSTEM/Src/pid.c.obj
                0x08001fc0                VelocityRing_PID_Realize
 .text.SysTick_Init
                0x08002068       0x3c CMakeFiles/MYCAR-CLION.elf.dir/SYSTEM/Src/systick.c.obj
                0x08002068                SysTick_Init
 .text.TIM1_PWM_Init
                0x080020a4       0xa4 CMakeFiles/MYCAR-CLION.elf.dir/SYSTEM/Src/tim1.c.obj
                0x080020a4                TIM1_PWM_Init
 .text.Tim3_Init
                0x08002148       0x60 CMakeFiles/MYCAR-CLION.elf.dir/SYSTEM/Src/tim3.c.obj
                0x08002148                Tim3_Init
 .text.Usart1_Init
                0x080021a8       0xa0 CMakeFiles/MYCAR-CLION.elf.dir/SYSTEM/Src/usart1.c.obj
                0x080021a8                Usart1_Init
 .text.main     0x08002248       0x4c CMakeFiles/MYCAR-CLION.elf.dir/Users/Src/main.c.obj
                0x08002248                main
 .text.NMI_Handler
                0x08002294        0x2 CMakeFiles/MYCAR-CLION.elf.dir/Users/Src/stm32f10x_it.c.obj
                0x08002294                NMI_Handler
 .text.HardFault_Handler
                0x08002296        0x2 CMakeFiles/MYCAR-CLION.elf.dir/Users/Src/stm32f10x_it.c.obj
                0x08002296                HardFault_Handler
 .text.MemManage_Handler
                0x08002298        0x2 CMakeFiles/MYCAR-CLION.elf.dir/Users/Src/stm32f10x_it.c.obj
                0x08002298                MemManage_Handler
 .text.BusFault_Handler
                0x0800229a        0x2 CMakeFiles/MYCAR-CLION.elf.dir/Users/Src/stm32f10x_it.c.obj
                0x0800229a                BusFault_Handler
 .text.UsageFault_Handler
                0x0800229c        0x2 CMakeFiles/MYCAR-CLION.elf.dir/Users/Src/stm32f10x_it.c.obj
                0x0800229c                UsageFault_Handler
 .text.SVC_Handler
                0x0800229e        0x2 CMakeFiles/MYCAR-CLION.elf.dir/Users/Src/stm32f10x_it.c.obj
                0x0800229e                SVC_Handler
 .text.DebugMon_Handler
                0x080022a0        0x2 CMakeFiles/MYCAR-CLION.elf.dir/Users/Src/stm32f10x_it.c.obj
                0x080022a0                DebugMon_Handler
 .text.PendSV_Handler
                0x080022a2        0x2 CMakeFiles/MYCAR-CLION.elf.dir/Users/Src/stm32f10x_it.c.obj
                0x080022a2                PendSV_Handler
 .text.SysTick_Handler
                0x080022a4        0x2 CMakeFiles/MYCAR-CLION.elf.dir/Users/Src/stm32f10x_it.c.obj
                0x080022a4                SysTick_Handler
 *fill*         0x080022a6        0x2 
 .text.SetSysClockTo72
                0x080022a8       0xc4 CMakeFiles/MYCAR-CLION.elf.dir/Users/Src/system_stm32f10x.c.obj
 .text.SetSysClock
                0x0800236c        0x8 CMakeFiles/MYCAR-CLION.elf.dir/Users/Src/system_stm32f10x.c.obj
 .text.SystemInit
                0x08002374       0x50 CMakeFiles/MYCAR-CLION.elf.dir/Users/Src/system_stm32f10x.c.obj
                0x08002374                SystemInit
 .text.Reset_Handler
                0x080023c4       0x48 CMakeFiles/MYCAR-CLION.elf.dir/startup/startup_stm32f103xb.s.obj
                0x080023c4                Reset_Handler
 .text.Default_Handler
                0x0800240c        0x2 CMakeFiles/MYCAR-CLION.elf.dir/startup/startup_stm32f103xb.s.obj
                0x0800240c                RTC_Alarm_IRQHandler
                0x0800240c                EXTI2_IRQHandler
                0x0800240c                TIM1_CC_IRQHandler
                0x0800240c                PVD_IRQHandler
                0x0800240c                EXTI3_IRQHandler
                0x0800240c                EXTI0_IRQHandler
                0x0800240c                I2C2_EV_IRQHandler
                0x0800240c                ADC1_2_IRQHandler
                0x0800240c                SPI1_IRQHandler
                0x0800240c                TAMPER_IRQHandler
                0x0800240c                DMA1_Channel4_IRQHandler
                0x0800240c                USART3_IRQHandler
                0x0800240c                RTC_IRQHandler
                0x0800240c                DMA1_Channel7_IRQHandler
                0x0800240c                CAN1_RX1_IRQHandler
                0x0800240c                I2C1_EV_IRQHandler
                0x0800240c                DMA1_Channel6_IRQHandler
                0x0800240c                RCC_IRQHandler
                0x0800240c                TIM1_TRG_COM_IRQHandler
                0x0800240c                DMA1_Channel1_IRQHandler
                0x0800240c                Default_Handler
                0x0800240c                EXTI15_10_IRQHandler
                0x0800240c                EXTI9_5_IRQHandler
                0x0800240c                SPI2_IRQHandler
                0x0800240c                DMA1_Channel5_IRQHandler
                0x0800240c                EXTI4_IRQHandler
                0x0800240c                USB_LP_CAN1_RX0_IRQHandler
                0x0800240c                USB_HP_CAN1_TX_IRQHandler
                0x0800240c                DMA1_Channel3_IRQHandler
                0x0800240c                TIM1_UP_IRQHandler
                0x0800240c                WWDG_IRQHandler
                0x0800240c                TIM1_BRK_IRQHandler
                0x0800240c                EXTI1_IRQHandler
                0x0800240c                USART2_IRQHandler
                0x0800240c                I2C2_ER_IRQHandler
                0x0800240c                DMA1_Channel2_IRQHandler
                0x0800240c                CAN1_SCE_IRQHandler
                0x0800240c                FLASH_IRQHandler
                0x0800240c                USART1_IRQHandler
                0x0800240c                I2C1_ER_IRQHandler
                0x0800240c                USBWakeUp_IRQHandler
 *fill*         0x0800240e        0x2 
 .text.__libc_init_array
                0x08002410       0x48 d:/gcc-arm-none-eabi/bin/../lib/gcc/arm-none-eabi/10.3.1/../../../../arm-none-eabi/lib/thumb/v7-m/nofp\libg.a(lib_a-init.o)
                0x08002410                __libc_init_array
 .text.startup.register_fini
                0x08002458       0x14 d:/gcc-arm-none-eabi/bin/../lib/gcc/arm-none-eabi/10.3.1/../../../../arm-none-eabi/lib/thumb/v7-m/nofp\libg.a(lib_a-__call_atexit.o)
 .text.atexit   0x0800246c        0xc d:/gcc-arm-none-eabi/bin/../lib/gcc/arm-none-eabi/10.3.1/../../../../arm-none-eabi/lib/thumb/v7-m/nofp\libg.a(lib_a-atexit.o)
                0x0800246c                atexit
 .text.__libc_fini_array
                0x08002478       0x2c d:/gcc-arm-none-eabi/bin/../lib/gcc/arm-none-eabi/10.3.1/../../../../arm-none-eabi/lib/thumb/v7-m/nofp\libg.a(lib_a-fini.o)
                0x08002478                __libc_fini_array
 .text.__retarget_lock_acquire_recursive
                0x080024a4        0x4 d:/gcc-arm-none-eabi/bin/../lib/gcc/arm-none-eabi/10.3.1/../../../../arm-none-eabi/lib/thumb/v7-m/nofp\libg.a(lib_a-lock.o)
                0x080024a4                __retarget_lock_acquire_recursive
 .text.__retarget_lock_release_recursive
                0x080024a8        0x4 d:/gcc-arm-none-eabi/bin/../lib/gcc/arm-none-eabi/10.3.1/../../../../arm-none-eabi/lib/thumb/v7-m/nofp\libg.a(lib_a-lock.o)
                0x080024a8                __retarget_lock_release_recursive
 .text.__register_exitproc
                0x080024ac       0x8c d:/gcc-arm-none-eabi/bin/../lib/gcc/arm-none-eabi/10.3.1/../../../../arm-none-eabi/lib/thumb/v7-m/nofp\libg.a(lib_a-__atexit.o)
                0x080024ac                __register_exitproc
 *(.glue_7)
 .glue_7        0x08002538        0x0 linker stubs
 *(.glue_7t)
 .glue_7t       0x08002538        0x0 linker stubs
 *(.eh_frame)
 .eh_frame      0x08002538        0x0 d:/gcc-arm-none-eabi/bin/../lib/gcc/arm-none-eabi/10.3.1/thumb/v7-m/nofp/crtbegin.o
 *(.init)
 .init          0x08002538        0x4 d:/gcc-arm-none-eabi/bin/../lib/gcc/arm-none-eabi/10.3.1/thumb/v7-m/nofp/crti.o
                0x08002538                _init
 .init          0x0800253c        0x8 d:/gcc-arm-none-eabi/bin/../lib/gcc/arm-none-eabi/10.3.1/thumb/v7-m/nofp/crtn.o
 *(.fini)
 .fini          0x08002544        0x4 d:/gcc-arm-none-eabi/bin/../lib/gcc/arm-none-eabi/10.3.1/thumb/v7-m/nofp/crti.o
                0x08002544                _fini
 .fini          0x08002548        0x8 d:/gcc-arm-none-eabi/bin/../lib/gcc/arm-none-eabi/10.3.1/thumb/v7-m/nofp/crtn.o
                0x08002550                . = ALIGN (0x4)
                0x08002550                _etext = .

.vfp11_veneer   0x08002550        0x0
 .vfp11_veneer  0x08002550        0x0 linker stubs

.v4_bx          0x08002550        0x0
 .v4_bx         0x08002550        0x0 linker stubs

.iplt           0x08002550        0x0
 .iplt          0x08002550        0x0 d:/gcc-arm-none-eabi/bin/../lib/gcc/arm-none-eabi/10.3.1/thumb/v7-m/nofp/crtbegin.o

.rodata         0x08002550      0x5fc
                0x08002550                . = ALIGN (0x4)
 *(.rodata)
 *(.rodata*)
 .rodata.OLED_F8x16
                0x08002550      0x5f0 CMakeFiles/MYCAR-CLION.elf.dir/SYSTEM/Src/OLED.c.obj
                0x08002550                OLED_F8x16
 .rodata.main.str1.4
                0x08002b40        0x7 CMakeFiles/MYCAR-CLION.elf.dir/Users/Src/main.c.obj
 *fill*         0x08002b47        0x1 
 .rodata._global_impure_ptr
                0x08002b48        0x4 d:/gcc-arm-none-eabi/bin/../lib/gcc/arm-none-eabi/10.3.1/../../../../arm-none-eabi/lib/thumb/v7-m/nofp\libg.a(lib_a-impure.o)
                0x08002b48                _global_impure_ptr
                0x08002b4c                . = ALIGN (0x4)

.rel.dyn        0x08002b4c        0x0
 .rel.iplt      0x08002b4c        0x0 d:/gcc-arm-none-eabi/bin/../lib/gcc/arm-none-eabi/10.3.1/thumb/v7-m/nofp/crtbegin.o

.ARM.extab
 *(.ARM.extab* .gnu.linkonce.armextab.*)

.ARM            0x08002b4c        0x0
                0x08002b4c                __exidx_start = .
 *(.ARM.exidx*)
                0x08002b4c                __exidx_end = .

.preinit_array  0x08002b4c        0x0
                0x08002b4c                PROVIDE (__preinit_array_start = .)
 *(.preinit_array*)
                0x08002b4c                PROVIDE (__preinit_array_end = .)

.init_array     0x08002b4c        0x8
                0x08002b4c                PROVIDE (__init_array_start = .)
 *(SORT_BY_NAME(.init_array.*))
 .init_array.00000
                0x08002b4c        0x4 d:/gcc-arm-none-eabi/bin/../lib/gcc/arm-none-eabi/10.3.1/../../../../arm-none-eabi/lib/thumb/v7-m/nofp\libg.a(lib_a-__call_atexit.o)
 *(.init_array*)
 .init_array    0x08002b50        0x4 d:/gcc-arm-none-eabi/bin/../lib/gcc/arm-none-eabi/10.3.1/thumb/v7-m/nofp/crtbegin.o
                0x08002b54                PROVIDE (__init_array_end = .)

.fini_array     0x08002b54        0x4
                0x08002b54                PROVIDE (__fini_array_start = .)
 *(SORT_BY_NAME(.fini_array.*))
 *(.fini_array*)
 .fini_array    0x08002b54        0x4 d:/gcc-arm-none-eabi/bin/../lib/gcc/arm-none-eabi/10.3.1/thumb/v7-m/nofp/crtbegin.o
                0x08002b58                PROVIDE (__fini_array_end = .)
                0x08002b58                _sidata = LOADADDR (.data)

.data           0x20000000      0x444 load address 0x08002b58
                0x20000000                . = ALIGN (0x4)
                0x20000000                _sdata = .
 *(.data)
 *(.data*)
 .data.ADCPrescTable
                0x20000000        0x4 CMakeFiles/MYCAR-CLION.elf.dir/STM32F10x_FWLib/Src/stm32f10x_rcc.c.obj
 .data.APBAHBPrescTable
                0x20000004       0x10 CMakeFiles/MYCAR-CLION.elf.dir/STM32F10x_FWLib/Src/stm32f10x_rcc.c.obj
 .data.SystemCoreClock
                0x20000014        0x4 CMakeFiles/MYCAR-CLION.elf.dir/Users/Src/system_stm32f10x.c.obj
                0x20000014                SystemCoreClock
 .data.impure_data
                0x20000018      0x428 d:/gcc-arm-none-eabi/bin/../lib/gcc/arm-none-eabi/10.3.1/../../../../arm-none-eabi/lib/thumb/v7-m/nofp\libg.a(lib_a-impure.o)
 .data.__atexit_recursive_mutex
                0x20000440        0x4 d:/gcc-arm-none-eabi/bin/../lib/gcc/arm-none-eabi/10.3.1/../../../../arm-none-eabi/lib/thumb/v7-m/nofp\libg.a(lib_a-__call_atexit.o)
                0x20000440                __atexit_recursive_mutex
                0x20000444                . = ALIGN (0x4)
                0x20000444                _edata = .

.igot.plt       0x20000444        0x0 load address 0x08002f9c
 .igot.plt      0x20000444        0x0 d:/gcc-arm-none-eabi/bin/../lib/gcc/arm-none-eabi/10.3.1/thumb/v7-m/nofp/crtbegin.o
                0x20000444                . = ALIGN (0x4)

.bss            0x20000444       0x90 load address 0x08002f9c
                0x20000444                _sbss = .
                0x20000444                __bss_start__ = _sbss
 *(.bss)
 .bss           0x20000444       0x1c d:/gcc-arm-none-eabi/bin/../lib/gcc/arm-none-eabi/10.3.1/thumb/v7-m/nofp/crtbegin.o
 *(.bss*)
 .bss.Flag      0x20000460        0x6 CMakeFiles/MYCAR-CLION.elf.dir/SYSTEM/Src/myconfig.c.obj
                0x20000460                Flag
 *fill*         0x20000466        0x2 
 .bss.Param     0x20000468       0x20 CMakeFiles/MYCAR-CLION.elf.dir/SYSTEM/Src/myconfig.c.obj
                0x20000468                Param
 .bss.PID       0x20000488       0x48 CMakeFiles/MYCAR-CLION.elf.dir/SYSTEM/Src/pid.c.obj
                0x20000488                PID
 .bss.__lock___atexit_recursive_mutex
                0x200004d0        0x1 d:/gcc-arm-none-eabi/bin/../lib/gcc/arm-none-eabi/10.3.1/../../../../arm-none-eabi/lib/thumb/v7-m/nofp\libg.a(lib_a-lock.o)
                0x200004d0                __lock___atexit_recursive_mutex
 *(COMMON)
                0x200004d4                . = ALIGN (0x4)
 *fill*         0x200004d1        0x3 
                0x200004d4                _ebss = .
                0x200004d4                __bss_end__ = _ebss

._user_heap_stack
                0x200004d4      0x604 load address 0x08002f9c
                0x200004d8                . = ALIGN (0x8)
 *fill*         0x200004d4        0x4 
                [!provide]                PROVIDE (end = .)
                [!provide]                PROVIDE (_end = .)
                0x200006d8                . = (. + _Min_Heap_Size)
 *fill*         0x200004d8      0x200 
                0x20000ad8                . = (. + _Min_Stack_Size)
 *fill*         0x200006d8      0x400 
                0x20000ad8                . = ALIGN (0x8)

/DISCARD/
 libc.a(*)
 libm.a(*)
 libgcc.a(*)

.ARM.attributes
                0x00000000       0x29
 *(.ARM.attributes)
 .ARM.attributes
                0x00000000       0x1d d:/gcc-arm-none-eabi/bin/../lib/gcc/arm-none-eabi/10.3.1/thumb/v7-m/nofp/crti.o
 .ARM.attributes
                0x0000001d       0x2d d:/gcc-arm-none-eabi/bin/../lib/gcc/arm-none-eabi/10.3.1/thumb/v7-m/nofp/crtbegin.o
 .ARM.attributes
                0x0000004a       0x2d CMakeFiles/MYCAR-CLION.elf.dir/STM32F10x_FWLib/Src/misc.c.obj
 .ARM.attributes
                0x00000077       0x2d CMakeFiles/MYCAR-CLION.elf.dir/STM32F10x_FWLib/Src/stm32f10x_gpio.c.obj
 .ARM.attributes
                0x000000a4       0x2d CMakeFiles/MYCAR-CLION.elf.dir/STM32F10x_FWLib/Src/stm32f10x_rcc.c.obj
 .ARM.attributes
                0x000000d1       0x2d CMakeFiles/MYCAR-CLION.elf.dir/STM32F10x_FWLib/Src/stm32f10x_tim.c.obj
 .ARM.attributes
                0x000000fe       0x2d CMakeFiles/MYCAR-CLION.elf.dir/STM32F10x_FWLib/Src/stm32f10x_usart.c.obj
 .ARM.attributes
                0x0000012b       0x2d CMakeFiles/MYCAR-CLION.elf.dir/SYSTEM/Src/OLED.c.obj
 .ARM.attributes
                0x00000158       0x2d CMakeFiles/MYCAR-CLION.elf.dir/SYSTEM/Src/encoder.c.obj
 .ARM.attributes
                0x00000185       0x2d CMakeFiles/MYCAR-CLION.elf.dir/SYSTEM/Src/motor.c.obj
 .ARM.attributes
                0x000001b2       0x2d CMakeFiles/MYCAR-CLION.elf.dir/SYSTEM/Src/myconfig.c.obj
 .ARM.attributes
                0x000001df       0x2d CMakeFiles/MYCAR-CLION.elf.dir/SYSTEM/Src/nvic.c.obj
 .ARM.attributes
                0x0000020c       0x2d CMakeFiles/MYCAR-CLION.elf.dir/SYSTEM/Src/pid.c.obj
 .ARM.attributes
                0x00000239       0x2d CMakeFiles/MYCAR-CLION.elf.dir/SYSTEM/Src/systick.c.obj
 .ARM.attributes
                0x00000266       0x2d CMakeFiles/MYCAR-CLION.elf.dir/SYSTEM/Src/tim1.c.obj
 .ARM.attributes
                0x00000293       0x2d CMakeFiles/MYCAR-CLION.elf.dir/SYSTEM/Src/tim3.c.obj
 .ARM.attributes
                0x000002c0       0x2d CMakeFiles/MYCAR-CLION.elf.dir/SYSTEM/Src/usart1.c.obj
 .ARM.attributes
                0x000002ed       0x2d CMakeFiles/MYCAR-CLION.elf.dir/Users/Src/main.c.obj
 .ARM.attributes
                0x0000031a       0x2d CMakeFiles/MYCAR-CLION.elf.dir/Users/Src/stm32f10x_it.c.obj
 .ARM.attributes
                0x00000347       0x2d CMakeFiles/MYCAR-CLION.elf.dir/Users/Src/system_stm32f10x.c.obj
 .ARM.attributes
                0x00000374       0x21 CMakeFiles/MYCAR-CLION.elf.dir/startup/startup_stm32f103xb.s.obj
 .ARM.attributes
                0x00000395       0x1d d:/gcc-arm-none-eabi/bin/../lib/gcc/arm-none-eabi/10.3.1/thumb/v7-m/nofp\libgcc.a(_arm_mulsf3.o)
 .ARM.attributes
                0x000003b2       0x1d d:/gcc-arm-none-eabi/bin/../lib/gcc/arm-none-eabi/10.3.1/thumb/v7-m/nofp\libgcc.a(_arm_addsubdf3.o)
 .ARM.attributes
                0x000003cf       0x1d d:/gcc-arm-none-eabi/bin/../lib/gcc/arm-none-eabi/10.3.1/thumb/v7-m/nofp\libgcc.a(_arm_muldivdf3.o)
 .ARM.attributes
                0x000003ec       0x1d d:/gcc-arm-none-eabi/bin/../lib/gcc/arm-none-eabi/10.3.1/thumb/v7-m/nofp\libgcc.a(_arm_truncdfsf2.o)
 .ARM.attributes
                0x00000409       0x1d d:/gcc-arm-none-eabi/bin/../lib/gcc/arm-none-eabi/10.3.1/thumb/v7-m/nofp\libgcc.a(_arm_addsubsf3.o)
 .ARM.attributes
                0x00000426       0x1d d:/gcc-arm-none-eabi/bin/../lib/gcc/arm-none-eabi/10.3.1/thumb/v7-m/nofp\libgcc.a(_arm_cmpsf2.o)
 .ARM.attributes
                0x00000443       0x1d d:/gcc-arm-none-eabi/bin/../lib/gcc/arm-none-eabi/10.3.1/thumb/v7-m/nofp\libgcc.a(_arm_fixsfsi.o)
 .ARM.attributes
                0x00000460       0x1d d:/gcc-arm-none-eabi/bin/../lib/gcc/arm-none-eabi/10.3.1/thumb/v7-m/nofp\libgcc.a(_arm_fixunssfsi.o)
 .ARM.attributes
                0x0000047d       0x2d d:/gcc-arm-none-eabi/bin/../lib/gcc/arm-none-eabi/10.3.1/../../../../arm-none-eabi/lib/thumb/v7-m/nofp\libg.a(lib_a-impure.o)
 .ARM.attributes
                0x000004aa       0x2d d:/gcc-arm-none-eabi/bin/../lib/gcc/arm-none-eabi/10.3.1/../../../../arm-none-eabi/lib/thumb/v7-m/nofp\libg.a(lib_a-init.o)
 .ARM.attributes
                0x000004d7       0x2d d:/gcc-arm-none-eabi/bin/../lib/gcc/arm-none-eabi/10.3.1/../../../../arm-none-eabi/lib/thumb/v7-m/nofp\libg.a(lib_a-__call_atexit.o)
 .ARM.attributes
                0x00000504       0x2d d:/gcc-arm-none-eabi/bin/../lib/gcc/arm-none-eabi/10.3.1/../../../../arm-none-eabi/lib/thumb/v7-m/nofp\libg.a(lib_a-atexit.o)
 .ARM.attributes
                0x00000531       0x2d d:/gcc-arm-none-eabi/bin/../lib/gcc/arm-none-eabi/10.3.1/../../../../arm-none-eabi/lib/thumb/v7-m/nofp\libg.a(lib_a-fini.o)
 .ARM.attributes
                0x0000055e       0x2d d:/gcc-arm-none-eabi/bin/../lib/gcc/arm-none-eabi/10.3.1/../../../../arm-none-eabi/lib/thumb/v7-m/nofp\libg.a(lib_a-lock.o)
 .ARM.attributes
                0x0000058b       0x2d d:/gcc-arm-none-eabi/bin/../lib/gcc/arm-none-eabi/10.3.1/../../../../arm-none-eabi/lib/thumb/v7-m/nofp\libg.a(lib_a-__atexit.o)
 .ARM.attributes
                0x000005b8       0x1d d:/gcc-arm-none-eabi/bin/../lib/gcc/arm-none-eabi/10.3.1/thumb/v7-m/nofp/crtn.o
OUTPUT(MYCAR-CLION.elf elf32-littlearm)
LOAD linker stubs
LOAD d:/gcc-arm-none-eabi/bin/../lib/gcc/arm-none-eabi/10.3.1/../../../../arm-none-eabi/lib/thumb/v7-m/nofp\libc.a
LOAD d:/gcc-arm-none-eabi/bin/../lib/gcc/arm-none-eabi/10.3.1/../../../../arm-none-eabi/lib/thumb/v7-m/nofp\libm.a
LOAD d:/gcc-arm-none-eabi/bin/../lib/gcc/arm-none-eabi/10.3.1/thumb/v7-m/nofp\libgcc.a

.debug_info     0x00000000     0x9719
 .debug_info    0x00000000      0x52c CMakeFiles/MYCAR-CLION.elf.dir/STM32F10x_FWLib/Src/misc.c.obj
 .debug_info    0x0000052c      0x91e CMakeFiles/MYCAR-CLION.elf.dir/STM32F10x_FWLib/Src/stm32f10x_gpio.c.obj
 .debug_info    0x00000e4a      0x97f CMakeFiles/MYCAR-CLION.elf.dir/STM32F10x_FWLib/Src/stm32f10x_rcc.c.obj
 .debug_info    0x000017c9     0x2500 CMakeFiles/MYCAR-CLION.elf.dir/STM32F10x_FWLib/Src/stm32f10x_tim.c.obj
 .debug_info    0x00003cc9      0xc08 CMakeFiles/MYCAR-CLION.elf.dir/STM32F10x_FWLib/Src/stm32f10x_usart.c.obj
 .debug_info    0x000048d1      0xddd CMakeFiles/MYCAR-CLION.elf.dir/SYSTEM/Src/OLED.c.obj
 .debug_info    0x000056ae      0xa02 CMakeFiles/MYCAR-CLION.elf.dir/SYSTEM/Src/encoder.c.obj
 .debug_info    0x000060b0      0x6e2 CMakeFiles/MYCAR-CLION.elf.dir/SYSTEM/Src/motor.c.obj
 .debug_info    0x00006792      0x9d6 CMakeFiles/MYCAR-CLION.elf.dir/SYSTEM/Src/myconfig.c.obj
 .debug_info    0x00007168       0xb8 CMakeFiles/MYCAR-CLION.elf.dir/SYSTEM/Src/nvic.c.obj
 .debug_info    0x00007220      0x2de CMakeFiles/MYCAR-CLION.elf.dir/SYSTEM/Src/pid.c.obj
 .debug_info    0x000074fe      0x602 CMakeFiles/MYCAR-CLION.elf.dir/SYSTEM/Src/systick.c.obj
 .debug_info    0x00007b00      0x714 CMakeFiles/MYCAR-CLION.elf.dir/SYSTEM/Src/tim1.c.obj
 .debug_info    0x00008214      0x666 CMakeFiles/MYCAR-CLION.elf.dir/SYSTEM/Src/tim3.c.obj
 .debug_info    0x0000887a      0x6ae CMakeFiles/MYCAR-CLION.elf.dir/SYSTEM/Src/usart1.c.obj
 .debug_info    0x00008f28      0x225 CMakeFiles/MYCAR-CLION.elf.dir/Users/Src/main.c.obj
 .debug_info    0x0000914d      0x10e CMakeFiles/MYCAR-CLION.elf.dir/Users/Src/stm32f10x_it.c.obj
 .debug_info    0x0000925b      0x49c CMakeFiles/MYCAR-CLION.elf.dir/Users/Src/system_stm32f10x.c.obj
 .debug_info    0x000096f7       0x22 CMakeFiles/MYCAR-CLION.elf.dir/startup/startup_stm32f103xb.s.obj

.debug_abbrev   0x00000000     0x1aa0
 .debug_abbrev  0x00000000      0x198 CMakeFiles/MYCAR-CLION.elf.dir/STM32F10x_FWLib/Src/misc.c.obj
 .debug_abbrev  0x00000198      0x220 CMakeFiles/MYCAR-CLION.elf.dir/STM32F10x_FWLib/Src/stm32f10x_gpio.c.obj
 .debug_abbrev  0x000003b8      0x204 CMakeFiles/MYCAR-CLION.elf.dir/STM32F10x_FWLib/Src/stm32f10x_rcc.c.obj
 .debug_abbrev  0x000005bc      0x206 CMakeFiles/MYCAR-CLION.elf.dir/STM32F10x_FWLib/Src/stm32f10x_tim.c.obj
 .debug_abbrev  0x000007c2      0x1dc CMakeFiles/MYCAR-CLION.elf.dir/STM32F10x_FWLib/Src/stm32f10x_usart.c.obj
 .debug_abbrev  0x0000099e      0x225 CMakeFiles/MYCAR-CLION.elf.dir/SYSTEM/Src/OLED.c.obj
 .debug_abbrev  0x00000bc3      0x182 CMakeFiles/MYCAR-CLION.elf.dir/SYSTEM/Src/encoder.c.obj
 .debug_abbrev  0x00000d45      0x16b CMakeFiles/MYCAR-CLION.elf.dir/SYSTEM/Src/motor.c.obj
 .debug_abbrev  0x00000eb0      0x1e0 CMakeFiles/MYCAR-CLION.elf.dir/SYSTEM/Src/myconfig.c.obj
 .debug_abbrev  0x00001090       0x7f CMakeFiles/MYCAR-CLION.elf.dir/SYSTEM/Src/nvic.c.obj
 .debug_abbrev  0x0000110f       0xdf CMakeFiles/MYCAR-CLION.elf.dir/SYSTEM/Src/pid.c.obj
 .debug_abbrev  0x000011ee      0x1c7 CMakeFiles/MYCAR-CLION.elf.dir/SYSTEM/Src/systick.c.obj
 .debug_abbrev  0x000013b5      0x147 CMakeFiles/MYCAR-CLION.elf.dir/SYSTEM/Src/tim1.c.obj
 .debug_abbrev  0x000014fc      0x151 CMakeFiles/MYCAR-CLION.elf.dir/SYSTEM/Src/tim3.c.obj
 .debug_abbrev  0x0000164d      0x187 CMakeFiles/MYCAR-CLION.elf.dir/SYSTEM/Src/usart1.c.obj
 .debug_abbrev  0x000017d4       0xbe CMakeFiles/MYCAR-CLION.elf.dir/Users/Src/main.c.obj
 .debug_abbrev  0x00001892       0x44 CMakeFiles/MYCAR-CLION.elf.dir/Users/Src/stm32f10x_it.c.obj
 .debug_abbrev  0x000018d6      0x1b8 CMakeFiles/MYCAR-CLION.elf.dir/Users/Src/system_stm32f10x.c.obj
 .debug_abbrev  0x00001a8e       0x12 CMakeFiles/MYCAR-CLION.elf.dir/startup/startup_stm32f103xb.s.obj

.debug_loc      0x00000000     0x3ccc
 .debug_loc     0x00000000      0x16b CMakeFiles/MYCAR-CLION.elf.dir/STM32F10x_FWLib/Src/misc.c.obj
 .debug_loc     0x0000016b      0x62c CMakeFiles/MYCAR-CLION.elf.dir/STM32F10x_FWLib/Src/stm32f10x_gpio.c.obj
 .debug_loc     0x00000797      0x654 CMakeFiles/MYCAR-CLION.elf.dir/STM32F10x_FWLib/Src/stm32f10x_rcc.c.obj
 .debug_loc     0x00000deb     0x1a55 CMakeFiles/MYCAR-CLION.elf.dir/STM32F10x_FWLib/Src/stm32f10x_tim.c.obj
 .debug_loc     0x00002840      0x80c CMakeFiles/MYCAR-CLION.elf.dir/STM32F10x_FWLib/Src/stm32f10x_usart.c.obj
 .debug_loc     0x0000304c      0x77c CMakeFiles/MYCAR-CLION.elf.dir/SYSTEM/Src/OLED.c.obj
 .debug_loc     0x000037c8       0x81 CMakeFiles/MYCAR-CLION.elf.dir/SYSTEM/Src/encoder.c.obj
 .debug_loc     0x00003849       0xdf CMakeFiles/MYCAR-CLION.elf.dir/SYSTEM/Src/motor.c.obj
 .debug_loc     0x00003928      0x131 CMakeFiles/MYCAR-CLION.elf.dir/SYSTEM/Src/myconfig.c.obj
 .debug_loc     0x00003a59       0x68 CMakeFiles/MYCAR-CLION.elf.dir/SYSTEM/Src/pid.c.obj
 .debug_loc     0x00003ac1       0x74 CMakeFiles/MYCAR-CLION.elf.dir/SYSTEM/Src/systick.c.obj
 .debug_loc     0x00003b35       0x4a CMakeFiles/MYCAR-CLION.elf.dir/SYSTEM/Src/tim1.c.obj
 .debug_loc     0x00003b7f       0x4e CMakeFiles/MYCAR-CLION.elf.dir/SYSTEM/Src/usart1.c.obj
 .debug_loc     0x00003bcd       0xff CMakeFiles/MYCAR-CLION.elf.dir/Users/Src/system_stm32f10x.c.obj

.debug_aranges  0x00000000      0x908
 .debug_aranges
                0x00000000       0x40 CMakeFiles/MYCAR-CLION.elf.dir/STM32F10x_FWLib/Src/misc.c.obj
 .debug_aranges
                0x00000040       0xa8 CMakeFiles/MYCAR-CLION.elf.dir/STM32F10x_FWLib/Src/stm32f10x_gpio.c.obj
 .debug_aranges
                0x000000e8      0x118 CMakeFiles/MYCAR-CLION.elf.dir/STM32F10x_FWLib/Src/stm32f10x_rcc.c.obj
 .debug_aranges
                0x00000200      0x2f0 CMakeFiles/MYCAR-CLION.elf.dir/STM32F10x_FWLib/Src/stm32f10x_tim.c.obj
 .debug_aranges
                0x000004f0      0x100 CMakeFiles/MYCAR-CLION.elf.dir/STM32F10x_FWLib/Src/stm32f10x_usart.c.obj
 .debug_aranges
                0x000005f0       0x98 CMakeFiles/MYCAR-CLION.elf.dir/SYSTEM/Src/OLED.c.obj
 .debug_aranges
                0x00000688       0x40 CMakeFiles/MYCAR-CLION.elf.dir/SYSTEM/Src/encoder.c.obj
 .debug_aranges
                0x000006c8       0x48 CMakeFiles/MYCAR-CLION.elf.dir/SYSTEM/Src/motor.c.obj
 .debug_aranges
                0x00000710       0x48 CMakeFiles/MYCAR-CLION.elf.dir/SYSTEM/Src/myconfig.c.obj
 .debug_aranges
                0x00000758       0x20 CMakeFiles/MYCAR-CLION.elf.dir/SYSTEM/Src/nvic.c.obj
 .debug_aranges
                0x00000778       0x30 CMakeFiles/MYCAR-CLION.elf.dir/SYSTEM/Src/pid.c.obj
 .debug_aranges
                0x000007a8       0x20 CMakeFiles/MYCAR-CLION.elf.dir/SYSTEM/Src/systick.c.obj
 .debug_aranges
                0x000007c8       0x20 CMakeFiles/MYCAR-CLION.elf.dir/SYSTEM/Src/tim1.c.obj
 .debug_aranges
                0x000007e8       0x20 CMakeFiles/MYCAR-CLION.elf.dir/SYSTEM/Src/tim3.c.obj
 .debug_aranges
                0x00000808       0x20 CMakeFiles/MYCAR-CLION.elf.dir/SYSTEM/Src/usart1.c.obj
 .debug_aranges
                0x00000828       0x20 CMakeFiles/MYCAR-CLION.elf.dir/Users/Src/main.c.obj
 .debug_aranges
                0x00000848       0x60 CMakeFiles/MYCAR-CLION.elf.dir/Users/Src/stm32f10x_it.c.obj
 .debug_aranges
                0x000008a8       0x38 CMakeFiles/MYCAR-CLION.elf.dir/Users/Src/system_stm32f10x.c.obj
 .debug_aranges
                0x000008e0       0x28 CMakeFiles/MYCAR-CLION.elf.dir/startup/startup_stm32f103xb.s.obj

.debug_ranges   0x00000000      0x7e0
 .debug_ranges  0x00000000       0x30 CMakeFiles/MYCAR-CLION.elf.dir/STM32F10x_FWLib/Src/misc.c.obj
 .debug_ranges  0x00000030       0x98 CMakeFiles/MYCAR-CLION.elf.dir/STM32F10x_FWLib/Src/stm32f10x_gpio.c.obj
 .debug_ranges  0x000000c8      0x108 CMakeFiles/MYCAR-CLION.elf.dir/STM32F10x_FWLib/Src/stm32f10x_rcc.c.obj
 .debug_ranges  0x000001d0      0x2e0 CMakeFiles/MYCAR-CLION.elf.dir/STM32F10x_FWLib/Src/stm32f10x_tim.c.obj
 .debug_ranges  0x000004b0       0xf0 CMakeFiles/MYCAR-CLION.elf.dir/STM32F10x_FWLib/Src/stm32f10x_usart.c.obj
 .debug_ranges  0x000005a0       0x88 CMakeFiles/MYCAR-CLION.elf.dir/SYSTEM/Src/OLED.c.obj
 .debug_ranges  0x00000628       0x30 CMakeFiles/MYCAR-CLION.elf.dir/SYSTEM/Src/encoder.c.obj
 .debug_ranges  0x00000658       0x38 CMakeFiles/MYCAR-CLION.elf.dir/SYSTEM/Src/motor.c.obj
 .debug_ranges  0x00000690       0x38 CMakeFiles/MYCAR-CLION.elf.dir/SYSTEM/Src/myconfig.c.obj
 .debug_ranges  0x000006c8       0x10 CMakeFiles/MYCAR-CLION.elf.dir/SYSTEM/Src/nvic.c.obj
 .debug_ranges  0x000006d8       0x20 CMakeFiles/MYCAR-CLION.elf.dir/SYSTEM/Src/pid.c.obj
 .debug_ranges  0x000006f8       0x10 CMakeFiles/MYCAR-CLION.elf.dir/SYSTEM/Src/systick.c.obj
 .debug_ranges  0x00000708       0x10 CMakeFiles/MYCAR-CLION.elf.dir/SYSTEM/Src/tim1.c.obj
 .debug_ranges  0x00000718       0x10 CMakeFiles/MYCAR-CLION.elf.dir/SYSTEM/Src/tim3.c.obj
 .debug_ranges  0x00000728       0x10 CMakeFiles/MYCAR-CLION.elf.dir/SYSTEM/Src/usart1.c.obj
 .debug_ranges  0x00000738       0x10 CMakeFiles/MYCAR-CLION.elf.dir/Users/Src/main.c.obj
 .debug_ranges  0x00000748       0x50 CMakeFiles/MYCAR-CLION.elf.dir/Users/Src/stm32f10x_it.c.obj
 .debug_ranges  0x00000798       0x28 CMakeFiles/MYCAR-CLION.elf.dir/Users/Src/system_stm32f10x.c.obj
 .debug_ranges  0x000007c0       0x20 CMakeFiles/MYCAR-CLION.elf.dir/startup/startup_stm32f103xb.s.obj

.debug_line     0x00000000     0x57b2
 .debug_line    0x00000000      0x2b3 CMakeFiles/MYCAR-CLION.elf.dir/STM32F10x_FWLib/Src/misc.c.obj
 .debug_line    0x000002b3      0x6ad CMakeFiles/MYCAR-CLION.elf.dir/STM32F10x_FWLib/Src/stm32f10x_gpio.c.obj
 .debug_line    0x00000960      0x85b CMakeFiles/MYCAR-CLION.elf.dir/STM32F10x_FWLib/Src/stm32f10x_rcc.c.obj
 .debug_line    0x000011bb     0x1a14 CMakeFiles/MYCAR-CLION.elf.dir/STM32F10x_FWLib/Src/stm32f10x_tim.c.obj
 .debug_line    0x00002bcf      0x884 CMakeFiles/MYCAR-CLION.elf.dir/STM32F10x_FWLib/Src/stm32f10x_usart.c.obj
 .debug_line    0x00003453      0x709 CMakeFiles/MYCAR-CLION.elf.dir/SYSTEM/Src/OLED.c.obj
 .debug_line    0x00003b5c      0x2d3 CMakeFiles/MYCAR-CLION.elf.dir/SYSTEM/Src/encoder.c.obj
 .debug_line    0x00003e2f      0x337 CMakeFiles/MYCAR-CLION.elf.dir/SYSTEM/Src/motor.c.obj
 .debug_line    0x00004166      0x418 CMakeFiles/MYCAR-CLION.elf.dir/SYSTEM/Src/myconfig.c.obj
 .debug_line    0x0000457e      0x121 CMakeFiles/MYCAR-CLION.elf.dir/SYSTEM/Src/nvic.c.obj
 .debug_line    0x0000469f      0x247 CMakeFiles/MYCAR-CLION.elf.dir/SYSTEM/Src/pid.c.obj
 .debug_line    0x000048e6      0x1bd CMakeFiles/MYCAR-CLION.elf.dir/SYSTEM/Src/systick.c.obj
 .debug_line    0x00004aa3      0x1f0 CMakeFiles/MYCAR-CLION.elf.dir/SYSTEM/Src/tim1.c.obj
 .debug_line    0x00004c93      0x1bb CMakeFiles/MYCAR-CLION.elf.dir/SYSTEM/Src/tim3.c.obj
 .debug_line    0x00004e4e      0x224 CMakeFiles/MYCAR-CLION.elf.dir/SYSTEM/Src/usart1.c.obj
 .debug_line    0x00005072      0x19e CMakeFiles/MYCAR-CLION.elf.dir/Users/Src/main.c.obj
 .debug_line    0x00005210      0x142 CMakeFiles/MYCAR-CLION.elf.dir/Users/Src/stm32f10x_it.c.obj
 .debug_line    0x00005352      0x3c9 CMakeFiles/MYCAR-CLION.elf.dir/Users/Src/system_stm32f10x.c.obj
 .debug_line    0x0000571b       0x97 CMakeFiles/MYCAR-CLION.elf.dir/startup/startup_stm32f103xb.s.obj

.debug_str      0x00000000     0x2a68
 .debug_str     0x00000000      0x3c6 CMakeFiles/MYCAR-CLION.elf.dir/STM32F10x_FWLib/Src/misc.c.obj
                                0x40b (size before relaxing)
 .debug_str     0x000003c6      0x3a3 CMakeFiles/MYCAR-CLION.elf.dir/STM32F10x_FWLib/Src/stm32f10x_gpio.c.obj
                                0x583 (size before relaxing)
 .debug_str     0x00000769      0x439 CMakeFiles/MYCAR-CLION.elf.dir/STM32F10x_FWLib/Src/stm32f10x_rcc.c.obj
                                0x66d (size before relaxing)
 .debug_str     0x00000ba2      0xbab CMakeFiles/MYCAR-CLION.elf.dir/STM32F10x_FWLib/Src/stm32f10x_tim.c.obj
                                0xe5e (size before relaxing)
 .debug_str     0x0000174d      0x42d CMakeFiles/MYCAR-CLION.elf.dir/STM32F10x_FWLib/Src/stm32f10x_usart.c.obj
                                0x723 (size before relaxing)
 .debug_str     0x00001b7a      0x161 CMakeFiles/MYCAR-CLION.elf.dir/SYSTEM/Src/OLED.c.obj
                                0x4c5 (size before relaxing)
 .debug_str     0x00001cdb       0xb8 CMakeFiles/MYCAR-CLION.elf.dir/SYSTEM/Src/encoder.c.obj
                                0x684 (size before relaxing)
 .debug_str     0x00001d93      0x13a CMakeFiles/MYCAR-CLION.elf.dir/SYSTEM/Src/motor.c.obj
                                0x57d (size before relaxing)
 .debug_str     0x00001ecd      0x410 CMakeFiles/MYCAR-CLION.elf.dir/SYSTEM/Src/myconfig.c.obj
                                0x7d1 (size before relaxing)
 .debug_str     0x000022dd       0x39 CMakeFiles/MYCAR-CLION.elf.dir/SYSTEM/Src/nvic.c.obj
                                0x1db (size before relaxing)
 .debug_str     0x00002316       0x48 CMakeFiles/MYCAR-CLION.elf.dir/SYSTEM/Src/pid.c.obj
                                0x357 (size before relaxing)
 .debug_str     0x0000235e      0x426 CMakeFiles/MYCAR-CLION.elf.dir/SYSTEM/Src/systick.c.obj
                                0x69d (size before relaxing)
 .debug_str     0x00002784       0x4f CMakeFiles/MYCAR-CLION.elf.dir/SYSTEM/Src/tim1.c.obj
                                0x603 (size before relaxing)
 .debug_str     0x000027d3       0x4a CMakeFiles/MYCAR-CLION.elf.dir/SYSTEM/Src/tim3.c.obj
                                0x818 (size before relaxing)
 .debug_str     0x0000281d       0x55 CMakeFiles/MYCAR-CLION.elf.dir/SYSTEM/Src/usart1.c.obj
                                0x8a0 (size before relaxing)
 .debug_str     0x00002872       0x52 CMakeFiles/MYCAR-CLION.elf.dir/Users/Src/main.c.obj
                                0x286 (size before relaxing)
 .debug_str     0x000028c4       0xc4 CMakeFiles/MYCAR-CLION.elf.dir/Users/Src/stm32f10x_it.c.obj
                                0x239 (size before relaxing)
 .debug_str     0x00002988       0x99 CMakeFiles/MYCAR-CLION.elf.dir/Users/Src/system_stm32f10x.c.obj
                                0x329 (size before relaxing)
 .debug_str     0x00002a21       0x47 CMakeFiles/MYCAR-CLION.elf.dir/startup/startup_stm32f103xb.s.obj
                                 0x74 (size before relaxing)

.comment        0x00000000       0x49
 .comment       0x00000000       0x49 CMakeFiles/MYCAR-CLION.elf.dir/STM32F10x_FWLib/Src/misc.c.obj
                                 0x4a (size before relaxing)
 .comment       0x00000049       0x4a CMakeFiles/MYCAR-CLION.elf.dir/STM32F10x_FWLib/Src/stm32f10x_gpio.c.obj
 .comment       0x00000049       0x4a CMakeFiles/MYCAR-CLION.elf.dir/STM32F10x_FWLib/Src/stm32f10x_rcc.c.obj
 .comment       0x00000049       0x4a CMakeFiles/MYCAR-CLION.elf.dir/STM32F10x_FWLib/Src/stm32f10x_tim.c.obj
 .comment       0x00000049       0x4a CMakeFiles/MYCAR-CLION.elf.dir/STM32F10x_FWLib/Src/stm32f10x_usart.c.obj
 .comment       0x00000049       0x4a CMakeFiles/MYCAR-CLION.elf.dir/SYSTEM/Src/OLED.c.obj
 .comment       0x00000049       0x4a CMakeFiles/MYCAR-CLION.elf.dir/SYSTEM/Src/encoder.c.obj
 .comment       0x00000049       0x4a CMakeFiles/MYCAR-CLION.elf.dir/SYSTEM/Src/motor.c.obj
 .comment       0x00000049       0x4a CMakeFiles/MYCAR-CLION.elf.dir/SYSTEM/Src/myconfig.c.obj
 .comment       0x00000049       0x4a CMakeFiles/MYCAR-CLION.elf.dir/SYSTEM/Src/nvic.c.obj
 .comment       0x00000049       0x4a CMakeFiles/MYCAR-CLION.elf.dir/SYSTEM/Src/pid.c.obj
 .comment       0x00000049       0x4a CMakeFiles/MYCAR-CLION.elf.dir/SYSTEM/Src/systick.c.obj
 .comment       0x00000049       0x4a CMakeFiles/MYCAR-CLION.elf.dir/SYSTEM/Src/tim1.c.obj
 .comment       0x00000049       0x4a CMakeFiles/MYCAR-CLION.elf.dir/SYSTEM/Src/tim3.c.obj
 .comment       0x00000049       0x4a CMakeFiles/MYCAR-CLION.elf.dir/SYSTEM/Src/usart1.c.obj
 .comment       0x00000049       0x4a CMakeFiles/MYCAR-CLION.elf.dir/Users/Src/main.c.obj
 .comment       0x00000049       0x4a CMakeFiles/MYCAR-CLION.elf.dir/Users/Src/stm32f10x_it.c.obj
 .comment       0x00000049       0x4a CMakeFiles/MYCAR-CLION.elf.dir/Users/Src/system_stm32f10x.c.obj

.debug_frame    0x00000000     0x16e4
 .debug_frame   0x00000000       0x60 CMakeFiles/MYCAR-CLION.elf.dir/STM32F10x_FWLib/Src/misc.c.obj
 .debug_frame   0x00000060      0x160 CMakeFiles/MYCAR-CLION.elf.dir/STM32F10x_FWLib/Src/stm32f10x_gpio.c.obj
 .debug_frame   0x000001c0      0x228 CMakeFiles/MYCAR-CLION.elf.dir/STM32F10x_FWLib/Src/stm32f10x_rcc.c.obj
 .debug_frame   0x000003e8      0x66c CMakeFiles/MYCAR-CLION.elf.dir/STM32F10x_FWLib/Src/stm32f10x_tim.c.obj
 .debug_frame   0x00000a54      0x204 CMakeFiles/MYCAR-CLION.elf.dir/STM32F10x_FWLib/Src/stm32f10x_usart.c.obj
 .debug_frame   0x00000c58      0x1d8 CMakeFiles/MYCAR-CLION.elf.dir/SYSTEM/Src/OLED.c.obj
 .debug_frame   0x00000e30       0x9c CMakeFiles/MYCAR-CLION.elf.dir/SYSTEM/Src/encoder.c.obj
 .debug_frame   0x00000ecc       0xa0 CMakeFiles/MYCAR-CLION.elf.dir/SYSTEM/Src/motor.c.obj
 .debug_frame   0x00000f6c       0xa8 CMakeFiles/MYCAR-CLION.elf.dir/SYSTEM/Src/myconfig.c.obj
 .debug_frame   0x00001014       0x28 CMakeFiles/MYCAR-CLION.elf.dir/SYSTEM/Src/nvic.c.obj
 .debug_frame   0x0000103c       0x60 CMakeFiles/MYCAR-CLION.elf.dir/SYSTEM/Src/pid.c.obj
 .debug_frame   0x0000109c       0x20 CMakeFiles/MYCAR-CLION.elf.dir/SYSTEM/Src/systick.c.obj
 .debug_frame   0x000010bc       0x34 CMakeFiles/MYCAR-CLION.elf.dir/SYSTEM/Src/tim1.c.obj
 .debug_frame   0x000010f0       0x30 CMakeFiles/MYCAR-CLION.elf.dir/SYSTEM/Src/tim3.c.obj
 .debug_frame   0x00001120       0x30 CMakeFiles/MYCAR-CLION.elf.dir/SYSTEM/Src/usart1.c.obj
 .debug_frame   0x00001150       0x28 CMakeFiles/MYCAR-CLION.elf.dir/Users/Src/main.c.obj
 .debug_frame   0x00001178       0xa0 CMakeFiles/MYCAR-CLION.elf.dir/Users/Src/stm32f10x_it.c.obj
 .debug_frame   0x00001218       0x6c CMakeFiles/MYCAR-CLION.elf.dir/Users/Src/system_stm32f10x.c.obj
 .debug_frame   0x00001284       0x24 d:/gcc-arm-none-eabi/bin/../lib/gcc/arm-none-eabi/10.3.1/thumb/v7-m/nofp\libgcc.a(_arm_mulsf3.o)
 .debug_frame   0x000012a8       0xac d:/gcc-arm-none-eabi/bin/../lib/gcc/arm-none-eabi/10.3.1/thumb/v7-m/nofp\libgcc.a(_arm_addsubdf3.o)
 .debug_frame   0x00001354       0x50 d:/gcc-arm-none-eabi/bin/../lib/gcc/arm-none-eabi/10.3.1/thumb/v7-m/nofp\libgcc.a(_arm_muldivdf3.o)
 .debug_frame   0x000013a4       0x24 d:/gcc-arm-none-eabi/bin/../lib/gcc/arm-none-eabi/10.3.1/thumb/v7-m/nofp\libgcc.a(_arm_truncdfsf2.o)
 .debug_frame   0x000013c8       0x4c d:/gcc-arm-none-eabi/bin/../lib/gcc/arm-none-eabi/10.3.1/thumb/v7-m/nofp\libgcc.a(_arm_addsubsf3.o)
 .debug_frame   0x00001414       0xc8 d:/gcc-arm-none-eabi/bin/../lib/gcc/arm-none-eabi/10.3.1/thumb/v7-m/nofp\libgcc.a(_arm_cmpsf2.o)
 .debug_frame   0x000014dc       0x24 d:/gcc-arm-none-eabi/bin/../lib/gcc/arm-none-eabi/10.3.1/thumb/v7-m/nofp\libgcc.a(_arm_fixsfsi.o)
 .debug_frame   0x00001500       0x24 d:/gcc-arm-none-eabi/bin/../lib/gcc/arm-none-eabi/10.3.1/thumb/v7-m/nofp\libgcc.a(_arm_fixunssfsi.o)
 .debug_frame   0x00001524       0x2c d:/gcc-arm-none-eabi/bin/../lib/gcc/arm-none-eabi/10.3.1/../../../../arm-none-eabi/lib/thumb/v7-m/nofp\libg.a(lib_a-init.o)
 .debug_frame   0x00001550       0x5c d:/gcc-arm-none-eabi/bin/../lib/gcc/arm-none-eabi/10.3.1/../../../../arm-none-eabi/lib/thumb/v7-m/nofp\libg.a(lib_a-__call_atexit.o)
 .debug_frame   0x000015ac       0x20 d:/gcc-arm-none-eabi/bin/../lib/gcc/arm-none-eabi/10.3.1/../../../../arm-none-eabi/lib/thumb/v7-m/nofp\libg.a(lib_a-atexit.o)
 .debug_frame   0x000015cc       0x34 d:/gcc-arm-none-eabi/bin/../lib/gcc/arm-none-eabi/10.3.1/../../../../arm-none-eabi/lib/thumb/v7-m/nofp\libg.a(lib_a-fini.o)
 .debug_frame   0x00001600       0xb0 d:/gcc-arm-none-eabi/bin/../lib/gcc/arm-none-eabi/10.3.1/../../../../arm-none-eabi/lib/thumb/v7-m/nofp\libg.a(lib_a-lock.o)
 .debug_frame   0x000016b0       0x34 d:/gcc-arm-none-eabi/bin/../lib/gcc/arm-none-eabi/10.3.1/../../../../arm-none-eabi/lib/thumb/v7-m/nofp\libg.a(lib_a-__atexit.o)
